
  .   ____          _            __ _ _
 /\\ / ___'_ __ _ _(_)_ __  __ _ \ \ \ \
( ( )\___ | '_ | '_| | '_ \/ _` | \ \ \ \
 \\/  ___)| |_)| | | | | || (_| |  ) ) ) )
  '  |____| .__|_| |_|_| |_\__, | / / / /
 =========|_|==============|___/=/_/_/_/
 :: Spring Boot ::                (v3.1.5)

2026-05-17T08:47:01.484+08:00  INFO 58124 --- [           main] com.shiyiju.admin.AdminApplication       : Starting AdminApplication using Java 17.0.19 with PID 58124 (/Users/master/CodeBuddy/art12/backend/shiyiju-admin/target/shiyiju-admin-1.0.0-SNAPSHOT.jar started by master in /Users/master/CodeBuddy/art12/backend)
2026-05-17T08:47:01.485+08:00  INFO 58124 --- [           main] com.shiyiju.admin.AdminApplication       : The following 1 profile is active: "local"
2026-05-17T08:47:01.759+08:00  INFO 58124 --- [           main] .s.d.r.c.RepositoryConfigurationDelegate : Multiple Spring Data modules found, entering strict repository configuration mode
2026-05-17T08:47:01.759+08:00  INFO 58124 --- [           main] .s.d.r.c.RepositoryConfigurationDelegate : Bootstrapping Spring Data Redis repositories in DEFAULT mode.
2026-05-17T08:47:01.770+08:00  INFO 58124 --- [           main] .s.d.r.c.RepositoryConfigurationDelegate : Finished Spring Data repository scanning in 5 ms. Found 0 Redis repository interfaces.
2026-05-17T08:47:02.005+08:00  INFO 58124 --- [           main] o.s.b.w.embedded.tomcat.TomcatWebServer  : Tomcat initialized with port(s): 8090 (http)
2026-05-17T08:47:02.009+08:00  INFO 58124 --- [           main] o.apache.catalina.core.StandardService   : Starting service [Tomcat]
2026-05-17T08:47:02.009+08:00  INFO 58124 --- [           main] o.apache.catalina.core.StandardEngine    : Starting Servlet engine: [Apache Tomcat/10.1.15]
2026-05-17T08:47:02.043+08:00  INFO 58124 --- [           main] o.a.c.c.C.[Tomcat].[localhost].[/]       : Initializing Spring embedded WebApplicationContext
2026-05-17T08:47:02.043+08:00  INFO 58124 --- [           main] w.s.c.ServletWebServerApplicationContext : Root WebApplicationContext: initialization completed in 541 ms
Logging initialized using 'class org.apache.ibatis.logging.stdout.StdOutImpl' adapter.
Get /192.168.1.144 network interface 
Get network interface info: name:en1 (en1)
Initialization Sequence datacenterId:24 workerId:14
 _ _   |_  _ _|_. ___ _ |    _ 
| | |\/|_)(_| | |_\  |_)||_|_\ 
     /               |         
                        3.5.8 
2026-05-17T08:47:02.253+08:00  INFO 58124 --- [           main] com.zaxxer.hikari.HikariDataSource       : HikariPool-1 - Starting...
2026-05-17T08:47:02.325+08:00  INFO 58124 --- [           main] com.zaxxer.hikari.pool.HikariPool        : HikariPool-1 - Added connection com.mysql.cj.jdbc.ConnectionImpl@408613cc
2026-05-17T08:47:02.326+08:00  INFO 58124 --- [           main] com.zaxxer.hikari.HikariDataSource       : HikariPool-1 - Start completed.
2026-05-17T08:47:02.516+08:00  INFO 58124 --- [           main] o.s.b.a.w.s.WelcomePageHandlerMapping    : Adding welcome page: class path resource [static/index.html]
2026-05-17T08:47:02.656+08:00 ERROR 58124 --- [           main] c.b.m.core.MybatisConfiguration          : mapper[com.shiyiju.admin.mapper.PromoterRecordMapper.countByLevel] is ignored, because it exists, maybe from xml file
2026-05-17T08:47:02.717+08:00  INFO 58124 --- [           main] o.s.b.w.embedded.tomcat.TomcatWebServer  : Tomcat started on port(s): 8090 (http) with context path ''
2026-05-17T08:47:02.720+08:00  INFO 58124 --- [           main] com.shiyiju.admin.AdminApplication       : Started AdminApplication in 1.369 seconds (process running for 1.533)
2026-05-17T10:24:36.259+08:00  INFO 58124 --- [nio-8090-exec-1] o.a.c.c.C.[Tomcat].[localhost].[/]       : Initializing Spring DispatcherServlet 'dispatcherServlet'
2026-05-17T10:24:36.260+08:00  INFO 58124 --- [nio-8090-exec-1] o.s.web.servlet.DispatcherServlet        : Initializing Servlet 'dispatcherServlet'
2026-05-17T10:24:36.262+08:00  INFO 58124 --- [nio-8090-exec-1] o.s.web.servlet.DispatcherServlet        : Completed initialization in 2 ms
2026-05-17T10:24:50.298+08:00  WARN 58124 --- [nio-8090-exec-4] ocalVariableTableParameterNameDiscoverer : Using deprecated '-debug' fallback for parameter name resolution. Compile the affected code with '-parameters' instead or avoid its introspection: com.shiyiju.admin.controller.AuctionAdminController
2026-05-17T11:00:33.583+08:00  WARN 58124 --- [nio-8090-exec-2] ocalVariableTableParameterNameDiscoverer : Using deprecated '-debug' fallback for parameter name resolution. Compile the affected code with '-parameters' instead or avoid its introspection: com.shiyiju.admin.controller.ProductAdminController
