2026-05-10T23:07:45.237+08:00  WARN 29635 --- [           main] c.a.nacos.client.logging.NacosLogging    : Load Logback Configuration of Nacos fail, message: Could not initialize Logback Nacos logging from classpath:nacos-logback.xml

  .   ____          _            __ _ _
 /\\ / ___'_ __ _ _(_)_ __  __ _ \ \ \ \
( ( )\___ | '_ | '_| | '_ \/ _` | \ \ \ \
 \\/  ___)| |_)| | | | | || (_| |  ) ) ) )
  '  |____| .__|_| |_|_| |_\__, | / / / /
 =========|_|==============|___/=/_/_/_/
 :: Spring Boot ::                (v3.1.5)

2026-05-10T23:07:45.274+08:00  WARN 29635 --- [           main] c.a.nacos.client.logging.NacosLogging    : Load Logback Configuration of Nacos fail, message: Could not initialize Logback Nacos logging from classpath:nacos-logback.xml
2026-05-10T23:07:45.278+08:00  INFO 29635 --- [           main] com.shiyiju.file.FileApplication         : Starting FileApplication using Java 17.0.19 with PID 29635 (/Users/master/CodeBuddy/art12/backend/shiyiju-file/target/shiyiju-file-1.0.0-SNAPSHOT.jar started by master in /Users/master/CodeBuddy/art12/backend)
2026-05-10T23:07:45.279+08:00 DEBUG 29635 --- [           main] com.shiyiju.file.FileApplication         : Running with Spring Boot v3.1.5, Spring v6.0.13
2026-05-10T23:07:45.279+08:00  INFO 29635 --- [           main] com.shiyiju.file.FileApplication         : No active profile set, falling back to 1 default profile: "default"
2026-05-10T23:07:45.598+08:00  INFO 29635 --- [           main] .s.d.r.c.RepositoryConfigurationDelegate : Multiple Spring Data modules found, entering strict repository configuration mode
2026-05-10T23:07:45.599+08:00  INFO 29635 --- [           main] .s.d.r.c.RepositoryConfigurationDelegate : Bootstrapping Spring Data Redis repositories in DEFAULT mode.
2026-05-10T23:07:45.606+08:00  INFO 29635 --- [           main] .s.d.r.c.RepositoryConfigurationDelegate : Finished Spring Data repository scanning in 2 ms. Found 0 Redis repository interfaces.
2026-05-10T23:07:45.691+08:00  INFO 29635 --- [           main] o.s.cloud.context.scope.GenericScope     : BeanFactory id=b1f2679f-71aa-3489-b24f-df5cae9e25ef
2026-05-10T23:07:45.897+08:00  INFO 29635 --- [           main] o.s.b.w.embedded.tomcat.TomcatWebServer  : Tomcat initialized with port(s): 8087 (http)
2026-05-10T23:07:45.902+08:00  INFO 29635 --- [           main] o.apache.catalina.core.StandardService   : Starting service [Tomcat]
2026-05-10T23:07:45.902+08:00  INFO 29635 --- [           main] o.apache.catalina.core.StandardEngine    : Starting Servlet engine: [Apache Tomcat/10.1.15]
2026-05-10T23:07:45.933+08:00  INFO 29635 --- [           main] o.a.c.c.C.[Tomcat].[localhost].[/]       : Initializing Spring embedded WebApplicationContext
2026-05-10T23:07:45.934+08:00  INFO 29635 --- [           main] w.s.c.ServletWebServerApplicationContext : Root WebApplicationContext: initialization completed in 633 ms
 _ _   |_  _ _|_. ___ _ |    _ 
| | |\/|_)(_| | |_\  |_)||_|_\ 
     /               |         
                        3.5.8 
2026-05-10T23:07:46.366+08:00  INFO 29635 --- [           main] o.s.b.w.embedded.tomcat.TomcatWebServer  : Tomcat started on port(s): 8087 (http) with context path ''
2026-05-10T23:07:46.373+08:00  INFO 29635 --- [           main] com.shiyiju.file.FileApplication         : Started FileApplication in 1.334 seconds (process running for 1.584)
