Standard Commons Logging discovery in action with spring-jcl: please remove commons-logging.jar from classpath in order to avoid potential conflicts
2026-05-10T23:07:40.180+08:00  WARN 29617 --- [           main] c.a.nacos.client.logging.NacosLogging    : Load Logback Configuration of Nacos fail, message: Could not initialize Logback Nacos logging from classpath:nacos-logback.xml

  .   ____          _            __ _ _
 /\\ / ___'_ __ _ _(_)_ __  __ _ \ \ \ \
( ( )\___ | '_ | '_| | '_ \/ _` | \ \ \ \
 \\/  ___)| |_)| | | | | || (_| |  ) ) ) )
  '  |____| .__|_| |_|_| |_\__, | / / / /
 =========|_|==============|___/=/_/_/_/
 :: Spring Boot ::                (v3.1.5)

2026-05-10T23:07:40.214+08:00  WARN 29617 --- [           main] c.a.nacos.client.logging.NacosLogging    : Load Logback Configuration of Nacos fail, message: Could not initialize Logback Nacos logging from classpath:nacos-logback.xml
2026-05-10T23:07:40.217+08:00  INFO 29617 --- [           main] com.shiyiju.order.OrderApplication       : Starting OrderApplication using Java 17.0.19 with PID 29617 (/Users/master/CodeBuddy/art12/backend/shiyiju-order/target/shiyiju-order-1.0.0-SNAPSHOT.jar started by master in /Users/master/CodeBuddy/art12/backend)
2026-05-10T23:07:40.218+08:00 DEBUG 29617 --- [           main] com.shiyiju.order.OrderApplication       : Running with Spring Boot v3.1.5, Spring v6.0.13
2026-05-10T23:07:40.218+08:00  INFO 29617 --- [           main] com.shiyiju.order.OrderApplication       : No active profile set, falling back to 1 default profile: "default"
2026-05-10T23:07:40.559+08:00  INFO 29617 --- [           main] .s.d.r.c.RepositoryConfigurationDelegate : Multiple Spring Data modules found, entering strict repository configuration mode
2026-05-10T23:07:40.560+08:00  INFO 29617 --- [           main] .s.d.r.c.RepositoryConfigurationDelegate : Bootstrapping Spring Data Redis repositories in DEFAULT mode.
2026-05-10T23:07:40.572+08:00  INFO 29617 --- [           main] .s.d.r.c.RepositoryConfigurationDelegate : Finished Spring Data repository scanning in 5 ms. Found 0 Redis repository interfaces.
2026-05-10T23:07:40.655+08:00  INFO 29617 --- [           main] o.s.cloud.context.scope.GenericScope     : BeanFactory id=891c30c7-189d-3980-a8a6-739c66623426
2026-05-10T23:07:40.849+08:00  INFO 29617 --- [           main] o.s.b.w.embedded.tomcat.TomcatWebServer  : Tomcat initialized with port(s): 8083 (http)
2026-05-10T23:07:40.854+08:00  INFO 29617 --- [           main] o.apache.catalina.core.StandardService   : Starting service [Tomcat]
2026-05-10T23:07:40.854+08:00  INFO 29617 --- [           main] o.apache.catalina.core.StandardEngine    : Starting Servlet engine: [Apache Tomcat/10.1.15]
2026-05-10T23:07:40.882+08:00  INFO 29617 --- [           main] o.a.c.c.C.[Tomcat].[localhost].[/]       : Initializing Spring embedded WebApplicationContext
2026-05-10T23:07:40.883+08:00  INFO 29617 --- [           main] w.s.c.ServletWebServerApplicationContext : Root WebApplicationContext: initialization completed in 639 ms
Standard Commons Logging discovery in action with spring-jcl: please remove commons-logging.jar from classpath in order to avoid potential conflicts
 _ _   |_  _ _|_. ___ _ |    _ 
| | |\/|_)(_| | |_\  |_)||_|_\ 
     /               |         
                        3.5.8 
2026-05-10T23:07:41.428+08:00  INFO 29617 --- [           main] o.s.b.w.embedded.tomcat.TomcatWebServer  : Tomcat started on port(s): 8083 (http) with context path ''
2026-05-10T23:07:41.434+08:00  INFO 29617 --- [           main] com.shiyiju.order.OrderApplication       : Started OrderApplication in 1.416 seconds (process running for 1.652)
