Standard Commons Logging discovery in action with spring-jcl: please remove commons-logging.jar from classpath in order to avoid potential conflicts
2026-05-17T08:39:33.884+08:00  WARN 55187 --- [           main] c.a.nacos.client.logging.NacosLogging    : Load Logback Configuration of Nacos fail, message: Could not initialize Logback Nacos logging from classpath:nacos-logback.xml

  .   ____          _            __ _ _
 /\\ / ___'_ __ _ _(_)_ __  __ _ \ \ \ \
( ( )\___ | '_ | '_| | '_ \/ _` | \ \ \ \
 \\/  ___)| |_)| | | | | || (_| |  ) ) ) )
  '  |____| .__|_| |_|_| |_\__, | / / / /
 =========|_|==============|___/=/_/_/_/
 :: Spring Boot ::                (v3.1.5)

2026-05-17T08:39:33.911+08:00  WARN 55187 --- [           main] c.a.nacos.client.logging.NacosLogging    : Load Logback Configuration of Nacos fail, message: Could not initialize Logback Nacos logging from classpath:nacos-logback.xml
2026-05-17T08:39:33.916+08:00  INFO 55187 --- [           main] com.shiyiju.user.UserApplication         : Starting UserApplication using Java 17.0.19 with PID 55187 (/Users/master/CodeBuddy/art12/backend/shiyiju-user/target/shiyiju-user-1.0.0-SNAPSHOT-exec.jar started by master in /Users/master/CodeBuddy/art12/backend)
2026-05-17T08:39:33.916+08:00 DEBUG 55187 --- [           main] com.shiyiju.user.UserApplication         : Running with Spring Boot v3.1.5, Spring v6.0.13
2026-05-17T08:39:33.916+08:00  INFO 55187 --- [           main] com.shiyiju.user.UserApplication         : The following 1 profile is active: "local"
2026-05-17T08:39:34.242+08:00  INFO 55187 --- [           main] .s.d.r.c.RepositoryConfigurationDelegate : Multiple Spring Data modules found, entering strict repository configuration mode
2026-05-17T08:39:34.243+08:00  INFO 55187 --- [           main] .s.d.r.c.RepositoryConfigurationDelegate : Bootstrapping Spring Data Redis repositories in DEFAULT mode.
2026-05-17T08:39:34.254+08:00  INFO 55187 --- [           main] .s.d.r.c.RepositoryConfigurationDelegate : Finished Spring Data repository scanning in 5 ms. Found 0 Redis repository interfaces.
2026-05-17T08:39:34.330+08:00  INFO 55187 --- [           main] o.s.cloud.context.scope.GenericScope     : BeanFactory id=eca6365f-24a3-3738-958e-3fd859882018
2026-05-17T08:39:34.529+08:00  INFO 55187 --- [           main] o.s.b.w.embedded.tomcat.TomcatWebServer  : Tomcat initialized with port(s): 8081 (http)
2026-05-17T08:39:34.535+08:00  INFO 55187 --- [           main] o.apache.catalina.core.StandardService   : Starting service [Tomcat]
2026-05-17T08:39:34.535+08:00  INFO 55187 --- [           main] o.apache.catalina.core.StandardEngine    : Starting Servlet engine: [Apache Tomcat/10.1.15]
2026-05-17T08:39:34.573+08:00  INFO 55187 --- [           main] o.a.c.c.C.[Tomcat].[localhost].[/]       : Initializing Spring embedded WebApplicationContext
2026-05-17T08:39:34.574+08:00  INFO 55187 --- [           main] w.s.c.ServletWebServerApplicationContext : Root WebApplicationContext: initialization completed in 633 ms
Standard Commons Logging discovery in action with spring-jcl: please remove commons-logging.jar from classpath in order to avoid potential conflicts
Logging initialized using 'class org.apache.ibatis.logging.stdout.StdOutImpl' adapter.
Get /192.168.1.144 network interface 
Get network interface info: name:en1 (en1)
Initialization Sequence datacenterId:24 workerId:14
 _ _   |_  _ _|_. ___ _ |    _ 
| | |\/|_)(_| | |_\  |_)||_|_\ 
     /               |         
                        3.5.8 
2026-05-17T08:39:34.926+08:00  INFO 55187 --- [           main] com.zaxxer.hikari.HikariDataSource       : HikariPool-1 - Starting...
2026-05-17T08:39:35.000+08:00  INFO 55187 --- [           main] com.zaxxer.hikari.pool.HikariPool        : HikariPool-1 - Added connection com.mysql.cj.jdbc.ConnectionImpl@432034a
2026-05-17T08:39:35.001+08:00  INFO 55187 --- [           main] com.zaxxer.hikari.HikariDataSource       : HikariPool-1 - Start completed.
2026-05-17T08:39:35.217+08:00  INFO 55187 --- [           main] o.s.b.w.embedded.tomcat.TomcatWebServer  : Tomcat started on port(s): 8081 (http) with context path ''
2026-05-17T08:39:35.224+08:00  INFO 55187 --- [           main] com.shiyiju.user.UserApplication         : Started UserApplication in 1.498 seconds (process running for 1.689)
2026-05-17T08:39:55.811+08:00  INFO 55187 --- [nio-8081-exec-1] o.a.c.c.C.[Tomcat].[localhost].[/]       : Initializing Spring DispatcherServlet 'dispatcherServlet'
2026-05-17T08:39:55.811+08:00  INFO 55187 --- [nio-8081-exec-1] o.s.web.servlet.DispatcherServlet        : Initializing Servlet 'dispatcherServlet'
2026-05-17T08:39:55.812+08:00  INFO 55187 --- [nio-8081-exec-1] o.s.web.servlet.DispatcherServlet        : Completed initialization in 1 ms
2026-05-17T08:39:55.828+08:00  WARN 55187 --- [nio-8081-exec-1] ocalVariableTableParameterNameDiscoverer : Using deprecated '-debug' fallback for parameter name resolution. Compile the affected code with '-parameters' instead or avoid its introspection: com.shiyiju.user.controller.UserController
Creating a new SqlSession
SqlSession [org.apache.ibatis.session.defaults.DefaultSqlSession@466af226] was not registered for synchronization because synchronization is not active
JDBC Connection [HikariProxyConnection@2132382875 wrapping com.mysql.cj.jdbc.ConnectionImpl@432034a] will not be managed by Spring
==>  Preparing: SELECT id,uid,openid,unionid,nickname,avatar,phone,gender,birthday,bio,region,identities,status,follower_count,following_count,register_time,last_login_time,create_time,update_time,deleted FROM users WHERE id=? AND deleted=0
==> Parameters: 47(Long)
<==    Columns: id, uid, openid, unionid, nickname, avatar, phone, gender, birthday, bio, region, identities, status, follower_count, following_count, register_time, last_login_time, create_time, update_time, deleted
<==        Row: 47, USR202605130001UBZ0, null, null, 孟儒, http://127.0.0.1:8087/upload/images/2026/05/15/dcc33714cef643d484c45ec90b578cb7.png, , 0, null, null, null, artist,collector,promoter, 1, 0, 0, null, null, 2026-05-13 19:58:00, 2026-05-15 22:08:55, 0
<==      Total: 1
Closing non transactional SqlSession [org.apache.ibatis.session.defaults.DefaultSqlSession@466af226]
Creating a new SqlSession
SqlSession [org.apache.ibatis.session.defaults.DefaultSqlSession@1942fc4a] was not registered for synchronization because synchronization is not active
JDBC Connection [HikariProxyConnection@6862617 wrapping com.mysql.cj.jdbc.ConnectionImpl@432034a] will not be managed by Spring
==>  Preparing: SELECT id,artist_code,user_id,real_name,id_card,resume,artworks,exhibits,status,reject_reason,review_time,create_time,update_time FROM artist_certifications WHERE (user_id = ? AND status = ?)
==> Parameters: 47(Long), 1(Integer)
<==      Total: 0
Closing non transactional SqlSession [org.apache.ibatis.session.defaults.DefaultSqlSession@1942fc4a]
Creating a new SqlSession
SqlSession [org.apache.ibatis.session.defaults.DefaultSqlSession@293c8b23] was not registered for synchronization because synchronization is not active
JDBC Connection [HikariProxyConnection@1816006752 wrapping com.mysql.cj.jdbc.ConnectionImpl@432034a] will not be managed by Spring
==>  Preparing: SELECT id,uid,openid,unionid,nickname,avatar,phone,gender,birthday,bio,region,identities,status,follower_count,following_count,register_time,last_login_time,create_time,update_time,deleted FROM users WHERE id=? AND deleted=0
==> Parameters: 47(Long)
<==    Columns: id, uid, openid, unionid, nickname, avatar, phone, gender, birthday, bio, region, identities, status, follower_count, following_count, register_time, last_login_time, create_time, update_time, deleted
<==        Row: 47, USR202605130001UBZ0, null, null, 孟儒, http://127.0.0.1:8087/upload/images/2026/05/15/dcc33714cef643d484c45ec90b578cb7.png, , 0, null, null, null, artist,collector,promoter, 1, 0, 0, null, null, 2026-05-13 19:58:00, 2026-05-15 22:08:55, 0
<==      Total: 1
Closing non transactional SqlSession [org.apache.ibatis.session.defaults.DefaultSqlSession@293c8b23]
Creating a new SqlSession
SqlSession [org.apache.ibatis.session.defaults.DefaultSqlSession@25f2f343] was not registered for synchronization because synchronization is not active
JDBC Connection [HikariProxyConnection@385786754 wrapping com.mysql.cj.jdbc.ConnectionImpl@432034a] will not be managed by Spring
==>  Preparing: SELECT id,artist_code,user_id,real_name,id_card,resume,artworks,exhibits,status,reject_reason,review_time,create_time,update_time FROM artist_certifications WHERE (user_id = ? AND status = ?)
==> Parameters: 47(Long), 1(Integer)
<==      Total: 0
Closing non transactional SqlSession [org.apache.ibatis.session.defaults.DefaultSqlSession@25f2f343]
Creating a new SqlSession
SqlSession [org.apache.ibatis.session.defaults.DefaultSqlSession@17af9861] was not registered for synchronization because synchronization is not active
JDBC Connection [HikariProxyConnection@426271972 wrapping com.mysql.cj.jdbc.ConnectionImpl@432034a] will not be managed by Spring
==>  Preparing: SELECT id,uid,openid,unionid,nickname,avatar,phone,gender,birthday,bio,region,identities,status,follower_count,following_count,register_time,last_login_time,create_time,update_time,deleted FROM users WHERE id=? AND deleted=0
==> Parameters: 47(Long)
<==    Columns: id, uid, openid, unionid, nickname, avatar, phone, gender, birthday, bio, region, identities, status, follower_count, following_count, register_time, last_login_time, create_time, update_time, deleted
<==        Row: 47, USR202605130001UBZ0, null, null, 孟儒, http://127.0.0.1:8087/upload/images/2026/05/15/dcc33714cef643d484c45ec90b578cb7.png, , 0, null, null, null, artist,collector,promoter, 1, 0, 0, null, null, 2026-05-13 19:58:00, 2026-05-15 22:08:55, 0
<==      Total: 1
Closing non transactional SqlSession [org.apache.ibatis.session.defaults.DefaultSqlSession@17af9861]
Creating a new SqlSession
SqlSession [org.apache.ibatis.session.defaults.DefaultSqlSession@1b0018fa] was not registered for synchronization because synchronization is not active
JDBC Connection [HikariProxyConnection@1433038100 wrapping com.mysql.cj.jdbc.ConnectionImpl@432034a] will not be managed by Spring
==>  Preparing: SELECT id,artist_code,user_id,real_name,id_card,resume,artworks,exhibits,status,reject_reason,review_time,create_time,update_time FROM artist_certifications WHERE (user_id = ? AND status = ?)
==> Parameters: 47(Long), 1(Integer)
<==      Total: 0
Closing non transactional SqlSession [org.apache.ibatis.session.defaults.DefaultSqlSession@1b0018fa]
Creating a new SqlSession
SqlSession [org.apache.ibatis.session.defaults.DefaultSqlSession@2238c2f0] was not registered for synchronization because synchronization is not active
JDBC Connection [HikariProxyConnection@754923719 wrapping com.mysql.cj.jdbc.ConnectionImpl@432034a] will not be managed by Spring
==>  Preparing: SELECT id,uid,openid,unionid,nickname,avatar,phone,gender,birthday,bio,region,identities,status,follower_count,following_count,register_time,last_login_time,create_time,update_time,deleted FROM users WHERE id=? AND deleted=0
==> Parameters: 47(Long)
<==    Columns: id, uid, openid, unionid, nickname, avatar, phone, gender, birthday, bio, region, identities, status, follower_count, following_count, register_time, last_login_time, create_time, update_time, deleted
<==        Row: 47, USR202605130001UBZ0, null, null, 孟儒, http://127.0.0.1:8087/upload/images/2026/05/15/dcc33714cef643d484c45ec90b578cb7.png, , 0, null, null, null, artist,collector,promoter, 1, 0, 0, null, null, 2026-05-13 19:58:00, 2026-05-15 22:08:55, 0
<==      Total: 1
Closing non transactional SqlSession [org.apache.ibatis.session.defaults.DefaultSqlSession@2238c2f0]
Creating a new SqlSession
SqlSession [org.apache.ibatis.session.defaults.DefaultSqlSession@7bf26af5] was not registered for synchronization because synchronization is not active
JDBC Connection [HikariProxyConnection@1857464242 wrapping com.mysql.cj.jdbc.ConnectionImpl@432034a] will not be managed by Spring
==>  Preparing: SELECT id,artist_code,user_id,real_name,id_card,resume,artworks,exhibits,status,reject_reason,review_time,create_time,update_time FROM artist_certifications WHERE (user_id = ? AND status = ?)
==> Parameters: 47(Long), 1(Integer)
<==      Total: 0
Closing non transactional SqlSession [org.apache.ibatis.session.defaults.DefaultSqlSession@7bf26af5]
Creating a new SqlSession
SqlSession [org.apache.ibatis.session.defaults.DefaultSqlSession@4bbab0d8] was not registered for synchronization because synchronization is not active
JDBC Connection [HikariProxyConnection@1165838303 wrapping com.mysql.cj.jdbc.ConnectionImpl@432034a] will not be managed by Spring
==>  Preparing: SELECT id,uid,openid,unionid,nickname,avatar,phone,gender,birthday,bio,region,identities,status,follower_count,following_count,register_time,last_login_time,create_time,update_time,deleted FROM users WHERE id=? AND deleted=0
==> Parameters: 47(Long)
<==    Columns: id, uid, openid, unionid, nickname, avatar, phone, gender, birthday, bio, region, identities, status, follower_count, following_count, register_time, last_login_time, create_time, update_time, deleted
<==        Row: 47, USR202605130001UBZ0, null, null, 孟儒, http://127.0.0.1:8087/upload/images/2026/05/15/dcc33714cef643d484c45ec90b578cb7.png, , 0, null, null, null, artist,collector,promoter, 1, 0, 0, null, null, 2026-05-13 19:58:00, 2026-05-15 22:08:55, 0
<==      Total: 1
Closing non transactional SqlSession [org.apache.ibatis.session.defaults.DefaultSqlSession@4bbab0d8]
Creating a new SqlSession
SqlSession [org.apache.ibatis.session.defaults.DefaultSqlSession@9d314d9] was not registered for synchronization because synchronization is not active
JDBC Connection [HikariProxyConnection@972288001 wrapping com.mysql.cj.jdbc.ConnectionImpl@432034a] will not be managed by Spring
==>  Preparing: SELECT id,artist_code,user_id,real_name,id_card,resume,artworks,exhibits,status,reject_reason,review_time,create_time,update_time FROM artist_certifications WHERE (user_id = ? AND status = ?)
==> Parameters: 47(Long), 1(Integer)
<==      Total: 0
Closing non transactional SqlSession [org.apache.ibatis.session.defaults.DefaultSqlSession@9d314d9]
Creating a new SqlSession
SqlSession [org.apache.ibatis.session.defaults.DefaultSqlSession@2878692d] was not registered for synchronization because synchronization is not active
JDBC Connection [HikariProxyConnection@650089042 wrapping com.mysql.cj.jdbc.ConnectionImpl@432034a] will not be managed by Spring
==>  Preparing: SELECT id,uid,openid,unionid,nickname,avatar,phone,gender,birthday,bio,region,identities,status,follower_count,following_count,register_time,last_login_time,create_time,update_time,deleted FROM users WHERE id=? AND deleted=0
==> Parameters: 47(Long)
<==    Columns: id, uid, openid, unionid, nickname, avatar, phone, gender, birthday, bio, region, identities, status, follower_count, following_count, register_time, last_login_time, create_time, update_time, deleted
<==        Row: 47, USR202605130001UBZ0, null, null, 孟儒, http://127.0.0.1:8087/upload/images/2026/05/15/dcc33714cef643d484c45ec90b578cb7.png, , 0, null, null, null, artist,collector,promoter, 1, 0, 0, null, null, 2026-05-13 19:58:00, 2026-05-15 22:08:55, 0
<==      Total: 1
Closing non transactional SqlSession [org.apache.ibatis.session.defaults.DefaultSqlSession@2878692d]
Creating a new SqlSession
SqlSession [org.apache.ibatis.session.defaults.DefaultSqlSession@79759b67] was not registered for synchronization because synchronization is not active
JDBC Connection [HikariProxyConnection@1175541939 wrapping com.mysql.cj.jdbc.ConnectionImpl@432034a] will not be managed by Spring
==>  Preparing: SELECT id,artist_code,user_id,real_name,id_card,resume,artworks,exhibits,status,reject_reason,review_time,create_time,update_time FROM artist_certifications WHERE (user_id = ? AND status = ?)
==> Parameters: 47(Long), 1(Integer)
<==      Total: 0
Closing non transactional SqlSession [org.apache.ibatis.session.defaults.DefaultSqlSession@79759b67]
Creating a new SqlSession
SqlSession [org.apache.ibatis.session.defaults.DefaultSqlSession@300392a1] was not registered for synchronization because synchronization is not active
JDBC Connection [HikariProxyConnection@1053059793 wrapping com.mysql.cj.jdbc.ConnectionImpl@432034a] will not be managed by Spring
==>  Preparing: SELECT id,uid,openid,unionid,nickname,avatar,phone,gender,birthday,bio,region,identities,status,follower_count,following_count,register_time,last_login_time,create_time,update_time,deleted FROM users WHERE id=? AND deleted=0
==> Parameters: 47(Long)
<==    Columns: id, uid, openid, unionid, nickname, avatar, phone, gender, birthday, bio, region, identities, status, follower_count, following_count, register_time, last_login_time, create_time, update_time, deleted
<==        Row: 47, USR202605130001UBZ0, null, null, 孟儒, http://127.0.0.1:8087/upload/images/2026/05/15/dcc33714cef643d484c45ec90b578cb7.png, , 0, null, null, null, artist,collector,promoter, 1, 0, 0, null, null, 2026-05-13 19:58:00, 2026-05-15 22:08:55, 0
<==      Total: 1
Closing non transactional SqlSession [org.apache.ibatis.session.defaults.DefaultSqlSession@300392a1]
Creating a new SqlSession
SqlSession [org.apache.ibatis.session.defaults.DefaultSqlSession@3f62bb76] was not registered for synchronization because synchronization is not active
JDBC Connection [HikariProxyConnection@1578714070 wrapping com.mysql.cj.jdbc.ConnectionImpl@432034a] will not be managed by Spring
==>  Preparing: SELECT id,artist_code,user_id,real_name,id_card,resume,artworks,exhibits,status,reject_reason,review_time,create_time,update_time FROM artist_certifications WHERE (user_id = ? AND status = ?)
==> Parameters: 47(Long), 1(Integer)
<==      Total: 0
Closing non transactional SqlSession [org.apache.ibatis.session.defaults.DefaultSqlSession@3f62bb76]
2026-05-17T08:40:36.127+08:00  WARN 55187 --- [nio-8081-exec-8] ocalVariableTableParameterNameDiscoverer : Using deprecated '-debug' fallback for parameter name resolution. Compile the affected code with '-parameters' instead or avoid its introspection: com.shiyiju.user.controller.ArtistAnalyticsController
2026-05-17T08:40:36.202+08:00  WARN 55187 --- [io-8081-exec-10] com.shiyiju.user.service.UserService     : 查询粉丝趋势失败: PreparedStatementCallback; bad SQL grammar [SELECT DATE(create_time) AS day, COUNT(*) AS count FROM user_follows WHERE follow_user_id = ? AND create_time >= ? GROUP BY DATE(create_time) ORDER BY day]
2026-05-17T08:40:36.216+08:00  WARN 55187 --- [nio-8081-exec-2] com.shiyiju.user.service.UserService     : 查询地域分布失败: PreparedStatementCallback; bad SQL grammar [SELECT COALESCE(NULLIF(u.region,''),'未知') AS region, COUNT(*) AS count FROM user_follows f JOIN users u ON f.user_id = u.id WHERE f.follow_user_id = ? AND u.region IS NOT NULL GROUP BY region ORDER BY count DESC LIMIT 10]
2026-05-17T08:40:36.217+08:00  WARN 55187 --- [nio-8081-exec-2] com.shiyiju.user.service.UserService     : 查询性别分布失败: PreparedStatementCallback; bad SQL grammar [SELECT u.gender, COUNT(*) AS count FROM user_follows f JOIN users u ON f.user_id = u.id WHERE f.follow_user_id = ? GROUP BY u.gender]
Creating a new SqlSession
SqlSession [org.apache.ibatis.session.defaults.DefaultSqlSession@6e81f117] was not registered for synchronization because synchronization is not active
JDBC Connection [HikariProxyConnection@1127904133 wrapping com.mysql.cj.jdbc.ConnectionImpl@432034a] will not be managed by Spring
==>  Preparing: SELECT id,uid,openid,unionid,nickname,avatar,phone,gender,birthday,bio,region,identities,status,follower_count,following_count,register_time,last_login_time,create_time,update_time,deleted FROM users WHERE id=? AND deleted=0
==> Parameters: 47(Long)
<==    Columns: id, uid, openid, unionid, nickname, avatar, phone, gender, birthday, bio, region, identities, status, follower_count, following_count, register_time, last_login_time, create_time, update_time, deleted
<==        Row: 47, USR202605130001UBZ0, null, null, 孟儒, http://127.0.0.1:8087/upload/images/2026/05/15/dcc33714cef643d484c45ec90b578cb7.png, , 0, null, null, null, artist,collector,promoter, 1, 0, 0, null, null, 2026-05-13 19:58:00, 2026-05-15 22:08:55, 0
<==      Total: 1
Closing non transactional SqlSession [org.apache.ibatis.session.defaults.DefaultSqlSession@6e81f117]
Creating a new SqlSession
SqlSession [org.apache.ibatis.session.defaults.DefaultSqlSession@65fc7697] was not registered for synchronization because synchronization is not active
JDBC Connection [HikariProxyConnection@747144615 wrapping com.mysql.cj.jdbc.ConnectionImpl@432034a] will not be managed by Spring
==>  Preparing: SELECT id,artist_code,user_id,real_name,id_card,resume,artworks,exhibits,status,reject_reason,review_time,create_time,update_time FROM artist_certifications WHERE (user_id = ? AND status = ?)
==> Parameters: 47(Long), 1(Integer)
<==      Total: 0
Closing non transactional SqlSession [org.apache.ibatis.session.defaults.DefaultSqlSession@65fc7697]
Creating a new SqlSession
SqlSession [org.apache.ibatis.session.defaults.DefaultSqlSession@1463bcda] was not registered for synchronization because synchronization is not active
JDBC Connection [HikariProxyConnection@92739411 wrapping com.mysql.cj.jdbc.ConnectionImpl@432034a] will not be managed by Spring
==>  Preparing: SELECT id,uid,openid,unionid,nickname,avatar,phone,gender,birthday,bio,region,identities,status,follower_count,following_count,register_time,last_login_time,create_time,update_time,deleted FROM users WHERE id=? AND deleted=0
==> Parameters: 47(Long)
<==    Columns: id, uid, openid, unionid, nickname, avatar, phone, gender, birthday, bio, region, identities, status, follower_count, following_count, register_time, last_login_time, create_time, update_time, deleted
<==        Row: 47, USR202605130001UBZ0, null, null, 孟儒, http://127.0.0.1:8087/upload/images/2026/05/15/dcc33714cef643d484c45ec90b578cb7.png, , 0, null, null, null, artist,collector,promoter, 1, 0, 0, null, null, 2026-05-13 19:58:00, 2026-05-15 22:08:55, 0
<==      Total: 1
Closing non transactional SqlSession [org.apache.ibatis.session.defaults.DefaultSqlSession@1463bcda]
Creating a new SqlSession
SqlSession [org.apache.ibatis.session.defaults.DefaultSqlSession@7668b449] was not registered for synchronization because synchronization is not active
JDBC Connection [HikariProxyConnection@1021116261 wrapping com.mysql.cj.jdbc.ConnectionImpl@432034a] will not be managed by Spring
==>  Preparing: SELECT id,artist_code,user_id,real_name,id_card,resume,artworks,exhibits,status,reject_reason,review_time,create_time,update_time FROM artist_certifications WHERE (user_id = ? AND status = ?)
==> Parameters: 47(Long), 1(Integer)
<==      Total: 0
Closing non transactional SqlSession [org.apache.ibatis.session.defaults.DefaultSqlSession@7668b449]
Creating a new SqlSession
SqlSession [org.apache.ibatis.session.defaults.DefaultSqlSession@75b22f8] was not registered for synchronization because synchronization is not active
JDBC Connection [HikariProxyConnection@1822746173 wrapping com.mysql.cj.jdbc.ConnectionImpl@432034a] will not be managed by Spring
==>  Preparing: SELECT id,uid,openid,unionid,nickname,avatar,phone,gender,birthday,bio,region,identities,status,follower_count,following_count,register_time,last_login_time,create_time,update_time,deleted FROM users WHERE id=? AND deleted=0
==> Parameters: 47(Long)
<==    Columns: id, uid, openid, unionid, nickname, avatar, phone, gender, birthday, bio, region, identities, status, follower_count, following_count, register_time, last_login_time, create_time, update_time, deleted
<==        Row: 47, USR202605130001UBZ0, null, null, 孟儒, http://127.0.0.1:8087/upload/images/2026/05/15/dcc33714cef643d484c45ec90b578cb7.png, , 0, null, null, null, artist,collector,promoter, 1, 0, 0, null, null, 2026-05-13 19:58:00, 2026-05-15 22:08:55, 0
<==      Total: 1
Closing non transactional SqlSession [org.apache.ibatis.session.defaults.DefaultSqlSession@75b22f8]
Creating a new SqlSession
SqlSession [org.apache.ibatis.session.defaults.DefaultSqlSession@57b419ad] was not registered for synchronization because synchronization is not active
JDBC Connection [HikariProxyConnection@184684152 wrapping com.mysql.cj.jdbc.ConnectionImpl@432034a] will not be managed by Spring
==>  Preparing: SELECT id,artist_code,user_id,real_name,id_card,resume,artworks,exhibits,status,reject_reason,review_time,create_time,update_time FROM artist_certifications WHERE (user_id = ? AND status = ?)
==> Parameters: 47(Long), 1(Integer)
<==      Total: 0
Closing non transactional SqlSession [org.apache.ibatis.session.defaults.DefaultSqlSession@57b419ad]
Creating a new SqlSession
SqlSession [org.apache.ibatis.session.defaults.DefaultSqlSession@59801bf] was not registered for synchronization because synchronization is not active
JDBC Connection [HikariProxyConnection@789295985 wrapping com.mysql.cj.jdbc.ConnectionImpl@432034a] will not be managed by Spring
==>  Preparing: SELECT id,uid,openid,unionid,nickname,avatar,phone,gender,birthday,bio,region,identities,status,follower_count,following_count,register_time,last_login_time,create_time,update_time,deleted FROM users WHERE id=? AND deleted=0
==> Parameters: 47(Long)
<==    Columns: id, uid, openid, unionid, nickname, avatar, phone, gender, birthday, bio, region, identities, status, follower_count, following_count, register_time, last_login_time, create_time, update_time, deleted
<==        Row: 47, USR202605130001UBZ0, null, null, 孟儒, http://127.0.0.1:8087/upload/images/2026/05/15/dcc33714cef643d484c45ec90b578cb7.png, , 0, null, null, null, artist,collector,promoter, 1, 0, 0, null, null, 2026-05-13 19:58:00, 2026-05-15 22:08:55, 0
<==      Total: 1
Closing non transactional SqlSession [org.apache.ibatis.session.defaults.DefaultSqlSession@59801bf]
Creating a new SqlSession
SqlSession [org.apache.ibatis.session.defaults.DefaultSqlSession@48956bbf] was not registered for synchronization because synchronization is not active
JDBC Connection [HikariProxyConnection@2017953225 wrapping com.mysql.cj.jdbc.ConnectionImpl@71c814] will not be managed by Spring
==>  Preparing: SELECT id,uid,openid,unionid,nickname,avatar,phone,gender,birthday,bio,region,identities,status,follower_count,following_count,register_time,last_login_time,create_time,update_time,deleted FROM users WHERE id=? AND deleted=0
==> Parameters: 47(Long)
<==    Columns: id, uid, openid, unionid, nickname, avatar, phone, gender, birthday, bio, region, identities, status, follower_count, following_count, register_time, last_login_time, create_time, update_time, deleted
<==        Row: 47, USR202605130001UBZ0, null, null, 孟儒, http://127.0.0.1:8087/upload/images/2026/05/15/dcc33714cef643d484c45ec90b578cb7.png, , 0, null, null, null, artist,collector,promoter, 1, 0, 0, null, null, 2026-05-13 19:58:00, 2026-05-15 22:08:55, 0
<==      Total: 1
Closing non transactional SqlSession [org.apache.ibatis.session.defaults.DefaultSqlSession@48956bbf]
Creating a new SqlSession
SqlSession [org.apache.ibatis.session.defaults.DefaultSqlSession@3617578d] was not registered for synchronization because synchronization is not active
JDBC Connection [HikariProxyConnection@879850173 wrapping com.mysql.cj.jdbc.ConnectionImpl@432034a] will not be managed by Spring
==>  Preparing: SELECT id,artist_code,user_id,real_name,id_card,resume,artworks,exhibits,status,reject_reason,review_time,create_time,update_time FROM artist_certifications WHERE (user_id = ? AND status = ?)
==> Parameters: 47(Long), 1(Integer)
<==      Total: 0
Closing non transactional SqlSession [org.apache.ibatis.session.defaults.DefaultSqlSession@3617578d]
Creating a new SqlSession
SqlSession [org.apache.ibatis.session.defaults.DefaultSqlSession@d0f4c8c] was not registered for synchronization because synchronization is not active
JDBC Connection [HikariProxyConnection@63484765 wrapping com.mysql.cj.jdbc.ConnectionImpl@432034a] will not be managed by Spring
==>  Preparing: SELECT id,uid,openid,unionid,nickname,avatar,phone,gender,birthday,bio,region,identities,status,follower_count,following_count,register_time,last_login_time,create_time,update_time,deleted FROM users WHERE id=? AND deleted=0
==> Parameters: 47(Long)
<==    Columns: id, uid, openid, unionid, nickname, avatar, phone, gender, birthday, bio, region, identities, status, follower_count, following_count, register_time, last_login_time, create_time, update_time, deleted
<==        Row: 47, USR202605130001UBZ0, null, null, 孟儒, http://127.0.0.1:8087/upload/images/2026/05/15/dcc33714cef643d484c45ec90b578cb7.png, , 0, null, null, null, artist,collector,promoter, 1, 0, 0, null, null, 2026-05-13 19:58:00, 2026-05-15 22:08:55, 0
<==      Total: 1
Closing non transactional SqlSession [org.apache.ibatis.session.defaults.DefaultSqlSession@d0f4c8c]
Creating a new SqlSession
SqlSession [org.apache.ibatis.session.defaults.DefaultSqlSession@3ee751a5] was not registered for synchronization because synchronization is not active
JDBC Connection [HikariProxyConnection@1983506130 wrapping com.mysql.cj.jdbc.ConnectionImpl@71c814] will not be managed by Spring
==>  Preparing: SELECT id,artist_code,user_id,real_name,id_card,resume,artworks,exhibits,status,reject_reason,review_time,create_time,update_time FROM artist_certifications WHERE (user_id = ? AND status = ?)
==> Parameters: 47(Long), 1(Integer)
<==      Total: 0
Closing non transactional SqlSession [org.apache.ibatis.session.defaults.DefaultSqlSession@3ee751a5]
Creating a new SqlSession
SqlSession [org.apache.ibatis.session.defaults.DefaultSqlSession@2d075ee7] was not registered for synchronization because synchronization is not active
JDBC Connection [HikariProxyConnection@117781658 wrapping com.mysql.cj.jdbc.ConnectionImpl@71c814] will not be managed by Spring
==>  Preparing: SELECT id,uid,openid,unionid,nickname,avatar,phone,gender,birthday,bio,region,identities,status,follower_count,following_count,register_time,last_login_time,create_time,update_time,deleted FROM users WHERE id=? AND deleted=0
==> Parameters: 47(Long)
<==    Columns: id, uid, openid, unionid, nickname, avatar, phone, gender, birthday, bio, region, identities, status, follower_count, following_count, register_time, last_login_time, create_time, update_time, deleted
<==        Row: 47, USR202605130001UBZ0, null, null, 孟儒, http://127.0.0.1:8087/upload/images/2026/05/15/dcc33714cef643d484c45ec90b578cb7.png, , 0, null, null, null, artist,collector,promoter, 1, 0, 0, null, null, 2026-05-13 19:58:00, 2026-05-15 22:08:55, 0
<==      Total: 1
Closing non transactional SqlSession [org.apache.ibatis.session.defaults.DefaultSqlSession@2d075ee7]
Creating a new SqlSession
SqlSession [org.apache.ibatis.session.defaults.DefaultSqlSession@32fba730] was not registered for synchronization because synchronization is not active
JDBC Connection [HikariProxyConnection@483225171 wrapping com.mysql.cj.jdbc.ConnectionImpl@432034a] will not be managed by Spring
==>  Preparing: SELECT id,artist_code,user_id,real_name,id_card,resume,artworks,exhibits,status,reject_reason,review_time,create_time,update_time FROM artist_certifications WHERE (user_id = ? AND status = ?)
==> Parameters: 47(Long), 1(Integer)
<==      Total: 0
Closing non transactional SqlSession [org.apache.ibatis.session.defaults.DefaultSqlSession@32fba730]
Creating a new SqlSession
SqlSession [org.apache.ibatis.session.defaults.DefaultSqlSession@6cc694d9] was not registered for synchronization because synchronization is not active
JDBC Connection [HikariProxyConnection@741678637 wrapping com.mysql.cj.jdbc.ConnectionImpl@71c814] will not be managed by Spring
==>  Preparing: SELECT id,artist_code,user_id,real_name,id_card,resume,artworks,exhibits,status,reject_reason,review_time,create_time,update_time FROM artist_certifications WHERE (user_id = ? AND status = ?)
==> Parameters: 47(Long), 1(Integer)
<==      Total: 0
Closing non transactional SqlSession [org.apache.ibatis.session.defaults.DefaultSqlSession@6cc694d9]
Creating a new SqlSession
SqlSession [org.apache.ibatis.session.defaults.DefaultSqlSession@e174665] was not registered for synchronization because synchronization is not active
JDBC Connection [HikariProxyConnection@1882967636 wrapping com.mysql.cj.jdbc.ConnectionImpl@432034a] will not be managed by Spring
==>  Preparing: SELECT id,uid,openid,unionid,nickname,avatar,phone,gender,birthday,bio,region,identities,status,follower_count,following_count,register_time,last_login_time,create_time,update_time,deleted FROM users WHERE id=? AND deleted=0
==> Parameters: 47(Long)
<==    Columns: id, uid, openid, unionid, nickname, avatar, phone, gender, birthday, bio, region, identities, status, follower_count, following_count, register_time, last_login_time, create_time, update_time, deleted
<==        Row: 47, USR202605130001UBZ0, null, null, 孟儒, http://127.0.0.1:8087/upload/images/2026/05/15/dcc33714cef643d484c45ec90b578cb7.png, , 0, null, null, null, artist,collector,promoter, 1, 0, 0, null, null, 2026-05-13 19:58:00, 2026-05-15 22:08:55, 0
<==      Total: 1
Closing non transactional SqlSession [org.apache.ibatis.session.defaults.DefaultSqlSession@e174665]
Creating a new SqlSession
SqlSession [org.apache.ibatis.session.defaults.DefaultSqlSession@5bebc106] was not registered for synchronization because synchronization is not active
JDBC Connection [HikariProxyConnection@1939472305 wrapping com.mysql.cj.jdbc.ConnectionImpl@432034a] will not be managed by Spring
==>  Preparing: SELECT id,artist_code,user_id,real_name,id_card,resume,artworks,exhibits,status,reject_reason,review_time,create_time,update_time FROM artist_certifications WHERE (user_id = ? AND status = ?)
==> Parameters: 47(Long), 1(Integer)
<==      Total: 0
Closing non transactional SqlSession [org.apache.ibatis.session.defaults.DefaultSqlSession@5bebc106]
Creating a new SqlSession
SqlSession [org.apache.ibatis.session.defaults.DefaultSqlSession@24f1f7c1] was not registered for synchronization because synchronization is not active
JDBC Connection [HikariProxyConnection@966340073 wrapping com.mysql.cj.jdbc.ConnectionImpl@432034a] will not be managed by Spring
==>  Preparing: SELECT id,uid,openid,unionid,nickname,avatar,phone,gender,birthday,bio,region,identities,status,follower_count,following_count,register_time,last_login_time,create_time,update_time,deleted FROM users WHERE id=? AND deleted=0
==> Parameters: 47(Long)
<==    Columns: id, uid, openid, unionid, nickname, avatar, phone, gender, birthday, bio, region, identities, status, follower_count, following_count, register_time, last_login_time, create_time, update_time, deleted
<==        Row: 47, USR202605130001UBZ0, null, null, 孟儒, http://127.0.0.1:8087/upload/images/2026/05/15/dcc33714cef643d484c45ec90b578cb7.png, , 0, null, null, null, artist,collector,promoter, 1, 0, 0, null, null, 2026-05-13 19:58:00, 2026-05-15 22:08:55, 0
<==      Total: 1
Closing non transactional SqlSession [org.apache.ibatis.session.defaults.DefaultSqlSession@24f1f7c1]
Creating a new SqlSession
SqlSession [org.apache.ibatis.session.defaults.DefaultSqlSession@3da162c1] was not registered for synchronization because synchronization is not active
JDBC Connection [HikariProxyConnection@995505755 wrapping com.mysql.cj.jdbc.ConnectionImpl@432034a] will not be managed by Spring
==>  Preparing: SELECT id,artist_code,user_id,real_name,id_card,resume,artworks,exhibits,status,reject_reason,review_time,create_time,update_time FROM artist_certifications WHERE (user_id = ? AND status = ?)
==> Parameters: 47(Long), 1(Integer)
<==      Total: 0
Closing non transactional SqlSession [org.apache.ibatis.session.defaults.DefaultSqlSession@3da162c1]
Creating a new SqlSession
SqlSession [org.apache.ibatis.session.defaults.DefaultSqlSession@3de3c342] was not registered for synchronization because synchronization is not active
JDBC Connection [HikariProxyConnection@641719244 wrapping com.mysql.cj.jdbc.ConnectionImpl@432034a] will not be managed by Spring
==>  Preparing: SELECT id,uid,openid,unionid,nickname,avatar,phone,gender,birthday,bio,region,identities,status,follower_count,following_count,register_time,last_login_time,create_time,update_time,deleted FROM users WHERE id=? AND deleted=0
==> Parameters: 47(Long)
<==    Columns: id, uid, openid, unionid, nickname, avatar, phone, gender, birthday, bio, region, identities, status, follower_count, following_count, register_time, last_login_time, create_time, update_time, deleted
<==        Row: 47, USR202605130001UBZ0, null, null, 孟儒, http://127.0.0.1:8087/upload/images/2026/05/15/dcc33714cef643d484c45ec90b578cb7.png, , 0, null, null, null, artist,collector,promoter, 1, 0, 0, null, null, 2026-05-13 19:58:00, 2026-05-15 22:08:55, 0
<==      Total: 1
Closing non transactional SqlSession [org.apache.ibatis.session.defaults.DefaultSqlSession@3de3c342]
Creating a new SqlSession
SqlSession [org.apache.ibatis.session.defaults.DefaultSqlSession@53b0f9fe] was not registered for synchronization because synchronization is not active
JDBC Connection [HikariProxyConnection@1007305942 wrapping com.mysql.cj.jdbc.ConnectionImpl@432034a] will not be managed by Spring
==>  Preparing: SELECT id,artist_code,user_id,real_name,id_card,resume,artworks,exhibits,status,reject_reason,review_time,create_time,update_time FROM artist_certifications WHERE (user_id = ? AND status = ?)
==> Parameters: 47(Long), 1(Integer)
<==      Total: 0
Closing non transactional SqlSession [org.apache.ibatis.session.defaults.DefaultSqlSession@53b0f9fe]
2026-05-17T08:43:08.382+08:00  WARN 55187 --- [nio-8081-exec-8] com.shiyiju.user.service.UserService     : 查询粉丝趋势失败: PreparedStatementCallback; bad SQL grammar [SELECT DATE(create_time) AS day, COUNT(*) AS count FROM user_follows WHERE follow_user_id = ? AND create_time >= ? GROUP BY DATE(create_time) ORDER BY day]
2026-05-17T08:43:08.402+08:00  WARN 55187 --- [nio-8081-exec-9] com.shiyiju.user.service.UserService     : 查询地域分布失败: PreparedStatementCallback; bad SQL grammar [SELECT COALESCE(NULLIF(u.region,''),'未知') AS region, COUNT(*) AS count FROM user_follows f JOIN users u ON f.user_id = u.id WHERE f.follow_user_id = ? AND u.region IS NOT NULL GROUP BY region ORDER BY count DESC LIMIT 10]
2026-05-17T08:43:08.403+08:00  WARN 55187 --- [nio-8081-exec-9] com.shiyiju.user.service.UserService     : 查询性别分布失败: PreparedStatementCallback; bad SQL grammar [SELECT u.gender, COUNT(*) AS count FROM user_follows f JOIN users u ON f.user_id = u.id WHERE f.follow_user_id = ? GROUP BY u.gender]
2026-05-17T08:43:10.864+08:00  WARN 55187 --- [nio-8081-exec-2] com.shiyiju.user.service.UserService     : 查询地域分布失败: PreparedStatementCallback; bad SQL grammar [SELECT COALESCE(NULLIF(u.region,''),'未知') AS region, COUNT(*) AS count FROM user_follows f JOIN users u ON f.user_id = u.id WHERE f.follow_user_id = ? AND u.region IS NOT NULL GROUP BY region ORDER BY count DESC LIMIT 10]
2026-05-17T08:43:10.865+08:00  WARN 55187 --- [nio-8081-exec-2] com.shiyiju.user.service.UserService     : 查询性别分布失败: PreparedStatementCallback; bad SQL grammar [SELECT u.gender, COUNT(*) AS count FROM user_follows f JOIN users u ON f.user_id = u.id WHERE f.follow_user_id = ? GROUP BY u.gender]
2026-05-17T08:43:10.867+08:00  WARN 55187 --- [nio-8081-exec-1] com.shiyiju.user.service.UserService     : 查询粉丝趋势失败: PreparedStatementCallback; bad SQL grammar [SELECT DATE(create_time) AS day, COUNT(*) AS count FROM user_follows WHERE follow_user_id = ? AND create_time >= ? GROUP BY DATE(create_time) ORDER BY day]
2026-05-17T10:27:53.239+08:00  WARN 55187 --- [nio-8081-exec-8] com.shiyiju.user.service.UserService     : 查询地域分布失败: PreparedStatementCallback; bad SQL grammar [SELECT COALESCE(NULLIF(u.region,''),'未知') AS region, COUNT(*) AS count FROM user_follows f JOIN users u ON f.user_id = u.id WHERE f.follow_user_id = ? AND u.region IS NOT NULL GROUP BY region ORDER BY count DESC LIMIT 10]
2026-05-17T10:27:53.245+08:00  WARN 55187 --- [nio-8081-exec-7] com.shiyiju.user.service.UserService     : 查询粉丝趋势失败: PreparedStatementCallback; bad SQL grammar [SELECT DATE(create_time) AS day, COUNT(*) AS count FROM user_follows WHERE follow_user_id = ? AND create_time >= ? GROUP BY DATE(create_time) ORDER BY day]
2026-05-17T10:27:53.245+08:00  WARN 55187 --- [nio-8081-exec-8] com.shiyiju.user.service.UserService     : 查询性别分布失败: PreparedStatementCallback; bad SQL grammar [SELECT u.gender, COUNT(*) AS count FROM user_follows f JOIN users u ON f.user_id = u.id WHERE f.follow_user_id = ? GROUP BY u.gender]
2026-05-17T10:27:54.784+08:00  WARN 55187 --- [nio-8081-exec-2] com.shiyiju.user.service.UserService     : 查询地域分布失败: PreparedStatementCallback; bad SQL grammar [SELECT COALESCE(NULLIF(u.region,''),'未知') AS region, COUNT(*) AS count FROM user_follows f JOIN users u ON f.user_id = u.id WHERE f.follow_user_id = ? AND u.region IS NOT NULL GROUP BY region ORDER BY count DESC LIMIT 10]
2026-05-17T10:27:54.785+08:00  WARN 55187 --- [nio-8081-exec-2] com.shiyiju.user.service.UserService     : 查询性别分布失败: PreparedStatementCallback; bad SQL grammar [SELECT u.gender, COUNT(*) AS count FROM user_follows f JOIN users u ON f.user_id = u.id WHERE f.follow_user_id = ? GROUP BY u.gender]
2026-05-17T10:27:54.788+08:00  WARN 55187 --- [nio-8081-exec-1] com.shiyiju.user.service.UserService     : 查询粉丝趋势失败: PreparedStatementCallback; bad SQL grammar [SELECT DATE(create_time) AS day, COUNT(*) AS count FROM user_follows WHERE follow_user_id = ? AND create_time >= ? GROUP BY DATE(create_time) ORDER BY day]
2026-05-17T10:27:55.401+08:00  WARN 55187 --- [nio-8081-exec-3] com.shiyiju.user.service.UserService     : 查询地域分布失败: PreparedStatementCallback; bad SQL grammar [SELECT COALESCE(NULLIF(u.region,''),'未知') AS region, COUNT(*) AS count FROM user_follows f JOIN users u ON f.user_id = u.id WHERE f.follow_user_id = ? AND u.region IS NOT NULL GROUP BY region ORDER BY count DESC LIMIT 10]
2026-05-17T10:27:55.402+08:00  WARN 55187 --- [nio-8081-exec-3] com.shiyiju.user.service.UserService     : 查询性别分布失败: PreparedStatementCallback; bad SQL grammar [SELECT u.gender, COUNT(*) AS count FROM user_follows f JOIN users u ON f.user_id = u.id WHERE f.follow_user_id = ? GROUP BY u.gender]
2026-05-17T10:27:55.409+08:00  WARN 55187 --- [io-8081-exec-10] com.shiyiju.user.service.UserService     : 查询粉丝趋势失败: PreparedStatementCallback; bad SQL grammar [SELECT DATE(create_time) AS day, COUNT(*) AS count FROM user_follows WHERE follow_user_id = ? AND create_time >= ? GROUP BY DATE(create_time) ORDER BY day]
2026-05-17T10:27:55.629+08:00  WARN 55187 --- [nio-8081-exec-6] com.shiyiju.user.service.UserService     : 查询地域分布失败: PreparedStatementCallback; bad SQL grammar [SELECT COALESCE(NULLIF(u.region,''),'未知') AS region, COUNT(*) AS count FROM user_follows f JOIN users u ON f.user_id = u.id WHERE f.follow_user_id = ? AND u.region IS NOT NULL GROUP BY region ORDER BY count DESC LIMIT 10]
2026-05-17T10:27:55.630+08:00  WARN 55187 --- [nio-8081-exec-6] com.shiyiju.user.service.UserService     : 查询性别分布失败: PreparedStatementCallback; bad SQL grammar [SELECT u.gender, COUNT(*) AS count FROM user_follows f JOIN users u ON f.user_id = u.id WHERE f.follow_user_id = ? GROUP BY u.gender]
2026-05-17T10:27:55.633+08:00  WARN 55187 --- [nio-8081-exec-7] com.shiyiju.user.service.UserService     : 查询粉丝趋势失败: PreparedStatementCallback; bad SQL grammar [SELECT DATE(create_time) AS day, COUNT(*) AS count FROM user_follows WHERE follow_user_id = ? AND create_time >= ? GROUP BY DATE(create_time) ORDER BY day]
2026-05-17T10:27:55.780+08:00  WARN 55187 --- [nio-8081-exec-8] com.shiyiju.user.service.UserService     : 查询地域分布失败: PreparedStatementCallback; bad SQL grammar [SELECT COALESCE(NULLIF(u.region,''),'未知') AS region, COUNT(*) AS count FROM user_follows f JOIN users u ON f.user_id = u.id WHERE f.follow_user_id = ? AND u.region IS NOT NULL GROUP BY region ORDER BY count DESC LIMIT 10]
2026-05-17T10:27:55.780+08:00  WARN 55187 --- [nio-8081-exec-8] com.shiyiju.user.service.UserService     : 查询性别分布失败: PreparedStatementCallback; bad SQL grammar [SELECT u.gender, COUNT(*) AS count FROM user_follows f JOIN users u ON f.user_id = u.id WHERE f.follow_user_id = ? GROUP BY u.gender]
2026-05-17T10:27:55.785+08:00  WARN 55187 --- [nio-8081-exec-1] com.shiyiju.user.service.UserService     : 查询粉丝趋势失败: PreparedStatementCallback; bad SQL grammar [SELECT DATE(create_time) AS day, COUNT(*) AS count FROM user_follows WHERE follow_user_id = ? AND create_time >= ? GROUP BY DATE(create_time) ORDER BY day]
Creating a new SqlSession
SqlSession [org.apache.ibatis.session.defaults.DefaultSqlSession@98a32ee] was not registered for synchronization because synchronization is not active
JDBC Connection [HikariProxyConnection@2012717040 wrapping com.mysql.cj.jdbc.ConnectionImpl@3e4ffd9e] will not be managed by Spring
==>  Preparing: SELECT id,uid,openid,unionid,nickname,avatar,phone,gender,birthday,bio,region,identities,status,follower_count,following_count,register_time,last_login_time,create_time,update_time,deleted FROM users WHERE id=? AND deleted=0
==> Parameters: 47(Long)
<==    Columns: id, uid, openid, unionid, nickname, avatar, phone, gender, birthday, bio, region, identities, status, follower_count, following_count, register_time, last_login_time, create_time, update_time, deleted
<==        Row: 47, USR202605130001UBZ0, null, null, 孟儒, http://127.0.0.1:8087/upload/images/2026/05/15/dcc33714cef643d484c45ec90b578cb7.png, , 0, null, null, null, artist,collector,promoter, 1, 0, 0, null, null, 2026-05-13 19:58:00, 2026-05-15 22:08:55, 0
<==      Total: 1
Closing non transactional SqlSession [org.apache.ibatis.session.defaults.DefaultSqlSession@98a32ee]
Creating a new SqlSession
SqlSession [org.apache.ibatis.session.defaults.DefaultSqlSession@10f79eab] was not registered for synchronization because synchronization is not active
JDBC Connection [HikariProxyConnection@1270480639 wrapping com.mysql.cj.jdbc.ConnectionImpl@3e4ffd9e] will not be managed by Spring
==>  Preparing: SELECT id,artist_code,user_id,real_name,id_card,resume,artworks,exhibits,status,reject_reason,review_time,create_time,update_time FROM artist_certifications WHERE (user_id = ? AND status = ?)
==> Parameters: 47(Long), 1(Integer)
<==      Total: 0
Closing non transactional SqlSession [org.apache.ibatis.session.defaults.DefaultSqlSession@10f79eab]
Creating a new SqlSession
SqlSession [org.apache.ibatis.session.defaults.DefaultSqlSession@6a584cac] was not registered for synchronization because synchronization is not active
JDBC Connection [HikariProxyConnection@263784864 wrapping com.mysql.cj.jdbc.ConnectionImpl@d17992f] will not be managed by Spring
==>  Preparing: SELECT id,uid,openid,unionid,nickname,avatar,phone,gender,birthday,bio,region,identities,status,follower_count,following_count,register_time,last_login_time,create_time,update_time,deleted FROM users WHERE id=? AND deleted=0
==> Parameters: 47(Long)
<==    Columns: id, uid, openid, unionid, nickname, avatar, phone, gender, birthday, bio, region, identities, status, follower_count, following_count, register_time, last_login_time, create_time, update_time, deleted
<==        Row: 47, USR202605130001UBZ0, null, null, 孟儒, http://127.0.0.1:8087/upload/images/2026/05/15/dcc33714cef643d484c45ec90b578cb7.png, , 0, null, null, null, artist,collector,promoter, 1, 0, 0, null, null, 2026-05-13 19:58:00, 2026-05-15 22:08:55, 0
<==      Total: 1
Closing non transactional SqlSession [org.apache.ibatis.session.defaults.DefaultSqlSession@6a584cac]
Creating a new SqlSession
SqlSession [org.apache.ibatis.session.defaults.DefaultSqlSession@13da950d] was not registered for synchronization because synchronization is not active
JDBC Connection [HikariProxyConnection@1854430706 wrapping com.mysql.cj.jdbc.ConnectionImpl@d17992f] will not be managed by Spring
==>  Preparing: SELECT id,artist_code,user_id,real_name,id_card,resume,artworks,exhibits,status,reject_reason,review_time,create_time,update_time FROM artist_certifications WHERE (user_id = ? AND status = ?)
==> Parameters: 47(Long), 1(Integer)
<==      Total: 0
Closing non transactional SqlSession [org.apache.ibatis.session.defaults.DefaultSqlSession@13da950d]
Creating a new SqlSession
SqlSession [org.apache.ibatis.session.defaults.DefaultSqlSession@15886dfd] was not registered for synchronization because synchronization is not active
JDBC Connection [HikariProxyConnection@1627134499 wrapping com.mysql.cj.jdbc.ConnectionImpl@b62979c] will not be managed by Spring
==>  Preparing: SELECT id,uid,openid,unionid,nickname,avatar,phone,gender,birthday,bio,region,identities,status,follower_count,following_count,register_time,last_login_time,create_time,update_time,deleted FROM users WHERE id=? AND deleted=0
==> Parameters: 47(Long)
<==    Columns: id, uid, openid, unionid, nickname, avatar, phone, gender, birthday, bio, region, identities, status, follower_count, following_count, register_time, last_login_time, create_time, update_time, deleted
<==        Row: 47, USR202605130001UBZ0, null, null, 孟儒, http://127.0.0.1:8087/upload/images/2026/05/15/dcc33714cef643d484c45ec90b578cb7.png, , 0, null, null, null, artist,collector,promoter, 1, 0, 0, null, null, 2026-05-13 19:58:00, 2026-05-15 22:08:55, 0
<==      Total: 1
Closing non transactional SqlSession [org.apache.ibatis.session.defaults.DefaultSqlSession@15886dfd]
Creating a new SqlSession
SqlSession [org.apache.ibatis.session.defaults.DefaultSqlSession@2d50cbce] was not registered for synchronization because synchronization is not active
JDBC Connection [HikariProxyConnection@2022175714 wrapping com.mysql.cj.jdbc.ConnectionImpl@b62979c] will not be managed by Spring
==>  Preparing: SELECT id,artist_code,user_id,real_name,id_card,resume,artworks,exhibits,status,reject_reason,review_time,create_time,update_time FROM artist_certifications WHERE (user_id = ? AND status = ?)
==> Parameters: 47(Long), 1(Integer)
<==      Total: 0
Closing non transactional SqlSession [org.apache.ibatis.session.defaults.DefaultSqlSession@2d50cbce]
2026-05-17T10:28:20.392+08:00  WARN 55187 --- [nio-8081-exec-6] com.shiyiju.user.service.UserService     : 查询地域分布失败: PreparedStatementCallback; bad SQL grammar [SELECT COALESCE(NULLIF(u.region,''),'未知') AS region, COUNT(*) AS count FROM user_follows f JOIN users u ON f.user_id = u.id WHERE f.follow_user_id = ? AND u.region IS NOT NULL GROUP BY region ORDER BY count DESC LIMIT 10]
2026-05-17T10:28:20.393+08:00  WARN 55187 --- [nio-8081-exec-6] com.shiyiju.user.service.UserService     : 查询性别分布失败: PreparedStatementCallback; bad SQL grammar [SELECT u.gender, COUNT(*) AS count FROM user_follows f JOIN users u ON f.user_id = u.id WHERE f.follow_user_id = ? GROUP BY u.gender]
2026-05-17T10:28:20.396+08:00  WARN 55187 --- [nio-8081-exec-5] com.shiyiju.user.service.UserService     : 查询粉丝趋势失败: PreparedStatementCallback; bad SQL grammar [SELECT DATE(create_time) AS day, COUNT(*) AS count FROM user_follows WHERE follow_user_id = ? AND create_time >= ? GROUP BY DATE(create_time) ORDER BY day]
Creating a new SqlSession
SqlSession [org.apache.ibatis.session.defaults.DefaultSqlSession@69016caa] was not registered for synchronization because synchronization is not active
JDBC Connection [HikariProxyConnection@1452707313 wrapping com.mysql.cj.jdbc.ConnectionImpl@d17992f] will not be managed by Spring
==>  Preparing: SELECT id,uid,openid,unionid,nickname,avatar,phone,gender,birthday,bio,region,identities,status,follower_count,following_count,register_time,last_login_time,create_time,update_time,deleted FROM users WHERE id=? AND deleted=0
==> Parameters: 47(Long)
<==    Columns: id, uid, openid, unionid, nickname, avatar, phone, gender, birthday, bio, region, identities, status, follower_count, following_count, register_time, last_login_time, create_time, update_time, deleted
<==        Row: 47, USR202605130001UBZ0, null, null, 孟儒, http://127.0.0.1:8087/upload/images/2026/05/15/dcc33714cef643d484c45ec90b578cb7.png, , 0, null, null, null, artist,collector,promoter, 1, 0, 0, null, null, 2026-05-13 19:58:00, 2026-05-15 22:08:55, 0
<==      Total: 1
Closing non transactional SqlSession [org.apache.ibatis.session.defaults.DefaultSqlSession@69016caa]
Creating a new SqlSession
SqlSession [org.apache.ibatis.session.defaults.DefaultSqlSession@6a7ef74f] was not registered for synchronization because synchronization is not active
JDBC Connection [HikariProxyConnection@925019006 wrapping com.mysql.cj.jdbc.ConnectionImpl@d17992f] will not be managed by Spring
==>  Preparing: SELECT id,artist_code,user_id,real_name,id_card,resume,artworks,exhibits,status,reject_reason,review_time,create_time,update_time FROM artist_certifications WHERE (user_id = ? AND status = ?)
==> Parameters: 47(Long), 1(Integer)
<==      Total: 0
Closing non transactional SqlSession [org.apache.ibatis.session.defaults.DefaultSqlSession@6a7ef74f]
Creating a new SqlSession
SqlSession [org.apache.ibatis.session.defaults.DefaultSqlSession@5b43797] was not registered for synchronization because synchronization is not active
JDBC Connection [HikariProxyConnection@1115797713 wrapping com.mysql.cj.jdbc.ConnectionImpl@d17992f] will not be managed by Spring
==>  Preparing: SELECT id,uid,openid,unionid,nickname,avatar,phone,gender,birthday,bio,region,identities,status,follower_count,following_count,register_time,last_login_time,create_time,update_time,deleted FROM users WHERE id=? AND deleted=0
==> Parameters: 47(Long)
<==    Columns: id, uid, openid, unionid, nickname, avatar, phone, gender, birthday, bio, region, identities, status, follower_count, following_count, register_time, last_login_time, create_time, update_time, deleted
<==        Row: 47, USR202605130001UBZ0, null, null, 孟儒, http://127.0.0.1:8087/upload/images/2026/05/15/dcc33714cef643d484c45ec90b578cb7.png, , 0, null, null, null, artist,collector,promoter, 1, 0, 0, null, null, 2026-05-13 19:58:00, 2026-05-15 22:08:55, 0
<==      Total: 1
Closing non transactional SqlSession [org.apache.ibatis.session.defaults.DefaultSqlSession@5b43797]
Creating a new SqlSession
SqlSession [org.apache.ibatis.session.defaults.DefaultSqlSession@670591b4] was not registered for synchronization because synchronization is not active
JDBC Connection [HikariProxyConnection@1153313436 wrapping com.mysql.cj.jdbc.ConnectionImpl@d17992f] will not be managed by Spring
==>  Preparing: SELECT id,artist_code,user_id,real_name,id_card,resume,artworks,exhibits,status,reject_reason,review_time,create_time,update_time FROM artist_certifications WHERE (user_id = ? AND status = ?)
==> Parameters: 47(Long), 1(Integer)
<==      Total: 0
Closing non transactional SqlSession [org.apache.ibatis.session.defaults.DefaultSqlSession@670591b4]
Creating a new SqlSession
SqlSession [org.apache.ibatis.session.defaults.DefaultSqlSession@17e93bd6] was not registered for synchronization because synchronization is not active
JDBC Connection [HikariProxyConnection@1020042334 wrapping com.mysql.cj.jdbc.ConnectionImpl@b62979c] will not be managed by Spring
==>  Preparing: SELECT id,uid,openid,unionid,nickname,avatar,phone,gender,birthday,bio,region,identities,status,follower_count,following_count,register_time,last_login_time,create_time,update_time,deleted FROM users WHERE id=? AND deleted=0
==> Parameters: 47(Long)
<==    Columns: id, uid, openid, unionid, nickname, avatar, phone, gender, birthday, bio, region, identities, status, follower_count, following_count, register_time, last_login_time, create_time, update_time, deleted
<==        Row: 47, USR202605130001UBZ0, null, null, 孟儒, http://127.0.0.1:8087/upload/images/2026/05/15/dcc33714cef643d484c45ec90b578cb7.png, , 0, null, null, null, artist,collector,promoter, 1, 0, 0, null, null, 2026-05-13 19:58:00, 2026-05-15 22:08:55, 0
<==      Total: 1
Closing non transactional SqlSession [org.apache.ibatis.session.defaults.DefaultSqlSession@17e93bd6]
Creating a new SqlSession
SqlSession [org.apache.ibatis.session.defaults.DefaultSqlSession@65009507] was not registered for synchronization because synchronization is not active
JDBC Connection [HikariProxyConnection@460314149 wrapping com.mysql.cj.jdbc.ConnectionImpl@b62979c] will not be managed by Spring
==>  Preparing: SELECT id,artist_code,user_id,real_name,id_card,resume,artworks,exhibits,status,reject_reason,review_time,create_time,update_time FROM artist_certifications WHERE (user_id = ? AND status = ?)
==> Parameters: 47(Long), 1(Integer)
<==      Total: 0
Closing non transactional SqlSession [org.apache.ibatis.session.defaults.DefaultSqlSession@65009507]
Creating a new SqlSession
SqlSession [org.apache.ibatis.session.defaults.DefaultSqlSession@345566e3] was not registered for synchronization because synchronization is not active
JDBC Connection [HikariProxyConnection@1736046712 wrapping com.mysql.cj.jdbc.ConnectionImpl@b62979c] will not be managed by Spring
==>  Preparing: SELECT id,uid,openid,unionid,nickname,avatar,phone,gender,birthday,bio,region,identities,status,follower_count,following_count,register_time,last_login_time,create_time,update_time,deleted FROM users WHERE id=? AND deleted=0
==> Parameters: 47(Long)
<==    Columns: id, uid, openid, unionid, nickname, avatar, phone, gender, birthday, bio, region, identities, status, follower_count, following_count, register_time, last_login_time, create_time, update_time, deleted
<==        Row: 47, USR202605130001UBZ0, null, null, 孟儒, http://127.0.0.1:8087/upload/images/2026/05/15/dcc33714cef643d484c45ec90b578cb7.png, , 0, null, null, null, artist,collector,promoter, 1, 0, 0, null, null, 2026-05-13 19:58:00, 2026-05-15 22:08:55, 0
<==      Total: 1
Closing non transactional SqlSession [org.apache.ibatis.session.defaults.DefaultSqlSession@345566e3]
Creating a new SqlSession
SqlSession [org.apache.ibatis.session.defaults.DefaultSqlSession@7be39707] was not registered for synchronization because synchronization is not active
JDBC Connection [HikariProxyConnection@981372306 wrapping com.mysql.cj.jdbc.ConnectionImpl@b62979c] will not be managed by Spring
==>  Preparing: SELECT id,artist_code,user_id,real_name,id_card,resume,artworks,exhibits,status,reject_reason,review_time,create_time,update_time FROM artist_certifications WHERE (user_id = ? AND status = ?)
==> Parameters: 47(Long), 1(Integer)
<==      Total: 0
Closing non transactional SqlSession [org.apache.ibatis.session.defaults.DefaultSqlSession@7be39707]
Creating a new SqlSession
SqlSession [org.apache.ibatis.session.defaults.DefaultSqlSession@75d57414] was not registered for synchronization because synchronization is not active
JDBC Connection [HikariProxyConnection@497094534 wrapping com.mysql.cj.jdbc.ConnectionImpl@d17992f] will not be managed by Spring
==>  Preparing: SELECT id,uid,openid,unionid,nickname,avatar,phone,gender,birthday,bio,region,identities,status,follower_count,following_count,register_time,last_login_time,create_time,update_time,deleted FROM users WHERE id=? AND deleted=0
==> Parameters: 47(Long)
<==    Columns: id, uid, openid, unionid, nickname, avatar, phone, gender, birthday, bio, region, identities, status, follower_count, following_count, register_time, last_login_time, create_time, update_time, deleted
<==        Row: 47, USR202605130001UBZ0, null, null, 孟儒, http://127.0.0.1:8087/upload/images/2026/05/15/dcc33714cef643d484c45ec90b578cb7.png, , 0, null, null, null, artist,collector,promoter, 1, 0, 0, null, null, 2026-05-13 19:58:00, 2026-05-15 22:08:55, 0
<==      Total: 1
Closing non transactional SqlSession [org.apache.ibatis.session.defaults.DefaultSqlSession@75d57414]
Creating a new SqlSession
SqlSession [org.apache.ibatis.session.defaults.DefaultSqlSession@27916d36] was not registered for synchronization because synchronization is not active
JDBC Connection [HikariProxyConnection@589122465 wrapping com.mysql.cj.jdbc.ConnectionImpl@d17992f] will not be managed by Spring
==>  Preparing: SELECT id,artist_code,user_id,real_name,id_card,resume,artworks,exhibits,status,reject_reason,review_time,create_time,update_time FROM artist_certifications WHERE (user_id = ? AND status = ?)
==> Parameters: 47(Long), 1(Integer)
<==      Total: 0
Closing non transactional SqlSession [org.apache.ibatis.session.defaults.DefaultSqlSession@27916d36]
Creating a new SqlSession
SqlSession [org.apache.ibatis.session.defaults.DefaultSqlSession@517f6dc] was not registered for synchronization because synchronization is not active
JDBC Connection [HikariProxyConnection@752800909 wrapping com.mysql.cj.jdbc.ConnectionImpl@3e4ffd9e] will not be managed by Spring
==>  Preparing: SELECT id,uid,openid,unionid,nickname,avatar,phone,gender,birthday,bio,region,identities,status,follower_count,following_count,register_time,last_login_time,create_time,update_time,deleted FROM users WHERE id=? AND deleted=0
==> Parameters: 47(Long)
<==    Columns: id, uid, openid, unionid, nickname, avatar, phone, gender, birthday, bio, region, identities, status, follower_count, following_count, register_time, last_login_time, create_time, update_time, deleted
<==        Row: 47, USR202605130001UBZ0, null, null, 孟儒, http://127.0.0.1:8087/upload/images/2026/05/15/dcc33714cef643d484c45ec90b578cb7.png, , 0, null, null, null, artist,collector,promoter, 1, 0, 0, null, null, 2026-05-13 19:58:00, 2026-05-15 22:08:55, 0
<==      Total: 1
Closing non transactional SqlSession [org.apache.ibatis.session.defaults.DefaultSqlSession@517f6dc]
Creating a new SqlSession
SqlSession [org.apache.ibatis.session.defaults.DefaultSqlSession@63fce7a0] was not registered for synchronization because synchronization is not active
JDBC Connection [HikariProxyConnection@1033331946 wrapping com.mysql.cj.jdbc.ConnectionImpl@3e4ffd9e] will not be managed by Spring
==>  Preparing: SELECT id,artist_code,user_id,real_name,id_card,resume,artworks,exhibits,status,reject_reason,review_time,create_time,update_time FROM artist_certifications WHERE (user_id = ? AND status = ?)
==> Parameters: 47(Long), 1(Integer)
<==      Total: 0
Closing non transactional SqlSession [org.apache.ibatis.session.defaults.DefaultSqlSession@63fce7a0]
Creating a new SqlSession
SqlSession [org.apache.ibatis.session.defaults.DefaultSqlSession@64e7d049] was not registered for synchronization because synchronization is not active
JDBC Connection [HikariProxyConnection@2042529557 wrapping com.mysql.cj.jdbc.ConnectionImpl@d17992f] will not be managed by Spring
==>  Preparing: SELECT id,uid,openid,unionid,nickname,avatar,phone,gender,birthday,bio,region,identities,status,follower_count,following_count,register_time,last_login_time,create_time,update_time,deleted FROM users WHERE id=? AND deleted=0
==> Parameters: 47(Long)
<==    Columns: id, uid, openid, unionid, nickname, avatar, phone, gender, birthday, bio, region, identities, status, follower_count, following_count, register_time, last_login_time, create_time, update_time, deleted
<==        Row: 47, USR202605130001UBZ0, null, null, 孟儒, http://127.0.0.1:8087/upload/images/2026/05/15/dcc33714cef643d484c45ec90b578cb7.png, , 0, null, null, null, artist,collector,promoter, 1, 0, 0, null, null, 2026-05-13 19:58:00, 2026-05-15 22:08:55, 0
<==      Total: 1
Closing non transactional SqlSession [org.apache.ibatis.session.defaults.DefaultSqlSession@64e7d049]
Creating a new SqlSession
SqlSession [org.apache.ibatis.session.defaults.DefaultSqlSession@3baa18d8] was not registered for synchronization because synchronization is not active
JDBC Connection [HikariProxyConnection@524735514 wrapping com.mysql.cj.jdbc.ConnectionImpl@d17992f] will not be managed by Spring
==>  Preparing: SELECT id,artist_code,user_id,real_name,id_card,resume,artworks,exhibits,status,reject_reason,review_time,create_time,update_time FROM artist_certifications WHERE (user_id = ? AND status = ?)
==> Parameters: 47(Long), 1(Integer)
<==      Total: 0
Closing non transactional SqlSession [org.apache.ibatis.session.defaults.DefaultSqlSession@3baa18d8]
Creating a new SqlSession
SqlSession [org.apache.ibatis.session.defaults.DefaultSqlSession@43848cf0] was not registered for synchronization because synchronization is not active
JDBC Connection [HikariProxyConnection@161044253 wrapping com.mysql.cj.jdbc.ConnectionImpl@3e4ffd9e] will not be managed by Spring
==>  Preparing: SELECT id,uid,openid,unionid,nickname,avatar,phone,gender,birthday,bio,region,identities,status,follower_count,following_count,register_time,last_login_time,create_time,update_time,deleted FROM users WHERE id=? AND deleted=0
==> Parameters: 47(Long)
<==    Columns: id, uid, openid, unionid, nickname, avatar, phone, gender, birthday, bio, region, identities, status, follower_count, following_count, register_time, last_login_time, create_time, update_time, deleted
<==        Row: 47, USR202605130001UBZ0, null, null, 孟儒, http://127.0.0.1:8087/upload/images/2026/05/15/dcc33714cef643d484c45ec90b578cb7.png, , 0, null, null, null, artist,collector,promoter, 1, 0, 0, null, null, 2026-05-13 19:58:00, 2026-05-15 22:08:55, 0
<==      Total: 1
Closing non transactional SqlSession [org.apache.ibatis.session.defaults.DefaultSqlSession@43848cf0]
Creating a new SqlSession
SqlSession [org.apache.ibatis.session.defaults.DefaultSqlSession@305959e4] was not registered for synchronization because synchronization is not active
JDBC Connection [HikariProxyConnection@2093857146 wrapping com.mysql.cj.jdbc.ConnectionImpl@3e4ffd9e] will not be managed by Spring
==>  Preparing: SELECT id,artist_code,user_id,real_name,id_card,resume,artworks,exhibits,status,reject_reason,review_time,create_time,update_time FROM artist_certifications WHERE (user_id = ? AND status = ?)
==> Parameters: 47(Long), 1(Integer)
<==      Total: 0
Closing non transactional SqlSession [org.apache.ibatis.session.defaults.DefaultSqlSession@305959e4]
Creating a new SqlSession
SqlSession [org.apache.ibatis.session.defaults.DefaultSqlSession@9729311] was not registered for synchronization because synchronization is not active
JDBC Connection [HikariProxyConnection@32331053 wrapping com.mysql.cj.jdbc.ConnectionImpl@b62979c] will not be managed by Spring
==>  Preparing: SELECT id,uid,openid,unionid,nickname,avatar,phone,gender,birthday,bio,region,identities,status,follower_count,following_count,register_time,last_login_time,create_time,update_time,deleted FROM users WHERE id=? AND deleted=0
==> Parameters: 47(Long)
<==    Columns: id, uid, openid, unionid, nickname, avatar, phone, gender, birthday, bio, region, identities, status, follower_count, following_count, register_time, last_login_time, create_time, update_time, deleted
<==        Row: 47, USR202605130001UBZ0, null, null, 孟儒, http://127.0.0.1:8087/upload/images/2026/05/15/dcc33714cef643d484c45ec90b578cb7.png, , 0, null, null, null, artist,collector,promoter, 1, 0, 0, null, null, 2026-05-13 19:58:00, 2026-05-15 22:08:55, 0
<==      Total: 1
Closing non transactional SqlSession [org.apache.ibatis.session.defaults.DefaultSqlSession@9729311]
Creating a new SqlSession
SqlSession [org.apache.ibatis.session.defaults.DefaultSqlSession@7794294e] was not registered for synchronization because synchronization is not active
JDBC Connection [HikariProxyConnection@836766003 wrapping com.mysql.cj.jdbc.ConnectionImpl@b62979c] will not be managed by Spring
==>  Preparing: SELECT id,artist_code,user_id,real_name,id_card,resume,artworks,exhibits,status,reject_reason,review_time,create_time,update_time FROM artist_certifications WHERE (user_id = ? AND status = ?)
==> Parameters: 47(Long), 1(Integer)
<==      Total: 0
Closing non transactional SqlSession [org.apache.ibatis.session.defaults.DefaultSqlSession@7794294e]
Creating a new SqlSession
SqlSession [org.apache.ibatis.session.defaults.DefaultSqlSession@7fc41ad0] was not registered for synchronization because synchronization is not active
JDBC Connection [HikariProxyConnection@1599515569 wrapping com.mysql.cj.jdbc.ConnectionImpl@d17992f] will not be managed by Spring
==>  Preparing: SELECT id,uid,openid,unionid,nickname,avatar,phone,gender,birthday,bio,region,identities,status,follower_count,following_count,register_time,last_login_time,create_time,update_time,deleted FROM users WHERE id=? AND deleted=0
==> Parameters: 47(Long)
<==    Columns: id, uid, openid, unionid, nickname, avatar, phone, gender, birthday, bio, region, identities, status, follower_count, following_count, register_time, last_login_time, create_time, update_time, deleted
<==        Row: 47, USR202605130001UBZ0, null, null, 孟儒, http://127.0.0.1:8087/upload/images/2026/05/15/dcc33714cef643d484c45ec90b578cb7.png, , 0, null, null, null, artist,collector,promoter, 1, 0, 0, null, null, 2026-05-13 19:58:00, 2026-05-15 22:08:55, 0
<==      Total: 1
Closing non transactional SqlSession [org.apache.ibatis.session.defaults.DefaultSqlSession@7fc41ad0]
Creating a new SqlSession
SqlSession [org.apache.ibatis.session.defaults.DefaultSqlSession@6e63a566] was not registered for synchronization because synchronization is not active
JDBC Connection [HikariProxyConnection@879921094 wrapping com.mysql.cj.jdbc.ConnectionImpl@d17992f] will not be managed by Spring
==>  Preparing: SELECT id,artist_code,user_id,real_name,id_card,resume,artworks,exhibits,status,reject_reason,review_time,create_time,update_time FROM artist_certifications WHERE (user_id = ? AND status = ?)
==> Parameters: 47(Long), 1(Integer)
<==      Total: 0
Closing non transactional SqlSession [org.apache.ibatis.session.defaults.DefaultSqlSession@6e63a566]
Creating a new SqlSession
SqlSession [org.apache.ibatis.session.defaults.DefaultSqlSession@7a0185be] was not registered for synchronization because synchronization is not active
JDBC Connection [HikariProxyConnection@543260348 wrapping com.mysql.cj.jdbc.ConnectionImpl@3e4ffd9e] will not be managed by Spring
==>  Preparing: SELECT id,uid,openid,unionid,nickname,avatar,phone,gender,birthday,bio,region,identities,status,follower_count,following_count,register_time,last_login_time,create_time,update_time,deleted FROM users WHERE id=? AND deleted=0
==> Parameters: 55(Long)
<==    Columns: id, uid, openid, unionid, nickname, avatar, phone, gender, birthday, bio, region, identities, status, follower_count, following_count, register_time, last_login_time, create_time, update_time, deleted
<==        Row: 55, USR202605160001DDO8, mock_openid_h5_dev_1778895636773, null, 微信用户, /src/static/images/login-brand-logo.png, null, 0, null, null, 本地调试, collector, 1, 0, 0, 2026-05-16 09:40:37, 2026-05-16 09:40:37, null, null, 0
<==      Total: 1
Closing non transactional SqlSession [org.apache.ibatis.session.defaults.DefaultSqlSession@7a0185be]
Creating a new SqlSession
SqlSession [org.apache.ibatis.session.defaults.DefaultSqlSession@2e510440] was not registered for synchronization because synchronization is not active
JDBC Connection [HikariProxyConnection@1695725583 wrapping com.mysql.cj.jdbc.ConnectionImpl@d17992f] will not be managed by Spring
==>  Preparing: SELECT id,uid,openid,unionid,nickname,avatar,phone,gender,birthday,bio,region,identities,status,follower_count,following_count,register_time,last_login_time,create_time,update_time,deleted FROM users WHERE id=? AND deleted=0
==> Parameters: 55(Long)
<==    Columns: id, uid, openid, unionid, nickname, avatar, phone, gender, birthday, bio, region, identities, status, follower_count, following_count, register_time, last_login_time, create_time, update_time, deleted
<==        Row: 55, USR202605160001DDO8, mock_openid_h5_dev_1778895636773, null, 微信用户, /src/static/images/login-brand-logo.png, null, 0, null, null, 本地调试, collector, 1, 0, 0, 2026-05-16 09:40:37, 2026-05-16 09:40:37, null, null, 0
<==      Total: 1
Closing non transactional SqlSession [org.apache.ibatis.session.defaults.DefaultSqlSession@2e510440]
Creating a new SqlSession
SqlSession [org.apache.ibatis.session.defaults.DefaultSqlSession@5a64c15f] was not registered for synchronization because synchronization is not active
JDBC Connection [HikariProxyConnection@1982922744 wrapping com.mysql.cj.jdbc.ConnectionImpl@3fb9f2dc] will not be managed by Spring
==>  Preparing: SELECT id,uid,openid,unionid,nickname,avatar,phone,gender,birthday,bio,region,identities,status,follower_count,following_count,register_time,last_login_time,create_time,update_time,deleted FROM users WHERE id=? AND deleted=0
==> Parameters: 55(Long)
<==    Columns: id, uid, openid, unionid, nickname, avatar, phone, gender, birthday, bio, region, identities, status, follower_count, following_count, register_time, last_login_time, create_time, update_time, deleted
<==        Row: 55, USR202605160001DDO8, mock_openid_h5_dev_1778895636773, null, 微信用户, /src/static/images/login-brand-logo.png, null, 0, null, null, 本地调试, collector, 1, 0, 0, 2026-05-16 09:40:37, 2026-05-16 09:40:37, null, null, 0
<==      Total: 1
Closing non transactional SqlSession [org.apache.ibatis.session.defaults.DefaultSqlSession@5a64c15f]
Creating a new SqlSession
SqlSession [org.apache.ibatis.session.defaults.DefaultSqlSession@4eeca93] was not registered for synchronization because synchronization is not active
JDBC Connection [HikariProxyConnection@1869184526 wrapping com.mysql.cj.jdbc.ConnectionImpl@3fb9f2dc] will not be managed by Spring
==>  Preparing: SELECT id,uid,openid,unionid,nickname,avatar,phone,gender,birthday,bio,region,identities,status,follower_count,following_count,register_time,last_login_time,create_time,update_time,deleted FROM users WHERE id=? AND deleted=0
==> Parameters: 55(Long)
<==    Columns: id, uid, openid, unionid, nickname, avatar, phone, gender, birthday, bio, region, identities, status, follower_count, following_count, register_time, last_login_time, create_time, update_time, deleted
<==        Row: 55, USR202605160001DDO8, mock_openid_h5_dev_1778895636773, null, 微信用户, /src/static/images/login-brand-logo.png, null, 0, null, null, 本地调试, collector, 1, 0, 0, 2026-05-16 09:40:37, 2026-05-16 09:40:37, null, null, 0
<==      Total: 1
Closing non transactional SqlSession [org.apache.ibatis.session.defaults.DefaultSqlSession@4eeca93]
Creating a new SqlSession
Creating a new SqlSession
SqlSession [org.apache.ibatis.session.defaults.DefaultSqlSession@3bd84beb] was not registered for synchronization because synchronization is not active
SqlSession [org.apache.ibatis.session.defaults.DefaultSqlSession@1fbac51b] was not registered for synchronization because synchronization is not active
JDBC Connection [HikariProxyConnection@1222873443 wrapping com.mysql.cj.jdbc.ConnectionImpl@3fb9f2dc] will not be managed by Spring
JDBC Connection [HikariProxyConnection@2016047231 wrapping com.mysql.cj.jdbc.ConnectionImpl@72399256] will not be managed by Spring
==>  Preparing: SELECT id,uid,openid,unionid,nickname,avatar,phone,gender,birthday,bio,region,identities,status,follower_count,following_count,register_time,last_login_time,create_time,update_time,deleted FROM users WHERE id=? AND deleted=0
==>  Preparing: SELECT id,uid,openid,unionid,nickname,avatar,phone,gender,birthday,bio,region,identities,status,follower_count,following_count,register_time,last_login_time,create_time,update_time,deleted FROM users WHERE id=? AND deleted=0
==> Parameters: 55(Long)
==> Parameters: 47(Long)
<==    Columns: id, uid, openid, unionid, nickname, avatar, phone, gender, birthday, bio, region, identities, status, follower_count, following_count, register_time, last_login_time, create_time, update_time, deleted
<==        Row: 55, USR202605160001DDO8, mock_openid_h5_dev_1778895636773, null, 微信用户, /src/static/images/login-brand-logo.png, null, 0, null, null, 本地调试, collector, 1, 0, 0, 2026-05-16 09:40:37, 2026-05-16 09:40:37, null, null, 0
<==      Total: 1
Closing non transactional SqlSession [org.apache.ibatis.session.defaults.DefaultSqlSession@3bd84beb]
<==    Columns: id, uid, openid, unionid, nickname, avatar, phone, gender, birthday, bio, region, identities, status, follower_count, following_count, register_time, last_login_time, create_time, update_time, deleted
<==        Row: 47, USR202605130001UBZ0, null, null, 孟儒, http://127.0.0.1:8087/upload/images/2026/05/15/dcc33714cef643d484c45ec90b578cb7.png, , 0, null, null, null, artist,collector,promoter, 1, 0, 0, null, null, 2026-05-13 19:58:00, 2026-05-15 22:08:55, 0
<==      Total: 1
Closing non transactional SqlSession [org.apache.ibatis.session.defaults.DefaultSqlSession@1fbac51b]
Creating a new SqlSession
SqlSession [org.apache.ibatis.session.defaults.DefaultSqlSession@1c50fb50] was not registered for synchronization because synchronization is not active
JDBC Connection [HikariProxyConnection@1112512278 wrapping com.mysql.cj.jdbc.ConnectionImpl@3fb9f2dc] will not be managed by Spring
==>  Preparing: SELECT id,uid,openid,unionid,nickname,avatar,phone,gender,birthday,bio,region,identities,status,follower_count,following_count,register_time,last_login_time,create_time,update_time,deleted FROM users WHERE id=? AND deleted=0
==> Parameters: 55(Long)
<==    Columns: id, uid, openid, unionid, nickname, avatar, phone, gender, birthday, bio, region, identities, status, follower_count, following_count, register_time, last_login_time, create_time, update_time, deleted
<==        Row: 55, USR202605160001DDO8, mock_openid_h5_dev_1778895636773, null, 微信用户, /src/static/images/login-brand-logo.png, null, 0, null, null, 本地调试, collector, 1, 0, 0, 2026-05-16 09:40:37, 2026-05-16 09:40:37, null, null, 0
<==      Total: 1
Closing non transactional SqlSession [org.apache.ibatis.session.defaults.DefaultSqlSession@1c50fb50]
Creating a new SqlSession
SqlSession [org.apache.ibatis.session.defaults.DefaultSqlSession@7a5555a0] was not registered for synchronization because synchronization is not active
JDBC Connection [HikariProxyConnection@1208605038 wrapping com.mysql.cj.jdbc.ConnectionImpl@72399256] will not be managed by Spring
==>  Preparing: SELECT id,artist_code,user_id,real_name,id_card,resume,artworks,exhibits,status,reject_reason,review_time,create_time,update_time FROM artist_certifications WHERE (user_id = ? AND status = ?)
==> Parameters: 47(Long), 1(Integer)
<==      Total: 0
Closing non transactional SqlSession [org.apache.ibatis.session.defaults.DefaultSqlSession@7a5555a0]
