Standard Commons Logging discovery in action with spring-jcl: please remove commons-logging.jar from classpath in order to avoid potential conflicts
2026-05-17T22:02:53.581+08:00  WARN 14086 --- [           main] c.a.nacos.client.logging.NacosLogging    : Load Logback Configuration of Nacos fail, message: Could not initialize Logback Nacos logging from classpath:nacos-logback.xml

  .   ____          _            __ _ _
 /\\ / ___'_ __ _ _(_)_ __  __ _ \ \ \ \
( ( )\___ | '_ | '_| | '_ \/ _` | \ \ \ \
 \\/  ___)| |_)| | | | | || (_| |  ) ) ) )
  '  |____| .__|_| |_|_| |_\__, | / / / /
 =========|_|==============|___/=/_/_/_/
 :: Spring Boot ::                (v3.1.5)

2026-05-17T22:02:53.843+08:00  WARN 14086 --- [           main] c.a.nacos.client.logging.NacosLogging    : Load Logback Configuration of Nacos fail, message: Could not initialize Logback Nacos logging from classpath:nacos-logback.xml
2026-05-17T22:02:53.848+08:00  INFO 14086 --- [           main] c.s.community.CommunityApplication       : Starting CommunityApplication using Java 17.0.19 with PID 14086 (/Users/master/CodeBuddy/art12/backend/shiyiju-community/target/shiyiju-community-1.0.0-SNAPSHOT.jar started by master in /Users/master/CodeBuddy/art12)
2026-05-17T22:02:53.848+08:00 DEBUG 14086 --- [           main] c.s.community.CommunityApplication       : Running with Spring Boot v3.1.5, Spring v6.0.13
2026-05-17T22:02:53.849+08:00  INFO 14086 --- [           main] c.s.community.CommunityApplication       : The following 1 profile is active: "local"
2026-05-17T22:02:55.592+08:00  INFO 14086 --- [           main] .s.d.r.c.RepositoryConfigurationDelegate : Multiple Spring Data modules found, entering strict repository configuration mode
2026-05-17T22:02:55.593+08:00  INFO 14086 --- [           main] .s.d.r.c.RepositoryConfigurationDelegate : Bootstrapping Spring Data Redis repositories in DEFAULT mode.
2026-05-17T22:02:55.612+08:00  INFO 14086 --- [           main] .s.d.r.c.RepositoryConfigurationDelegate : Finished Spring Data repository scanning in 11 ms. Found 0 Redis repository interfaces.
2026-05-17T22:02:56.013+08:00  INFO 14086 --- [           main] o.s.cloud.context.scope.GenericScope     : BeanFactory id=ac6d1ea9-30c3-3847-a400-1fe084e48163
2026-05-17T22:02:56.717+08:00  INFO 14086 --- [           main] o.s.b.w.embedded.tomcat.TomcatWebServer  : Tomcat initialized with port(s): 8086 (http)
2026-05-17T22:02:56.834+08:00  INFO 14086 --- [           main] o.apache.catalina.core.StandardService   : Starting service [Tomcat]
2026-05-17T22:02:56.886+08:00  INFO 14086 --- [           main] o.apache.catalina.core.StandardEngine    : Starting Servlet engine: [Apache Tomcat/10.1.15]
2026-05-17T22:02:56.978+08:00  INFO 14086 --- [           main] o.a.c.c.C.[Tomcat].[localhost].[/]       : Initializing Spring embedded WebApplicationContext
2026-05-17T22:02:56.979+08:00  INFO 14086 --- [           main] w.s.c.ServletWebServerApplicationContext : Root WebApplicationContext: initialization completed in 3075 ms
Standard Commons Logging discovery in action with spring-jcl: please remove commons-logging.jar from classpath in order to avoid potential conflicts
 _ _   |_  _ _|_. ___ _ |    _ 
| | |\/|_)(_| | |_\  |_)||_|_\ 
     /               |         
                        3.5.8 
2026-05-17T22:02:57.928+08:00  INFO 14086 --- [           main] com.shiyiju.common.util.JwtUtil          : JWT 密钥已通过配置注入
2026-05-17T22:02:57.931+08:00  INFO 14086 --- [           main] com.shiyiju.common.util.AESUtil          : AES 密钥已通过配置注入
2026-05-17T22:02:58.989+08:00  INFO 14086 --- [           main] o.s.b.w.embedded.tomcat.TomcatWebServer  : Tomcat started on port(s): 8086 (http) with context path ''
2026-05-17T22:02:59.098+08:00  INFO 14086 --- [           main] c.s.community.CommunityApplication       : Started CommunityApplication in 6.387 seconds (process running for 7.622)
