2026-05-17T22:02:54.028+08:00  WARN 14088 --- [           main] c.a.nacos.client.logging.NacosLogging    : Load Logback Configuration of Nacos fail, message: Could not initialize Logback Nacos logging from classpath:nacos-logback.xml

  .   ____          _            __ _ _
 /\\ / ___'_ __ _ _(_)_ __  __ _ \ \ \ \
( ( )\___ | '_ | '_| | '_ \/ _` | \ \ \ \
 \\/  ___)| |_)| | | | | || (_| |  ) ) ) )
  '  |____| .__|_| |_|_| |_\__, | / / / /
 =========|_|==============|___/=/_/_/_/
 :: Spring Boot ::                (v3.1.5)

2026-05-17T22:02:54.120+08:00  WARN 14088 --- [           main] c.a.nacos.client.logging.NacosLogging    : Load Logback Configuration of Nacos fail, message: Could not initialize Logback Nacos logging from classpath:nacos-logback.xml
2026-05-17T22:02:54.129+08:00  INFO 14088 --- [           main] com.shiyiju.file.FileApplication         : Starting FileApplication using Java 17.0.19 with PID 14088 (/Users/master/CodeBuddy/art12/backend/shiyiju-file/target/shiyiju-file-1.0.0-SNAPSHOT.jar started by master in /Users/master/CodeBuddy/art12)
2026-05-17T22:02:54.129+08:00 DEBUG 14088 --- [           main] com.shiyiju.file.FileApplication         : Running with Spring Boot v3.1.5, Spring v6.0.13
2026-05-17T22:02:54.129+08:00  INFO 14088 --- [           main] com.shiyiju.file.FileApplication         : The following 1 profile is active: "local"
2026-05-17T22:02:56.471+08:00  INFO 14088 --- [           main] .s.d.r.c.RepositoryConfigurationDelegate : Multiple Spring Data modules found, entering strict repository configuration mode
2026-05-17T22:02:56.473+08:00  INFO 14088 --- [           main] .s.d.r.c.RepositoryConfigurationDelegate : Bootstrapping Spring Data Redis repositories in DEFAULT mode.
2026-05-17T22:02:56.574+08:00  INFO 14088 --- [           main] .s.d.r.c.RepositoryConfigurationDelegate : Finished Spring Data repository scanning in 9 ms. Found 0 Redis repository interfaces.
2026-05-17T22:02:57.050+08:00  INFO 14088 --- [           main] o.s.cloud.context.scope.GenericScope     : BeanFactory id=50ff562b-36de-300f-ac35-f777f6d7a8f1
2026-05-17T22:02:58.171+08:00  INFO 14088 --- [           main] o.s.b.w.embedded.tomcat.TomcatWebServer  : Tomcat initialized with port(s): 8087 (http)
2026-05-17T22:02:58.252+08:00  INFO 14088 --- [           main] o.apache.catalina.core.StandardService   : Starting service [Tomcat]
2026-05-17T22:02:58.252+08:00  INFO 14088 --- [           main] o.apache.catalina.core.StandardEngine    : Starting Servlet engine: [Apache Tomcat/10.1.15]
2026-05-17T22:02:58.422+08:00  INFO 14088 --- [           main] o.a.c.c.C.[Tomcat].[localhost].[/]       : Initializing Spring embedded WebApplicationContext
2026-05-17T22:02:58.422+08:00  INFO 14088 --- [           main] w.s.c.ServletWebServerApplicationContext : Root WebApplicationContext: initialization completed in 3895 ms
 _ _   |_  _ _|_. ___ _ |    _ 
| | |\/|_)(_| | |_\  |_)||_|_\ 
     /               |         
                        3.5.8 
2026-05-17T22:02:59.193+08:00  INFO 14088 --- [           main] com.shiyiju.common.util.JwtUtil          : JWT 密钥已通过配置注入
2026-05-17T22:02:59.194+08:00  INFO 14088 --- [           main] com.shiyiju.common.util.AESUtil          : AES 密钥已通过配置注入
2026-05-17T22:03:00.451+08:00  INFO 14088 --- [           main] o.s.b.w.embedded.tomcat.TomcatWebServer  : Tomcat started on port(s): 8087 (http) with context path ''
2026-05-17T22:03:00.465+08:00  INFO 14088 --- [           main] com.shiyiju.file.FileApplication         : Started FileApplication in 7.473 seconds (process running for 8.995)
2026-05-17T22:03:18.429+08:00  INFO 14088 --- [nio-8087-exec-1] o.a.c.c.C.[Tomcat].[localhost].[/]       : Initializing Spring DispatcherServlet 'dispatcherServlet'
2026-05-17T22:03:18.429+08:00  INFO 14088 --- [nio-8087-exec-1] o.s.web.servlet.DispatcherServlet        : Initializing Servlet 'dispatcherServlet'
2026-05-17T22:03:18.431+08:00  INFO 14088 --- [nio-8087-exec-1] o.s.web.servlet.DispatcherServlet        : Completed initialization in 2 ms
