npm warn Unknown project config "strict-peer-dependencies". This will stop working in the next major version of npm. See `npm help npmrc` for supported config options.
npm warn Unknown project config "auto-install-peers". This will stop working in the next major version of npm. See `npm help npmrc` for supported config options.
npm warn Unknown project config "shamefully-hoist". This will stop working in the next major version of npm. See `npm help npmrc` for supported config options.

> shiyiju-uniapp@1.0.0 dev:h5
> PORT=5173 HOST=0.0.0.0 uni

请注意运行模式下，因日志输出、sourcemap 以及未压缩源码等原因，性能和包体积，均不及发行模式。
vite是按需编译，运行时点击某个未编译页面会先编译后加载，导致显示较慢，发行后无此问题。
编译器版本：5.07（vue3）
正在编译中...

  vite v5.2.8 dev server running at:

  ➜  Local:   http://localhost:5173/
  ➜  Network: http://192.168.1.109:5173/
  ➜  Network: http://10.6.218.141:5173/

  ready in 945ms.

DEPRECATION WARNING [legacy-js-api]: The legacy JS API is deprecated and will be removed in Dart Sass 2.0.0.

More info: https://sass-lang.com/d/legacy-js-api

DEPRECATION WARNING [import]: Sass @import rules are deprecated and will be removed in Dart Sass 3.0.0.

More info and automated migrator: https://sass-lang.com/d/import

  ╷
2 │ @import '@/styles/common.scss';
  │         ^^^^^^^^^^^^^^^^^^^^^^
  ╵
    src/App.vue 2:9  root stylesheet

DEPRECATION WARNING [import]: Sass @import rules are deprecated and will be removed in Dart Sass 3.0.0.

More info and automated migrator: https://sass-lang.com/d/import

  ╷
4 │ @import '@/styles/common.scss';
  │         ^^^^^^^^^^^^^^^^^^^^^^
  ╵
    src/App.vue 4:9  root stylesheet

DEPRECATION WARNING [import]: Sass @import rules are deprecated and will be removed in Dart Sass 3.0.0.

More info and automated migrator: https://sass-lang.com/d/import

  ╷
5 │ @import '@/styles/iconfont.scss';
  │         ^^^^^^^^^^^^^^^^^^^^^^^^
  ╵
    src/App.vue 5:9  root stylesheet

DEPRECATION WARNING [legacy-js-api]: The legacy JS API is deprecated and will be removed in Dart Sass 2.0.0.

More info: https://sass-lang.com/d/legacy-js-api

DEPRECATION WARNING [import]: Sass @import rules are deprecated and will be removed in Dart Sass 3.0.0.

More info and automated migrator: https://sass-lang.com/d/import

  ╷
2 │ @import '@/styles/common.scss';
  │         ^^^^^^^^^^^^^^^^^^^^^^
  ╵
    src/pages/gallery/detail.vue 2:9  root stylesheet

(node:33938) [DEP0060] DeprecationWarning: The `util._extend` API is deprecated. Please use Object.assign() instead.
(Use `node --trace-deprecation ...` to show where the warning was created)
DEPRECATION WARNING [legacy-js-api]: The legacy JS API is deprecated and will be removed in Dart Sass 2.0.0.

More info: https://sass-lang.com/d/legacy-js-api

DEPRECATION WARNING [import]: Sass @import rules are deprecated and will be removed in Dart Sass 3.0.0.

More info and automated migrator: https://sass-lang.com/d/import

  ╷
2 │ @import '@/styles/common.scss';
  │         ^^^^^^^^^^^^^^^^^^^^^^
  ╵
    src/pages/index/index.vue 2:9  root stylesheet

DEPRECATION WARNING [legacy-js-api]: The legacy JS API is deprecated and will be removed in Dart Sass 2.0.0.

More info: https://sass-lang.com/d/legacy-js-api

DEPRECATION WARNING [import]: Sass @import rules are deprecated and will be removed in Dart Sass 3.0.0.

More info and automated migrator: https://sass-lang.com/d/import

  ╷
2 │ @import '@/styles/common.scss';
  │         ^^^^^^^^^^^^^^^^^^^^^^
  ╵
    src/components/custom-tab-bar/index.vue 2:9  root stylesheet

12:47:49 AM [vite] page reload index.html
DEPRECATION WARNING [legacy-js-api]: The legacy JS API is deprecated and will be removed in Dart Sass 2.0.0.

More info: https://sass-lang.com/d/legacy-js-api

DEPRECATION WARNING [import]: Sass @import rules are deprecated and will be removed in Dart Sass 3.0.0.

More info and automated migrator: https://sass-lang.com/d/import

  ╷
2 │ @import '@/styles/common.scss';
  │         ^^^^^^^^^^^^^^^^^^^^^^
  ╵
    src/pages/user/index.vue 2:9  root stylesheet

DEPRECATION WARNING [legacy-js-api]: The legacy JS API is deprecated and will be removed in Dart Sass 2.0.0.

More info: https://sass-lang.com/d/legacy-js-api

DEPRECATION WARNING [import]: Sass @import rules are deprecated and will be removed in Dart Sass 3.0.0.

More info and automated migrator: https://sass-lang.com/d/import

  ╷
2 │ @import '@/styles/common.scss';
  │         ^^^^^^^^^^^^^^^^^^^^^^
  ╵
    src/pages/cart/index.vue 2:9  root stylesheet

DEPRECATION WARNING [legacy-js-api]: The legacy JS API is deprecated and will be removed in Dart Sass 2.0.0.

More info: https://sass-lang.com/d/legacy-js-api

DEPRECATION WARNING [import]: Sass @import rules are deprecated and will be removed in Dart Sass 3.0.0.

More info and automated migrator: https://sass-lang.com/d/import

  ╷
2 │ @import '@/styles/common.scss';
  │         ^^^^^^^^^^^^^^^^^^^^^^
  ╵
    src/pages/artist/publish.vue 2:9  root stylesheet

1:02:22 AM [vite] hmr update /src/pages/index/index.vue
DEPRECATION WARNING [legacy-js-api]: The legacy JS API is deprecated and will be removed in Dart Sass 2.0.0.

More info: https://sass-lang.com/d/legacy-js-api

DEPRECATION WARNING [import]: Sass @import rules are deprecated and will be removed in Dart Sass 3.0.0.

More info and automated migrator: https://sass-lang.com/d/import

  ╷
2 │ @import '@/styles/common.scss';
  │         ^^^^^^^^^^^^^^^^^^^^^^
  ╵
    src/pages/index/index.vue 2:9  root stylesheet

1:02:27 AM [vite] hmr update /src/pages/index/index.vue
DEPRECATION WARNING [legacy-js-api]: The legacy JS API is deprecated and will be removed in Dart Sass 2.0.0.

More info: https://sass-lang.com/d/legacy-js-api

DEPRECATION WARNING [import]: Sass @import rules are deprecated and will be removed in Dart Sass 3.0.0.

More info and automated migrator: https://sass-lang.com/d/import

  ╷
2 │ @import '@/styles/common.scss';
  │         ^^^^^^^^^^^^^^^^^^^^^^
  ╵
    src/pages/index/index.vue 2:9  root stylesheet

1:02:32 AM [vite] hmr update /src/pages/index/index.vue
DEPRECATION WARNING [legacy-js-api]: The legacy JS API is deprecated and will be removed in Dart Sass 2.0.0.

More info: https://sass-lang.com/d/legacy-js-api

DEPRECATION WARNING [import]: Sass @import rules are deprecated and will be removed in Dart Sass 3.0.0.

More info and automated migrator: https://sass-lang.com/d/import

  ╷
2 │ @import '@/styles/common.scss';
  │         ^^^^^^^^^^^^^^^^^^^^^^
  ╵
    src/pages/index/index.vue 2:9  root stylesheet

1:03:18 AM [vite] hmr update /src/pages/index/index.vue
DEPRECATION WARNING [legacy-js-api]: The legacy JS API is deprecated and will be removed in Dart Sass 2.0.0.

More info: https://sass-lang.com/d/legacy-js-api

DEPRECATION WARNING [import]: Sass @import rules are deprecated and will be removed in Dart Sass 3.0.0.

More info and automated migrator: https://sass-lang.com/d/import

  ╷
2 │ @import '@/styles/common.scss';
  │         ^^^^^^^^^^^^^^^^^^^^^^
  ╵
    src/pages/index/index.vue 2:9  root stylesheet

1:04:36 AM [vite] hmr update /src/pages/index/index.vue?vue&type=style&index=0&scoped=83a5a03c&lang.scss
DEPRECATION WARNING [legacy-js-api]: The legacy JS API is deprecated and will be removed in Dart Sass 2.0.0.

More info: https://sass-lang.com/d/legacy-js-api

DEPRECATION WARNING [import]: Sass @import rules are deprecated and will be removed in Dart Sass 3.0.0.

More info and automated migrator: https://sass-lang.com/d/import

  ╷
2 │ @import '@/styles/common.scss';
  │         ^^^^^^^^^^^^^^^^^^^^^^
  ╵
    src/pages/index/index.vue 2:9  root stylesheet

1:05:05 AM [vite] hmr update /src/pages/index/index.vue?vue&type=style&index=0&scoped=83a5a03c&lang.scss
DEPRECATION WARNING [legacy-js-api]: The legacy JS API is deprecated and will be removed in Dart Sass 2.0.0.

More info: https://sass-lang.com/d/legacy-js-api

DEPRECATION WARNING [import]: Sass @import rules are deprecated and will be removed in Dart Sass 3.0.0.

More info and automated migrator: https://sass-lang.com/d/import

  ╷
2 │ @import '@/styles/common.scss';
  │         ^^^^^^^^^^^^^^^^^^^^^^
  ╵
    src/pages/index/index.vue 2:9  root stylesheet

1:06:28 AM [vite] hmr update /src/pages/artist/publish.vue
DEPRECATION WARNING [legacy-js-api]: The legacy JS API is deprecated and will be removed in Dart Sass 2.0.0.

More info: https://sass-lang.com/d/legacy-js-api

DEPRECATION WARNING [import]: Sass @import rules are deprecated and will be removed in Dart Sass 3.0.0.

More info and automated migrator: https://sass-lang.com/d/import

  ╷
2 │ @import '@/styles/common.scss';
  │         ^^^^^^^^^^^^^^^^^^^^^^
  ╵
    src/pages/artist/publish.vue 2:9  root stylesheet

1:06:36 AM [vite] hmr update /src/pages/artist/publish.vue
DEPRECATION WARNING [legacy-js-api]: The legacy JS API is deprecated and will be removed in Dart Sass 2.0.0.

More info: https://sass-lang.com/d/legacy-js-api

DEPRECATION WARNING [import]: Sass @import rules are deprecated and will be removed in Dart Sass 3.0.0.

More info and automated migrator: https://sass-lang.com/d/import

  ╷
2 │ @import '@/styles/common.scss';
  │         ^^^^^^^^^^^^^^^^^^^^^^
  ╵
    src/pages/artist/publish.vue 2:9  root stylesheet

1:06:40 AM [vite] hmr update /src/pages/artist/publish.vue
DEPRECATION WARNING [legacy-js-api]: The legacy JS API is deprecated and will be removed in Dart Sass 2.0.0.

More info: https://sass-lang.com/d/legacy-js-api

DEPRECATION WARNING [import]: Sass @import rules are deprecated and will be removed in Dart Sass 3.0.0.

More info and automated migrator: https://sass-lang.com/d/import

  ╷
2 │ @import '@/styles/common.scss';
  │         ^^^^^^^^^^^^^^^^^^^^^^
  ╵
    src/pages/artist/publish.vue 2:9  root stylesheet

1:06:47 AM [vite] hmr update /src/pages/artist/publish.vue
DEPRECATION WARNING [legacy-js-api]: The legacy JS API is deprecated and will be removed in Dart Sass 2.0.0.

More info: https://sass-lang.com/d/legacy-js-api

DEPRECATION WARNING [import]: Sass @import rules are deprecated and will be removed in Dart Sass 3.0.0.

More info and automated migrator: https://sass-lang.com/d/import

  ╷
2 │ @import '@/styles/common.scss';
  │         ^^^^^^^^^^^^^^^^^^^^^^
  ╵
    src/pages/artist/publish.vue 2:9  root stylesheet

1:07:20 AM [vite] hmr update /src/pages/artist/publish.vue?vue&type=style&index=0&scoped=558b022e&lang.scss
DEPRECATION WARNING [legacy-js-api]: The legacy JS API is deprecated and will be removed in Dart Sass 2.0.0.

More info: https://sass-lang.com/d/legacy-js-api

DEPRECATION WARNING [import]: Sass @import rules are deprecated and will be removed in Dart Sass 3.0.0.

More info and automated migrator: https://sass-lang.com/d/import

  ╷
2 │ @import '@/styles/common.scss';
  │         ^^^^^^^^^^^^^^^^^^^^^^
  ╵
    src/pages/artist/publish.vue 2:9  root stylesheet

1:09:31 AM [vite] hmr update /src/pages/artist/publish.vue
DEPRECATION WARNING [legacy-js-api]: The legacy JS API is deprecated and will be removed in Dart Sass 2.0.0.

More info: https://sass-lang.com/d/legacy-js-api

DEPRECATION WARNING [import]: Sass @import rules are deprecated and will be removed in Dart Sass 3.0.0.

More info and automated migrator: https://sass-lang.com/d/import

  ╷
2 │ @import '@/styles/common.scss';
  │         ^^^^^^^^^^^^^^^^^^^^^^
  ╵
    src/pages/artist/publish.vue 2:9  root stylesheet

1:09:35 AM [vite] hmr update /src/pages/artist/publish.vue
DEPRECATION WARNING [legacy-js-api]: The legacy JS API is deprecated and will be removed in Dart Sass 2.0.0.

More info: https://sass-lang.com/d/legacy-js-api

DEPRECATION WARNING [import]: Sass @import rules are deprecated and will be removed in Dart Sass 3.0.0.

More info and automated migrator: https://sass-lang.com/d/import

  ╷
2 │ @import '@/styles/common.scss';
  │         ^^^^^^^^^^^^^^^^^^^^^^
  ╵
    src/pages/artist/publish.vue 2:9  root stylesheet

1:09:40 AM [vite] hmr update /src/pages/artist/publish.vue
DEPRECATION WARNING [legacy-js-api]: The legacy JS API is deprecated and will be removed in Dart Sass 2.0.0.

More info: https://sass-lang.com/d/legacy-js-api

DEPRECATION WARNING [import]: Sass @import rules are deprecated and will be removed in Dart Sass 3.0.0.

More info and automated migrator: https://sass-lang.com/d/import

  ╷
2 │ @import '@/styles/common.scss';
  │         ^^^^^^^^^^^^^^^^^^^^^^
  ╵
    src/pages/artist/publish.vue 2:9  root stylesheet

1:10:11 AM [vite] hmr update /src/pages/artist/publish.vue
DEPRECATION WARNING [legacy-js-api]: The legacy JS API is deprecated and will be removed in Dart Sass 2.0.0.

More info: https://sass-lang.com/d/legacy-js-api

DEPRECATION WARNING [import]: Sass @import rules are deprecated and will be removed in Dart Sass 3.0.0.

More info and automated migrator: https://sass-lang.com/d/import

  ╷
2 │ @import '@/styles/common.scss';
  │         ^^^^^^^^^^^^^^^^^^^^^^
  ╵
    src/pages/artist/publish.vue 2:9  root stylesheet

1:10:20 AM [vite] hmr update /src/pages/artist/publish.vue?vue&type=style&index=0&scoped=558b022e&lang.scss
DEPRECATION WARNING [legacy-js-api]: The legacy JS API is deprecated and will be removed in Dart Sass 2.0.0.

More info: https://sass-lang.com/d/legacy-js-api

DEPRECATION WARNING [import]: Sass @import rules are deprecated and will be removed in Dart Sass 3.0.0.

More info and automated migrator: https://sass-lang.com/d/import

  ╷
2 │ @import '@/styles/common.scss';
  │         ^^^^^^^^^^^^^^^^^^^^^^
  ╵
    src/pages/artist/publish.vue 2:9  root stylesheet

1:11:38 AM [vite] hmr update /src/pages/artist/publish.vue?vue&type=style&index=0&scoped=558b022e&lang.scss
DEPRECATION WARNING [legacy-js-api]: The legacy JS API is deprecated and will be removed in Dart Sass 2.0.0.

More info: https://sass-lang.com/d/legacy-js-api

DEPRECATION WARNING [import]: Sass @import rules are deprecated and will be removed in Dart Sass 3.0.0.

More info and automated migrator: https://sass-lang.com/d/import

  ╷
2 │ @import '@/styles/common.scss';
  │         ^^^^^^^^^^^^^^^^^^^^^^
  ╵
    src/pages/artist/publish.vue 2:9  root stylesheet

1:12:19 AM [vite] hmr update /src/pages/artist/publish.vue?vue&type=style&index=0&scoped=558b022e&lang.scss
DEPRECATION WARNING [legacy-js-api]: The legacy JS API is deprecated and will be removed in Dart Sass 2.0.0.

More info: https://sass-lang.com/d/legacy-js-api

DEPRECATION WARNING [import]: Sass @import rules are deprecated and will be removed in Dart Sass 3.0.0.

More info and automated migrator: https://sass-lang.com/d/import

  ╷
2 │ @import '@/styles/common.scss';
  │         ^^^^^^^^^^^^^^^^^^^^^^
  ╵
    src/pages/artist/publish.vue 2:9  root stylesheet

1:12:24 AM [vite] hmr update /src/pages/artist/publish.vue?vue&type=style&index=0&scoped=558b022e&lang.scss
DEPRECATION WARNING [legacy-js-api]: The legacy JS API is deprecated and will be removed in Dart Sass 2.0.0.

More info: https://sass-lang.com/d/legacy-js-api

DEPRECATION WARNING [import]: Sass @import rules are deprecated and will be removed in Dart Sass 3.0.0.

More info and automated migrator: https://sass-lang.com/d/import

  ╷
2 │ @import '@/styles/common.scss';
  │         ^^^^^^^^^^^^^^^^^^^^^^
  ╵
    src/pages/artist/publish.vue 2:9  root stylesheet

DEPRECATION WARNING [legacy-js-api]: The legacy JS API is deprecated and will be removed in Dart Sass 2.0.0.

More info: https://sass-lang.com/d/legacy-js-api

DEPRECATION WARNING [import]: Sass @import rules are deprecated and will be removed in Dart Sass 3.0.0.

More info and automated migrator: https://sass-lang.com/d/import

  ╷
2 │ @import '@/styles/common.scss';
  │         ^^^^^^^^^^^^^^^^^^^^^^
  ╵
    src/pages/auction/index.vue 2:9  root stylesheet

1:13:26 AM [vite] hmr update /src/pages/artist/publish.vue
DEPRECATION WARNING [legacy-js-api]: The legacy JS API is deprecated and will be removed in Dart Sass 2.0.0.

More info: https://sass-lang.com/d/legacy-js-api

DEPRECATION WARNING [import]: Sass @import rules are deprecated and will be removed in Dart Sass 3.0.0.

More info and automated migrator: https://sass-lang.com/d/import

  ╷
2 │ @import '@/styles/common.scss';
  │         ^^^^^^^^^^^^^^^^^^^^^^
  ╵
    src/pages/artist/publish.vue 2:9  root stylesheet

DEPRECATION WARNING [legacy-js-api]: The legacy JS API is deprecated and will be removed in Dart Sass 2.0.0.

More info: https://sass-lang.com/d/legacy-js-api

DEPRECATION WARNING [import]: Sass @import rules are deprecated and will be removed in Dart Sass 3.0.0.

More info and automated migrator: https://sass-lang.com/d/import

  ╷
2 │ @import '@/styles/common.scss';
  │         ^^^^^^^^^^^^^^^^^^^^^^
  ╵
    src/pages/artist/home.vue 2:9  root stylesheet

DEPRECATION WARNING [legacy-js-api]: The legacy JS API is deprecated and will be removed in Dart Sass 2.0.0.

More info: https://sass-lang.com/d/legacy-js-api

DEPRECATION WARNING [import]: Sass @import rules are deprecated and will be removed in Dart Sass 3.0.0.

More info and automated migrator: https://sass-lang.com/d/import

  ╷
2 │ @import '@/styles/common.scss';
  │         ^^^^^^^^^^^^^^^^^^^^^^
  ╵
    src/pages/user/address.vue 2:9  root stylesheet

DEPRECATION WARNING [legacy-js-api]: The legacy JS API is deprecated and will be removed in Dart Sass 2.0.0.

More info: https://sass-lang.com/d/legacy-js-api

DEPRECATION WARNING [import]: Sass @import rules are deprecated and will be removed in Dart Sass 3.0.0.

More info and automated migrator: https://sass-lang.com/d/import

  ╷
2 │ @import '@/styles/common.scss';
  │         ^^^^^^^^^^^^^^^^^^^^^^
  ╵
    src/pages/user/addressEdit.vue 2:9  root stylesheet

DEPRECATION WARNING [legacy-js-api]: The legacy JS API is deprecated and will be removed in Dart Sass 2.0.0.

More info: https://sass-lang.com/d/legacy-js-api

DEPRECATION WARNING [import]: Sass @import rules are deprecated and will be removed in Dart Sass 3.0.0.

More info and automated migrator: https://sass-lang.com/d/import

  ╷
2 │ @import '@/styles/common.scss';
  │         ^^^^^^^^^^^^^^^^^^^^^^
  ╵
    src/pages/artist/list.vue 2:9  root stylesheet

1:12:40 PM [vite] hmr update /src/pages/artist/home.vue
DEPRECATION WARNING [legacy-js-api]: The legacy JS API is deprecated and will be removed in Dart Sass 2.0.0.

More info: https://sass-lang.com/d/legacy-js-api

DEPRECATION WARNING [import]: Sass @import rules are deprecated and will be removed in Dart Sass 3.0.0.

More info and automated migrator: https://sass-lang.com/d/import

  ╷
2 │ @import '@/styles/common.scss';
  │         ^^^^^^^^^^^^^^^^^^^^^^
  ╵
    src/pages/artist/home.vue 2:9  root stylesheet

DEPRECATION WARNING [legacy-js-api]: The legacy JS API is deprecated and will be removed in Dart Sass 2.0.0.

More info: https://sass-lang.com/d/legacy-js-api

DEPRECATION WARNING [import]: Sass @import rules are deprecated and will be removed in Dart Sass 3.0.0.

More info and automated migrator: https://sass-lang.com/d/import

  ╷
2 │ @import '@/styles/common.scss';
  │         ^^^^^^^^^^^^^^^^^^^^^^
  ╵
    src/components/ArtistCertTags.vue 2:9  root stylesheet

DEPRECATION WARNING [legacy-js-api]: The legacy JS API is deprecated and will be removed in Dart Sass 2.0.0.

More info: https://sass-lang.com/d/legacy-js-api

DEPRECATION WARNING [import]: Sass @import rules are deprecated and will be removed in Dart Sass 3.0.0.

More info and automated migrator: https://sass-lang.com/d/import

  ╷
2 │ @import '@/styles/common.scss';
  │         ^^^^^^^^^^^^^^^^^^^^^^
  ╵
    src/components/ArtistLevelBadge.vue 2:9  root stylesheet

1:12:44 PM [vite] hmr update /src/pages/artist/home.vue
DEPRECATION WARNING [legacy-js-api]: The legacy JS API is deprecated and will be removed in Dart Sass 2.0.0.

More info: https://sass-lang.com/d/legacy-js-api

DEPRECATION WARNING [import]: Sass @import rules are deprecated and will be removed in Dart Sass 3.0.0.

More info and automated migrator: https://sass-lang.com/d/import

  ╷
2 │ @import '@/styles/common.scss';
  │         ^^^^^^^^^^^^^^^^^^^^^^
  ╵
    src/pages/artist/home.vue 2:9  root stylesheet

1:12:48 PM [vite] hmr update /src/pages/artist/home.vue
DEPRECATION WARNING [legacy-js-api]: The legacy JS API is deprecated and will be removed in Dart Sass 2.0.0.

More info: https://sass-lang.com/d/legacy-js-api

DEPRECATION WARNING [import]: Sass @import rules are deprecated and will be removed in Dart Sass 3.0.0.

More info and automated migrator: https://sass-lang.com/d/import

  ╷
2 │ @import '@/styles/common.scss';
  │         ^^^^^^^^^^^^^^^^^^^^^^
  ╵
    src/pages/artist/home.vue 2:9  root stylesheet

1:12:52 PM [vite] hmr update /src/pages/artist/home.vue
DEPRECATION WARNING [legacy-js-api]: The legacy JS API is deprecated and will be removed in Dart Sass 2.0.0.

More info: https://sass-lang.com/d/legacy-js-api

DEPRECATION WARNING [import]: Sass @import rules are deprecated and will be removed in Dart Sass 3.0.0.

More info and automated migrator: https://sass-lang.com/d/import

  ╷
2 │ @import '@/styles/common.scss';
  │         ^^^^^^^^^^^^^^^^^^^^^^
  ╵
    src/pages/artist/home.vue 2:9  root stylesheet

1:13:01 PM [vite] hmr update /src/pages/artist/home.vue
DEPRECATION WARNING [legacy-js-api]: The legacy JS API is deprecated and will be removed in Dart Sass 2.0.0.

More info: https://sass-lang.com/d/legacy-js-api

DEPRECATION WARNING [import]: Sass @import rules are deprecated and will be removed in Dart Sass 3.0.0.

More info and automated migrator: https://sass-lang.com/d/import

  ╷
2 │ @import '@/styles/common.scss';
  │         ^^^^^^^^^^^^^^^^^^^^^^
  ╵
    src/pages/artist/home.vue 2:9  root stylesheet

1:13:07 PM [vite] hmr update /src/pages/artist/home.vue
DEPRECATION WARNING [legacy-js-api]: The legacy JS API is deprecated and will be removed in Dart Sass 2.0.0.

More info: https://sass-lang.com/d/legacy-js-api

DEPRECATION WARNING [import]: Sass @import rules are deprecated and will be removed in Dart Sass 3.0.0.

More info and automated migrator: https://sass-lang.com/d/import

  ╷
2 │ @import '@/styles/common.scss';
  │         ^^^^^^^^^^^^^^^^^^^^^^
  ╵
    src/pages/artist/home.vue 2:9  root stylesheet

1:13:15 PM [vite] hmr update /src/pages/artist/home.vue?vue&type=style&index=0&scoped=bf8cfc74&lang.scss
DEPRECATION WARNING [legacy-js-api]: The legacy JS API is deprecated and will be removed in Dart Sass 2.0.0.

More info: https://sass-lang.com/d/legacy-js-api

DEPRECATION WARNING [import]: Sass @import rules are deprecated and will be removed in Dart Sass 3.0.0.

More info and automated migrator: https://sass-lang.com/d/import

  ╷
2 │ @import '@/styles/common.scss';
  │         ^^^^^^^^^^^^^^^^^^^^^^
  ╵
    src/pages/artist/home.vue 2:9  root stylesheet

1:13:23 PM [vite] hmr update /src/pages/gallery/detail.vue
1:13:27 PM [vite] hmr update /src/pages/gallery/detail.vue
1:13:31 PM [vite] hmr update /src/pages/gallery/detail.vue
1:13:36 PM [vite] hmr update /src/pages/gallery/detail.vue
1:13:44 PM [vite] hmr update /src/pages/gallery/detail.vue
1:13:49 PM [vite] hmr update /src/pages/gallery/detail.vue
1:14:00 PM [vite] hmr update /src/pages/gallery/detail.vue
1:14:04 PM [vite] hmr update /src/pages/gallery/detail.vue?vue&type=style&index=0&scoped=e475c92b&lang.scss
DEPRECATION WARNING [legacy-js-api]: The legacy JS API is deprecated and will be removed in Dart Sass 2.0.0.

More info: https://sass-lang.com/d/legacy-js-api

DEPRECATION WARNING [import]: Sass @import rules are deprecated and will be removed in Dart Sass 3.0.0.

More info and automated migrator: https://sass-lang.com/d/import

  ╷
2 │ @import '@/styles/common.scss';
  │         ^^^^^^^^^^^^^^^^^^^^^^
  ╵
    src/pages/gallery/detail.vue 2:9  root stylesheet

DEPRECATION WARNING [legacy-js-api]: The legacy JS API is deprecated and will be removed in Dart Sass 2.0.0.

More info: https://sass-lang.com/d/legacy-js-api

DEPRECATION WARNING [import]: Sass @import rules are deprecated and will be removed in Dart Sass 3.0.0.

More info and automated migrator: https://sass-lang.com/d/import

  ╷
2 │ @import '@/styles/common.scss';
  │         ^^^^^^^^^^^^^^^^^^^^^^
  ╵
    src/components/PriceGrowthCard.vue 2:9  root stylesheet

DEPRECATION WARNING [legacy-js-api]: The legacy JS API is deprecated and will be removed in Dart Sass 2.0.0.

More info: https://sass-lang.com/d/legacy-js-api

DEPRECATION WARNING [import]: Sass @import rules are deprecated and will be removed in Dart Sass 3.0.0.

More info and automated migrator: https://sass-lang.com/d/import

  ╷
2 │ @import '@/styles/common.scss';
  │         ^^^^^^^^^^^^^^^^^^^^^^
  ╵
    src/pages/gallery/detail.vue 2:9  root stylesheet

DEPRECATION WARNING [legacy-js-api]: The legacy JS API is deprecated and will be removed in Dart Sass 2.0.0.

More info: https://sass-lang.com/d/legacy-js-api

DEPRECATION WARNING [import]: Sass @import rules are deprecated and will be removed in Dart Sass 3.0.0.

More info and automated migrator: https://sass-lang.com/d/import

  ╷
2 │ @import '@/styles/common.scss';
  │         ^^^^^^^^^^^^^^^^^^^^^^
  ╵
    src/pages/artist/detail/index.vue 2:9  root stylesheet

DEPRECATION WARNING [legacy-js-api]: The legacy JS API is deprecated and will be removed in Dart Sass 2.0.0.

More info: https://sass-lang.com/d/legacy-js-api

DEPRECATION WARNING [import]: Sass @import rules are deprecated and will be removed in Dart Sass 3.0.0.

More info and automated migrator: https://sass-lang.com/d/import

  ╷
2 │ @import '@/styles/common.scss';
  │         ^^^^^^^^^^^^^^^^^^^^^^
  ╵
    src/pages/artist/gallery/index.vue 2:9  root stylesheet

DEPRECATION WARNING [legacy-js-api]: The legacy JS API is deprecated and will be removed in Dart Sass 2.0.0.

More info: https://sass-lang.com/d/legacy-js-api

DEPRECATION WARNING [import]: Sass @import rules are deprecated and will be removed in Dart Sass 3.0.0.

More info and automated migrator: https://sass-lang.com/d/import

  ╷
2 │ @import '@/styles/common.scss';
  │         ^^^^^^^^^^^^^^^^^^^^^^
  ╵
    src/pages/artist/circulation/index.vue 2:9  root stylesheet

DEPRECATION WARNING [legacy-js-api]: The legacy JS API is deprecated and will be removed in Dart Sass 2.0.0.

More info: https://sass-lang.com/d/legacy-js-api

DEPRECATION WARNING [import]: Sass @import rules are deprecated and will be removed in Dart Sass 3.0.0.

More info and automated migrator: https://sass-lang.com/d/import

  ╷
2 │ @import '@/styles/common.scss';
  │         ^^^^^^^^^^^^^^^^^^^^^^
  ╵
    src/pages/artist/trust/index.vue 2:9  root stylesheet

DEPRECATION WARNING [legacy-js-api]: The legacy JS API is deprecated and will be removed in Dart Sass 2.0.0.

More info: https://sass-lang.com/d/legacy-js-api

DEPRECATION WARNING [import]: Sass @import rules are deprecated and will be removed in Dart Sass 3.0.0.

More info and automated migrator: https://sass-lang.com/d/import

  ╷
2 │ @import '@/styles/common.scss';
  │         ^^^^^^^^^^^^^^^^^^^^^^
  ╵
    src/pages/artist/works/index.vue 2:9  root stylesheet

1:59:29 PM [vite] hmr update /src/pages/artist/detail/index.vue
DEPRECATION WARNING [legacy-js-api]: The legacy JS API is deprecated and will be removed in Dart Sass 2.0.0.

More info: https://sass-lang.com/d/legacy-js-api

DEPRECATION WARNING [import]: Sass @import rules are deprecated and will be removed in Dart Sass 3.0.0.

More info and automated migrator: https://sass-lang.com/d/import

  ╷
2 │ @import '@/styles/common.scss';
  │         ^^^^^^^^^^^^^^^^^^^^^^
  ╵
    src/pages/artist/detail/index.vue 2:9  root stylesheet

1:59:34 PM [vite] hmr update /src/pages/artist/home.vue, /src/pages/artist/home.vue?vue&type=style&index=0&scoped=bf8cfc74&lang.scss
DEPRECATION WARNING [legacy-js-api]: The legacy JS API is deprecated and will be removed in Dart Sass 2.0.0.

More info: https://sass-lang.com/d/legacy-js-api

DEPRECATION WARNING [import]: Sass @import rules are deprecated and will be removed in Dart Sass 3.0.0.

More info and automated migrator: https://sass-lang.com/d/import

  ╷
2 │ @import '@/styles/common.scss';
  │         ^^^^^^^^^^^^^^^^^^^^^^
  ╵
    src/pages/artist/home.vue 2:9  root stylesheet

DEPRECATION WARNING [legacy-js-api]: The legacy JS API is deprecated and will be removed in Dart Sass 2.0.0.

More info: https://sass-lang.com/d/legacy-js-api

DEPRECATION WARNING [import]: Sass @import rules are deprecated and will be removed in Dart Sass 3.0.0.

More info and automated migrator: https://sass-lang.com/d/import

  ╷
2 │ @import '@/styles/common.scss';
  │         ^^^^^^^^^^^^^^^^^^^^^^
  ╵
    src/pages/artist/home.vue 2:9  root stylesheet

2:09:46 PM [vite] hmr update /src/pages/gallery/detail.vue, /src/pages/gallery/detail.vue?vue&type=style&index=0&scoped=e475c92b&lang.scss
DEPRECATION WARNING [legacy-js-api]: The legacy JS API is deprecated and will be removed in Dart Sass 2.0.0.

More info: https://sass-lang.com/d/legacy-js-api

DEPRECATION WARNING [import]: Sass @import rules are deprecated and will be removed in Dart Sass 3.0.0.

More info and automated migrator: https://sass-lang.com/d/import

  ╷
2 │ @import '@/styles/common.scss';
  │         ^^^^^^^^^^^^^^^^^^^^^^
  ╵
    src/pages/gallery/detail.vue 2:9  root stylesheet

DEPRECATION WARNING [legacy-js-api]: The legacy JS API is deprecated and will be removed in Dart Sass 2.0.0.

More info: https://sass-lang.com/d/legacy-js-api

DEPRECATION WARNING [import]: Sass @import rules are deprecated and will be removed in Dart Sass 3.0.0.

More info and automated migrator: https://sass-lang.com/d/import

  ╷
2 │ @import '@/styles/common.scss';
  │         ^^^^^^^^^^^^^^^^^^^^^^
  ╵
    src/pages/gallery/detail.vue 2:9  root stylesheet

2:12:37 PM [vite] hmr update /src/pages/gallery/detail.vue
DEPRECATION WARNING [legacy-js-api]: The legacy JS API is deprecated and will be removed in Dart Sass 2.0.0.

More info: https://sass-lang.com/d/legacy-js-api

DEPRECATION WARNING [import]: Sass @import rules are deprecated and will be removed in Dart Sass 3.0.0.

More info and automated migrator: https://sass-lang.com/d/import

  ╷
2 │ @import '@/styles/common.scss';
  │         ^^^^^^^^^^^^^^^^^^^^^^
  ╵
    src/pages/gallery/detail.vue 2:9  root stylesheet

2:13:15 PM [vite] hmr update /src/pages/gallery/detail.vue
DEPRECATION WARNING [legacy-js-api]: The legacy JS API is deprecated and will be removed in Dart Sass 2.0.0.

More info: https://sass-lang.com/d/legacy-js-api

DEPRECATION WARNING [import]: Sass @import rules are deprecated and will be removed in Dart Sass 3.0.0.

More info and automated migrator: https://sass-lang.com/d/import

  ╷
2 │ @import '@/styles/common.scss';
  │         ^^^^^^^^^^^^^^^^^^^^^^
  ╵
    src/pages/gallery/detail.vue 2:9  root stylesheet

DEPRECATION WARNING [legacy-js-api]: The legacy JS API is deprecated and will be removed in Dart Sass 2.0.0.

More info: https://sass-lang.com/d/legacy-js-api

DEPRECATION WARNING [import]: Sass @import rules are deprecated and will be removed in Dart Sass 3.0.0.

More info and automated migrator: https://sass-lang.com/d/import

  ╷
2 │ @import '@/styles/common.scss';
  │         ^^^^^^^^^^^^^^^^^^^^^^
  ╵
    src/pages/message/chat.vue 2:9  root stylesheet

2:21:26 PM [vite] hmr update /src/pages/artist/home.vue, /src/pages/artist/home.vue?vue&type=style&index=0&scoped=bf8cfc74&lang.scss
DEPRECATION WARNING [legacy-js-api]: The legacy JS API is deprecated and will be removed in Dart Sass 2.0.0.

More info: https://sass-lang.com/d/legacy-js-api

DEPRECATION WARNING [import]: Sass @import rules are deprecated and will be removed in Dart Sass 3.0.0.

More info and automated migrator: https://sass-lang.com/d/import

  ╷
2 │ @import '@/styles/common.scss';
  │         ^^^^^^^^^^^^^^^^^^^^^^
  ╵
    src/pages/artist/home.vue 2:9  root stylesheet

DEPRECATION WARNING [legacy-js-api]: The legacy JS API is deprecated and will be removed in Dart Sass 2.0.0.

More info: https://sass-lang.com/d/legacy-js-api

DEPRECATION WARNING [import]: Sass @import rules are deprecated and will be removed in Dart Sass 3.0.0.

More info and automated migrator: https://sass-lang.com/d/import

  ╷
2 │ @import '@/styles/common.scss';
  │         ^^^^^^^^^^^^^^^^^^^^^^
  ╵
    src/pages/artist/home.vue 2:9  root stylesheet

2:24:32 PM [vite] hmr update /src/pages/artist/home.vue
DEPRECATION WARNING [legacy-js-api]: The legacy JS API is deprecated and will be removed in Dart Sass 2.0.0.

More info: https://sass-lang.com/d/legacy-js-api

DEPRECATION WARNING [import]: Sass @import rules are deprecated and will be removed in Dart Sass 3.0.0.

More info and automated migrator: https://sass-lang.com/d/import

  ╷
2 │ @import '@/styles/common.scss';
  │         ^^^^^^^^^^^^^^^^^^^^^^
  ╵
    src/pages/artist/home.vue 2:9  root stylesheet

2:26:27 PM [vite] hmr update /src/pages/artist/home.vue
DEPRECATION WARNING [legacy-js-api]: The legacy JS API is deprecated and will be removed in Dart Sass 2.0.0.

More info: https://sass-lang.com/d/legacy-js-api

DEPRECATION WARNING [import]: Sass @import rules are deprecated and will be removed in Dart Sass 3.0.0.

More info and automated migrator: https://sass-lang.com/d/import

  ╷
2 │ @import '@/styles/common.scss';
  │         ^^^^^^^^^^^^^^^^^^^^^^
  ╵
    src/pages/artist/home.vue 2:9  root stylesheet

2:28:19 PM [vite] hmr update /src/pages/artist/home.vue
DEPRECATION WARNING [legacy-js-api]: The legacy JS API is deprecated and will be removed in Dart Sass 2.0.0.

More info: https://sass-lang.com/d/legacy-js-api

DEPRECATION WARNING [import]: Sass @import rules are deprecated and will be removed in Dart Sass 3.0.0.

More info and automated migrator: https://sass-lang.com/d/import

  ╷
2 │ @import '@/styles/common.scss';
  │         ^^^^^^^^^^^^^^^^^^^^^^
  ╵
    src/pages/artist/home.vue 2:9  root stylesheet

2:35:50 PM [vite] hmr update /src/pages/artist/home.vue?vue&type=style&index=0&scoped=bf8cfc74&lang.scss
DEPRECATION WARNING [legacy-js-api]: The legacy JS API is deprecated and will be removed in Dart Sass 2.0.0.

More info: https://sass-lang.com/d/legacy-js-api

DEPRECATION WARNING [import]: Sass @import rules are deprecated and will be removed in Dart Sass 3.0.0.

More info and automated migrator: https://sass-lang.com/d/import

  ╷
2 │ @import '@/styles/common.scss';
  │         ^^^^^^^^^^^^^^^^^^^^^^
  ╵
    src/pages/artist/home.vue 2:9  root stylesheet

2:37:08 PM [vite] hmr update /src/pages/artist/home.vue
DEPRECATION WARNING [legacy-js-api]: The legacy JS API is deprecated and will be removed in Dart Sass 2.0.0.

More info: https://sass-lang.com/d/legacy-js-api

DEPRECATION WARNING [import]: Sass @import rules are deprecated and will be removed in Dart Sass 3.0.0.

More info and automated migrator: https://sass-lang.com/d/import

  ╷
2 │ @import '@/styles/common.scss';
  │         ^^^^^^^^^^^^^^^^^^^^^^
  ╵
    src/pages/artist/home.vue 2:9  root stylesheet

2:37:17 PM [vite] hmr update /src/pages/artist/home.vue?vue&type=style&index=0&scoped=bf8cfc74&lang.scss
DEPRECATION WARNING [legacy-js-api]: The legacy JS API is deprecated and will be removed in Dart Sass 2.0.0.

More info: https://sass-lang.com/d/legacy-js-api

DEPRECATION WARNING [import]: Sass @import rules are deprecated and will be removed in Dart Sass 3.0.0.

More info and automated migrator: https://sass-lang.com/d/import

  ╷
2 │ @import '@/styles/common.scss';
  │         ^^^^^^^^^^^^^^^^^^^^^^
  ╵
    src/pages/artist/home.vue 2:9  root stylesheet

2:38:27 PM [vite] hmr update /src/pages/artist/home.vue
DEPRECATION WARNING [legacy-js-api]: The legacy JS API is deprecated and will be removed in Dart Sass 2.0.0.

More info: https://sass-lang.com/d/legacy-js-api

DEPRECATION WARNING [import]: Sass @import rules are deprecated and will be removed in Dart Sass 3.0.0.

More info and automated migrator: https://sass-lang.com/d/import

  ╷
2 │ @import '@/styles/common.scss';
  │         ^^^^^^^^^^^^^^^^^^^^^^
  ╵
    src/pages/artist/home.vue 2:9  root stylesheet

3:21:02 PM [vite] hmr update /src/pages/artist/home.vue
DEPRECATION WARNING [legacy-js-api]: The legacy JS API is deprecated and will be removed in Dart Sass 2.0.0.

More info: https://sass-lang.com/d/legacy-js-api

DEPRECATION WARNING [import]: Sass @import rules are deprecated and will be removed in Dart Sass 3.0.0.

More info and automated migrator: https://sass-lang.com/d/import

  ╷
2 │ @import '@/styles/common.scss';
  │         ^^^^^^^^^^^^^^^^^^^^^^
  ╵
    src/pages/artist/home.vue 2:9  root stylesheet

3:21:30 PM [vite] hmr update /src/pages/artist/home.vue?vue&type=style&index=0&scoped=bf8cfc74&lang.scss
DEPRECATION WARNING [legacy-js-api]: The legacy JS API is deprecated and will be removed in Dart Sass 2.0.0.

More info: https://sass-lang.com/d/legacy-js-api

DEPRECATION WARNING [import]: Sass @import rules are deprecated and will be removed in Dart Sass 3.0.0.

More info and automated migrator: https://sass-lang.com/d/import

  ╷
2 │ @import '@/styles/common.scss';
  │         ^^^^^^^^^^^^^^^^^^^^^^
  ╵
    src/pages/artist/home.vue 2:9  root stylesheet

3:21:46 PM [vite] hmr update /src/pages/artist/home.vue?vue&type=style&index=0&scoped=bf8cfc74&lang.scss
DEPRECATION WARNING [legacy-js-api]: The legacy JS API is deprecated and will be removed in Dart Sass 2.0.0.

More info: https://sass-lang.com/d/legacy-js-api

DEPRECATION WARNING [import]: Sass @import rules are deprecated and will be removed in Dart Sass 3.0.0.

More info and automated migrator: https://sass-lang.com/d/import

  ╷
2 │ @import '@/styles/common.scss';
  │         ^^^^^^^^^^^^^^^^^^^^^^
  ╵
    src/pages/artist/home.vue 2:9  root stylesheet

3:22:45 PM [vite] hmr update /src/pages/artist/home.vue?vue&type=style&index=0&scoped=bf8cfc74&lang.scss
DEPRECATION WARNING [legacy-js-api]: The legacy JS API is deprecated and will be removed in Dart Sass 2.0.0.

More info: https://sass-lang.com/d/legacy-js-api

DEPRECATION WARNING [import]: Sass @import rules are deprecated and will be removed in Dart Sass 3.0.0.

More info and automated migrator: https://sass-lang.com/d/import

  ╷
2 │ @import '@/styles/common.scss';
  │         ^^^^^^^^^^^^^^^^^^^^^^
  ╵
    src/pages/artist/home.vue 2:9  root stylesheet

3:25:28 PM [vite] hmr update /src/pages/artist/home.vue?vue&type=style&index=0&scoped=bf8cfc74&lang.scss, /src/pages/artist/home.vue
DEPRECATION WARNING [legacy-js-api]: The legacy JS API is deprecated and will be removed in Dart Sass 2.0.0.

More info: https://sass-lang.com/d/legacy-js-api

DEPRECATION WARNING [import]: Sass @import rules are deprecated and will be removed in Dart Sass 3.0.0.

More info and automated migrator: https://sass-lang.com/d/import

  ╷
2 │ @import '@/styles/common.scss';
  │         ^^^^^^^^^^^^^^^^^^^^^^
  ╵
    src/pages/artist/home.vue 2:9  root stylesheet

DEPRECATION WARNING [legacy-js-api]: The legacy JS API is deprecated and will be removed in Dart Sass 2.0.0.

More info: https://sass-lang.com/d/legacy-js-api

DEPRECATION WARNING [import]: Sass @import rules are deprecated and will be removed in Dart Sass 3.0.0.

More info and automated migrator: https://sass-lang.com/d/import

  ╷
2 │ @import '@/styles/common.scss';
  │         ^^^^^^^^^^^^^^^^^^^^^^
  ╵
    src/pages/artist/home.vue 2:9  root stylesheet

4:41:49 PM [vite] hmr update /src/pages/artist/publish.vue
DEPRECATION WARNING [legacy-js-api]: The legacy JS API is deprecated and will be removed in Dart Sass 2.0.0.

More info: https://sass-lang.com/d/legacy-js-api

DEPRECATION WARNING [import]: Sass @import rules are deprecated and will be removed in Dart Sass 3.0.0.

More info and automated migrator: https://sass-lang.com/d/import

  ╷
2 │ @import '@/styles/common.scss';
  │         ^^^^^^^^^^^^^^^^^^^^^^
  ╵
    src/pages/artist/publish.vue 2:9  root stylesheet

4:42:43 PM [vite] hmr update /src/pages/artist/publish.vue
DEPRECATION WARNING [legacy-js-api]: The legacy JS API is deprecated and will be removed in Dart Sass 2.0.0.

More info: https://sass-lang.com/d/legacy-js-api

DEPRECATION WARNING [import]: Sass @import rules are deprecated and will be removed in Dart Sass 3.0.0.

More info and automated migrator: https://sass-lang.com/d/import

  ╷
2 │ @import '@/styles/common.scss';
  │         ^^^^^^^^^^^^^^^^^^^^^^
  ╵
    src/pages/artist/publish.vue 2:9  root stylesheet

4:44:36 PM [vite] hmr update /src/pages/artist/publish.vue?vue&type=style&index=0&scoped=558b022e&lang.scss
DEPRECATION WARNING [legacy-js-api]: The legacy JS API is deprecated and will be removed in Dart Sass 2.0.0.

More info: https://sass-lang.com/d/legacy-js-api

DEPRECATION WARNING [import]: Sass @import rules are deprecated and will be removed in Dart Sass 3.0.0.

More info and automated migrator: https://sass-lang.com/d/import

  ╷
2 │ @import '@/styles/common.scss';
  │         ^^^^^^^^^^^^^^^^^^^^^^
  ╵
    src/pages/artist/publish.vue 2:9  root stylesheet

8:24:54 PM [vite] hmr update /src/pages/artist/home.vue
DEPRECATION WARNING [legacy-js-api]: The legacy JS API is deprecated and will be removed in Dart Sass 2.0.0.

More info: https://sass-lang.com/d/legacy-js-api

DEPRECATION WARNING [import]: Sass @import rules are deprecated and will be removed in Dart Sass 3.0.0.

More info and automated migrator: https://sass-lang.com/d/import

  ╷
2 │ @import '@/styles/common.scss';
  │         ^^^^^^^^^^^^^^^^^^^^^^
  ╵
    src/pages/artist/home.vue 2:9  root stylesheet

8:26:21 PM [vite] hmr update /src/pages/artist/home.vue
DEPRECATION WARNING [legacy-js-api]: The legacy JS API is deprecated and will be removed in Dart Sass 2.0.0.

More info: https://sass-lang.com/d/legacy-js-api

DEPRECATION WARNING [import]: Sass @import rules are deprecated and will be removed in Dart Sass 3.0.0.

More info and automated migrator: https://sass-lang.com/d/import

  ╷
2 │ @import '@/styles/common.scss';
  │         ^^^^^^^^^^^^^^^^^^^^^^
  ╵
    src/pages/artist/home.vue 2:9  root stylesheet

8:28:27 PM [vite] hmr update /src/pages/artist/home.vue?vue&type=style&index=0&scoped=bf8cfc74&lang.scss
DEPRECATION WARNING [legacy-js-api]: The legacy JS API is deprecated and will be removed in Dart Sass 2.0.0.

More info: https://sass-lang.com/d/legacy-js-api

DEPRECATION WARNING [import]: Sass @import rules are deprecated and will be removed in Dart Sass 3.0.0.

More info and automated migrator: https://sass-lang.com/d/import

  ╷
2 │ @import '@/styles/common.scss';
  │         ^^^^^^^^^^^^^^^^^^^^^^
  ╵
    src/pages/artist/home.vue 2:9  root stylesheet

8:36:15 PM [vite] hmr update /src/pages/artist/home.vue
DEPRECATION WARNING [legacy-js-api]: The legacy JS API is deprecated and will be removed in Dart Sass 2.0.0.

More info: https://sass-lang.com/d/legacy-js-api

DEPRECATION WARNING [import]: Sass @import rules are deprecated and will be removed in Dart Sass 3.0.0.

More info and automated migrator: https://sass-lang.com/d/import

  ╷
2 │ @import '@/styles/common.scss';
  │         ^^^^^^^^^^^^^^^^^^^^^^
  ╵
    src/pages/artist/home.vue 2:9  root stylesheet

8:37:24 PM [vite] hmr update /src/pages/artist/home.vue?vue&type=style&index=0&scoped=bf8cfc74&lang.scss
DEPRECATION WARNING [legacy-js-api]: The legacy JS API is deprecated and will be removed in Dart Sass 2.0.0.

More info: https://sass-lang.com/d/legacy-js-api

DEPRECATION WARNING [import]: Sass @import rules are deprecated and will be removed in Dart Sass 3.0.0.

More info and automated migrator: https://sass-lang.com/d/import

  ╷
2 │ @import '@/styles/common.scss';
  │         ^^^^^^^^^^^^^^^^^^^^^^
  ╵
    src/pages/artist/home.vue 2:9  root stylesheet

9:19:18 PM [vite] hmr update /src/pages/artist/gallery/index.vue, /src/pages/artist/gallery/index.vue?vue&type=style&index=0&scoped=9789b376&lang.scss
DEPRECATION WARNING [legacy-js-api]: The legacy JS API is deprecated and will be removed in Dart Sass 2.0.0.

More info: https://sass-lang.com/d/legacy-js-api

DEPRECATION WARNING [import]: Sass @import rules are deprecated and will be removed in Dart Sass 3.0.0.

More info and automated migrator: https://sass-lang.com/d/import

  ╷
2 │ @import '@/styles/common.scss';
  │         ^^^^^^^^^^^^^^^^^^^^^^
  ╵
    src/pages/artist/gallery/index.vue 2:9  root stylesheet

9:22:46 PM [vite] hmr update /src/pages/artist/gallery/index.vue, /src/pages/artist/gallery/index.vue?vue&type=style&index=0&scoped=9789b376&lang.scss
DEPRECATION WARNING [legacy-js-api]: The legacy JS API is deprecated and will be removed in Dart Sass 2.0.0.

More info: https://sass-lang.com/d/legacy-js-api

DEPRECATION WARNING [import]: Sass @import rules are deprecated and will be removed in Dart Sass 3.0.0.

More info and automated migrator: https://sass-lang.com/d/import

  ╷
2 │ @import '@/styles/common.scss';
  │         ^^^^^^^^^^^^^^^^^^^^^^
  ╵
    src/pages/artist/gallery/index.vue 2:9  root stylesheet

DEPRECATION WARNING [legacy-js-api]: The legacy JS API is deprecated and will be removed in Dart Sass 2.0.0.

More info: https://sass-lang.com/d/legacy-js-api

DEPRECATION WARNING [import]: Sass @import rules are deprecated and will be removed in Dart Sass 3.0.0.

More info and automated migrator: https://sass-lang.com/d/import

  ╷
2 │ @import '@/styles/common.scss';
  │         ^^^^^^^^^^^^^^^^^^^^^^
  ╵
    src/pages/artist/gallery/index.vue 2:9  root stylesheet

9:32:18 PM [vite] hmr update /src/pages/message/chat.vue
9:32:18 PM [vite] hmr update /src/pages/user/index.vue
9:32:18 PM [vite] hmr update /src/pages/cart/index.vue
9:32:18 PM [vite] hmr update /src/pages/artist/list.vue
9:32:18 PM [vite] hmr update /src/pages/artist/gallery/index.vue, /src/pages/artist/gallery/index.vue?vue&type=style&index=0&scoped=9789b376&lang.scss
9:32:18 PM [vite] page reload src/main.js
9:32:18 PM [vite] hmr update /src/pages/user/index.vue
9:32:18 PM [vite] page reload src/api/request.js
9:32:18 PM [vite] hmr update /src/pages/user/index.vue, /src/pages/cart/index.vue
9:32:18 PM [vite] hmr update /src/pages/gallery/detail.vue
9:32:18 PM [vite] hmr update /src/pages/gallery/detail.vue, /src/pages/index/index.vue, /src/pages/user/index.vue, /src/pages/artist/publish.vue, /src/pages/login/index.vue, /src/pages/user/address.vue
9:32:18 PM [vite] hmr update /src/pages/gallery/detail.vue
9:32:18 PM [vite] hmr update /src/pages/auction/index.vue
9:32:18 PM [vite] page reload src/api/artistScore.js
9:32:18 PM [vite] hmr update /src/pages/artist/publish.vue
9:32:18 PM [vite] hmr update /src/pages/gallery/detail.vue, /src/pages/index/index.vue, /src/pages/artist/publish.vue, /src/pages/artist/list.vue
9:32:18 PM [vite] page reload src/store/index.js
9:32:18 PM [vite] hmr update /src/pages/cart/index.vue
9:32:18 PM [vite] hmr update /src/pages/gallery/detail.vue, /src/pages/index/index.vue, /src/pages/user/index.vue, /src/pages/artist/publish.vue, /src/pages/login/index.vue
DEPRECATION WARNING [legacy-js-api]: The legacy JS API is deprecated and will be removed in Dart Sass 2.0.0.

More info: https://sass-lang.com/d/legacy-js-api

DEPRECATION WARNING [import]: Sass @import rules are deprecated and will be removed in Dart Sass 3.0.0.

More info and automated migrator: https://sass-lang.com/d/import

  ╷
2 │ @import '@/styles/common.scss';
  │         ^^^^^^^^^^^^^^^^^^^^^^
  ╵
    src/pages/artist/gallery/index.vue 2:9  root stylesheet

DEPRECATION WARNING [legacy-js-api]: The legacy JS API is deprecated and will be removed in Dart Sass 2.0.0.

More info: https://sass-lang.com/d/legacy-js-api

DEPRECATION WARNING [import]: Sass @import rules are deprecated and will be removed in Dart Sass 3.0.0.

More info and automated migrator: https://sass-lang.com/d/import

  ╷
2 │ @import '@/styles/common.scss';
  │         ^^^^^^^^^^^^^^^^^^^^^^
  ╵
    src/pages/artist/gallery/index.vue 2:9  root stylesheet

DEPRECATION WARNING [legacy-js-api]: The legacy JS API is deprecated and will be removed in Dart Sass 2.0.0.

More info: https://sass-lang.com/d/legacy-js-api

DEPRECATION WARNING [import]: Sass @import rules are deprecated and will be removed in Dart Sass 3.0.0.

More info and automated migrator: https://sass-lang.com/d/import

  ╷
2 │ @import '@/styles/common.scss';
  │         ^^^^^^^^^^^^^^^^^^^^^^
  ╵
    src/pages/artist/list.vue 2:9  root stylesheet

DEPRECATION WARNING [legacy-js-api]: The legacy JS API is deprecated and will be removed in Dart Sass 2.0.0.

More info: https://sass-lang.com/d/legacy-js-api

DEPRECATION WARNING [import]: Sass @import rules are deprecated and will be removed in Dart Sass 3.0.0.

More info and automated migrator: https://sass-lang.com/d/import

  ╷
2 │ @import '@/styles/common.scss';
  │         ^^^^^^^^^^^^^^^^^^^^^^
  ╵
    src/pages/gallery/detail.vue 2:9  root stylesheet

DEPRECATION WARNING [legacy-js-api]: The legacy JS API is deprecated and will be removed in Dart Sass 2.0.0.

More info: https://sass-lang.com/d/legacy-js-api

DEPRECATION WARNING [import]: Sass @import rules are deprecated and will be removed in Dart Sass 3.0.0.

More info and automated migrator: https://sass-lang.com/d/import

  ╷
2 │ @import '@/styles/common.scss';
  │         ^^^^^^^^^^^^^^^^^^^^^^
  ╵
    src/pages/index/index.vue 2:9  root stylesheet

DEPRECATION WARNING [legacy-js-api]: The legacy JS API is deprecated and will be removed in Dart Sass 2.0.0.

More info: https://sass-lang.com/d/legacy-js-api

DEPRECATION WARNING [import]: Sass @import rules are deprecated and will be removed in Dart Sass 3.0.0.

More info and automated migrator: https://sass-lang.com/d/import

  ╷
2 │ @import '@/styles/common.scss';
  │         ^^^^^^^^^^^^^^^^^^^^^^
  ╵
    src/pages/artist/list.vue 2:9  root stylesheet

DEPRECATION WARNING [legacy-js-api]: The legacy JS API is deprecated and will be removed in Dart Sass 2.0.0.

More info: https://sass-lang.com/d/legacy-js-api

DEPRECATION WARNING [import]: Sass @import rules are deprecated and will be removed in Dart Sass 3.0.0.

More info and automated migrator: https://sass-lang.com/d/import

  ╷
2 │ @import '@/styles/common.scss';
  │         ^^^^^^^^^^^^^^^^^^^^^^
  ╵
    src/components/custom-tab-bar/index.vue 2:9  root stylesheet

DEPRECATION WARNING [legacy-js-api]: The legacy JS API is deprecated and will be removed in Dart Sass 2.0.0.

More info: https://sass-lang.com/d/legacy-js-api

DEPRECATION WARNING [import]: Sass @import rules are deprecated and will be removed in Dart Sass 3.0.0.

More info and automated migrator: https://sass-lang.com/d/import

  ╷
2 │ @import '@/styles/common.scss';
  │         ^^^^^^^^^^^^^^^^^^^^^^
  ╵
    src/App.vue 2:9  root stylesheet

DEPRECATION WARNING [import]: Sass @import rules are deprecated and will be removed in Dart Sass 3.0.0.

More info and automated migrator: https://sass-lang.com/d/import

  ╷
4 │ @import '@/styles/common.scss';
  │         ^^^^^^^^^^^^^^^^^^^^^^
  ╵
    src/App.vue 4:9  root stylesheet

DEPRECATION WARNING [import]: Sass @import rules are deprecated and will be removed in Dart Sass 3.0.0.

More info and automated migrator: https://sass-lang.com/d/import

  ╷
5 │ @import '@/styles/iconfont.scss';
  │         ^^^^^^^^^^^^^^^^^^^^^^^^
  ╵
    src/App.vue 5:9  root stylesheet

DEPRECATION WARNING [legacy-js-api]: The legacy JS API is deprecated and will be removed in Dart Sass 2.0.0.

More info: https://sass-lang.com/d/legacy-js-api

DEPRECATION WARNING [import]: Sass @import rules are deprecated and will be removed in Dart Sass 3.0.0.

More info and automated migrator: https://sass-lang.com/d/import

  ╷
2 │ @import '@/styles/common.scss';
  │         ^^^^^^^^^^^^^^^^^^^^^^
  ╵
    src/pages/gallery/detail.vue 2:9  root stylesheet

DEPRECATION WARNING [legacy-js-api]: The legacy JS API is deprecated and will be removed in Dart Sass 2.0.0.

More info: https://sass-lang.com/d/legacy-js-api

DEPRECATION WARNING [import]: Sass @import rules are deprecated and will be removed in Dart Sass 3.0.0.

More info and automated migrator: https://sass-lang.com/d/import

  ╷
2 │ @import '@/styles/common.scss';
  │         ^^^^^^^^^^^^^^^^^^^^^^
  ╵
    src/pages/artist/gallery/index.vue 2:9  root stylesheet

DEPRECATION WARNING [legacy-js-api]: The legacy JS API is deprecated and will be removed in Dart Sass 2.0.0.

More info: https://sass-lang.com/d/legacy-js-api

DEPRECATION WARNING [import]: Sass @import rules are deprecated and will be removed in Dart Sass 3.0.0.

More info and automated migrator: https://sass-lang.com/d/import

  ╷
2 │ @import '@/styles/common.scss';
  │         ^^^^^^^^^^^^^^^^^^^^^^
  ╵
    src/pages/artist/gallery/index.vue 2:9  root stylesheet

DEPRECATION WARNING [legacy-js-api]: The legacy JS API is deprecated and will be removed in Dart Sass 2.0.0.

More info: https://sass-lang.com/d/legacy-js-api

DEPRECATION WARNING [import]: Sass @import rules are deprecated and will be removed in Dart Sass 3.0.0.

More info and automated migrator: https://sass-lang.com/d/import

  ╷
2 │ @import '@/styles/common.scss';
  │         ^^^^^^^^^^^^^^^^^^^^^^
  ╵
    src/pages/artist/home.vue 2:9  root stylesheet

9:32:29 PM [vite] hmr update /src/pages/artist/gallery/index.vue?vue&type=style&index=0&scoped=9789b376&lang.scss, /src/pages/artist/gallery/index.vue
DEPRECATION WARNING [legacy-js-api]: The legacy JS API is deprecated and will be removed in Dart Sass 2.0.0.

More info: https://sass-lang.com/d/legacy-js-api

DEPRECATION WARNING [import]: Sass @import rules are deprecated and will be removed in Dart Sass 3.0.0.

More info and automated migrator: https://sass-lang.com/d/import

  ╷
2 │ @import '@/styles/common.scss';
  │         ^^^^^^^^^^^^^^^^^^^^^^
  ╵
    src/pages/artist/gallery/index.vue 2:9  root stylesheet

9:32:32 PM [vite] hmr update /src/pages/user/index.vue
DEPRECATION WARNING [legacy-js-api]: The legacy JS API is deprecated and will be removed in Dart Sass 2.0.0.

More info: https://sass-lang.com/d/legacy-js-api

DEPRECATION WARNING [import]: Sass @import rules are deprecated and will be removed in Dart Sass 3.0.0.

More info and automated migrator: https://sass-lang.com/d/import

  ╷
2 │ @import '@/styles/common.scss';
  │         ^^^^^^^^^^^^^^^^^^^^^^
  ╵
    src/pages/artist/publish.vue 2:9  root stylesheet

DEPRECATION WARNING [legacy-js-api]: The legacy JS API is deprecated and will be removed in Dart Sass 2.0.0.

More info: https://sass-lang.com/d/legacy-js-api

DEPRECATION WARNING [import]: Sass @import rules are deprecated and will be removed in Dart Sass 3.0.0.

More info and automated migrator: https://sass-lang.com/d/import

  ╷
2 │ @import '@/styles/common.scss';
  │         ^^^^^^^^^^^^^^^^^^^^^^
  ╵
    src/pages/artist/publish.vue 2:9  root stylesheet

9:33:44 PM [vite] hmr update /src/pages/artist/publish.vue
DEPRECATION WARNING [legacy-js-api]: The legacy JS API is deprecated and will be removed in Dart Sass 2.0.0.

More info: https://sass-lang.com/d/legacy-js-api

DEPRECATION WARNING [import]: Sass @import rules are deprecated and will be removed in Dart Sass 3.0.0.

More info and automated migrator: https://sass-lang.com/d/import

  ╷
2 │ @import '@/styles/common.scss';
  │         ^^^^^^^^^^^^^^^^^^^^^^
  ╵
    src/pages/artist/publish.vue 2:9  root stylesheet

9:33:44 PM [vite] page reload src/main.js
9:33:44 PM [vite] hmr update /src/pages/user/index.vue
9:33:44 PM [vite] page reload src/api/request.js
9:33:44 PM [vite] hmr update /src/pages/user/index.vue, /src/pages/cart/index.vue
9:33:44 PM [vite] hmr update /src/pages/gallery/detail.vue
9:33:44 PM [vite] hmr update /src/pages/gallery/detail.vue, /src/pages/index/index.vue, /src/pages/user/index.vue, /src/pages/artist/publish.vue, /src/pages/login/index.vue, /src/pages/user/address.vue
9:33:44 PM [vite] hmr update /src/pages/gallery/detail.vue
9:33:44 PM [vite] hmr update /src/pages/auction/index.vue
9:33:44 PM [vite] page reload src/api/artistScore.js
9:33:44 PM [vite] hmr update /src/pages/artist/publish.vue
9:33:44 PM [vite] hmr update /src/pages/gallery/detail.vue, /src/pages/index/index.vue, /src/pages/artist/publish.vue, /src/pages/artist/list.vue
9:33:44 PM [vite] page reload src/store/index.js
9:33:44 PM [vite] hmr update /src/pages/cart/index.vue
9:33:44 PM [vite] hmr update /src/pages/gallery/detail.vue, /src/pages/index/index.vue, /src/pages/user/index.vue, /src/pages/artist/publish.vue, /src/pages/login/index.vue
DEPRECATION WARNING [legacy-js-api]: The legacy JS API is deprecated and will be removed in Dart Sass 2.0.0.

More info: https://sass-lang.com/d/legacy-js-api

DEPRECATION WARNING [import]: Sass @import rules are deprecated and will be removed in Dart Sass 3.0.0.

More info and automated migrator: https://sass-lang.com/d/import

  ╷
2 │ @import '@/styles/common.scss';
  │         ^^^^^^^^^^^^^^^^^^^^^^
  ╵
    src/pages/artist/publish.vue 2:9  root stylesheet

DEPRECATION WARNING [legacy-js-api]: The legacy JS API is deprecated and will be removed in Dart Sass 2.0.0.

More info: https://sass-lang.com/d/legacy-js-api

DEPRECATION WARNING [import]: Sass @import rules are deprecated and will be removed in Dart Sass 3.0.0.

More info and automated migrator: https://sass-lang.com/d/import

  ╷
2 │ @import '@/styles/common.scss';
  │         ^^^^^^^^^^^^^^^^^^^^^^
  ╵
    src/App.vue 2:9  root stylesheet

DEPRECATION WARNING [import]: Sass @import rules are deprecated and will be removed in Dart Sass 3.0.0.

More info and automated migrator: https://sass-lang.com/d/import

  ╷
4 │ @import '@/styles/common.scss';
  │         ^^^^^^^^^^^^^^^^^^^^^^
  ╵
    src/App.vue 4:9  root stylesheet

DEPRECATION WARNING [import]: Sass @import rules are deprecated and will be removed in Dart Sass 3.0.0.

More info and automated migrator: https://sass-lang.com/d/import

  ╷
5 │ @import '@/styles/iconfont.scss';
  │         ^^^^^^^^^^^^^^^^^^^^^^^^
  ╵
    src/App.vue 5:9  root stylesheet

9:33:44 PM [vite] page reload src/main.js
9:33:44 PM [vite] hmr update /src/pages/user/index.vue
9:33:44 PM [vite] page reload src/api/request.js
9:33:44 PM [vite] hmr update /src/pages/user/index.vue, /src/pages/cart/index.vue
9:33:44 PM [vite] hmr update /src/pages/gallery/detail.vue
9:33:44 PM [vite] hmr update /src/pages/gallery/detail.vue, /src/pages/index/index.vue, /src/pages/user/index.vue, /src/pages/artist/publish.vue, /src/pages/login/index.vue, /src/pages/user/address.vue
9:33:44 PM [vite] hmr update /src/pages/gallery/detail.vue
9:33:44 PM [vite] hmr update /src/pages/auction/index.vue
9:33:44 PM [vite] page reload src/api/artistScore.js
9:33:44 PM [vite] hmr update /src/pages/artist/publish.vue
9:33:44 PM [vite] hmr update /src/pages/gallery/detail.vue, /src/pages/index/index.vue, /src/pages/artist/publish.vue, /src/pages/artist/list.vue
9:33:44 PM [vite] page reload src/store/index.js
9:33:44 PM [vite] hmr update /src/pages/cart/index.vue
9:33:44 PM [vite] hmr update /src/pages/gallery/detail.vue, /src/pages/index/index.vue, /src/pages/user/index.vue, /src/pages/artist/publish.vue, /src/pages/login/index.vue
DEPRECATION WARNING [legacy-js-api]: The legacy JS API is deprecated and will be removed in Dart Sass 2.0.0.

More info: https://sass-lang.com/d/legacy-js-api

DEPRECATION WARNING [import]: Sass @import rules are deprecated and will be removed in Dart Sass 3.0.0.

More info and automated migrator: https://sass-lang.com/d/import

  ╷
2 │ @import '@/styles/common.scss';
  │         ^^^^^^^^^^^^^^^^^^^^^^
  ╵
    src/pages/artist/publish.vue 2:9  root stylesheet

DEPRECATION WARNING [legacy-js-api]: The legacy JS API is deprecated and will be removed in Dart Sass 2.0.0.

More info: https://sass-lang.com/d/legacy-js-api

DEPRECATION WARNING [import]: Sass @import rules are deprecated and will be removed in Dart Sass 3.0.0.

More info and automated migrator: https://sass-lang.com/d/import

  ╷
2 │ @import '@/styles/common.scss';
  │         ^^^^^^^^^^^^^^^^^^^^^^
  ╵
    src/pages/artist/gallery/index.vue 2:9  root stylesheet

DEPRECATION WARNING [legacy-js-api]: The legacy JS API is deprecated and will be removed in Dart Sass 2.0.0.

More info: https://sass-lang.com/d/legacy-js-api

DEPRECATION WARNING [import]: Sass @import rules are deprecated and will be removed in Dart Sass 3.0.0.

More info and automated migrator: https://sass-lang.com/d/import

  ╷
2 │ @import '@/styles/common.scss';
  │         ^^^^^^^^^^^^^^^^^^^^^^
  ╵
    src/pages/artist/gallery/index.vue 2:9  root stylesheet

9:37:48 PM [vite] hmr update /src/pages/artist/gallery/index.vue?vue&type=style&index=0&scoped=9789b376&lang.scss
DEPRECATION WARNING [legacy-js-api]: The legacy JS API is deprecated and will be removed in Dart Sass 2.0.0.

More info: https://sass-lang.com/d/legacy-js-api

DEPRECATION WARNING [import]: Sass @import rules are deprecated and will be removed in Dart Sass 3.0.0.

More info and automated migrator: https://sass-lang.com/d/import

  ╷
2 │ @import '@/styles/common.scss';
  │         ^^^^^^^^^^^^^^^^^^^^^^
  ╵
    src/pages/artist/gallery/index.vue 2:9  root stylesheet

DEPRECATION WARNING [legacy-js-api]: The legacy JS API is deprecated and will be removed in Dart Sass 2.0.0.

More info: https://sass-lang.com/d/legacy-js-api

DEPRECATION WARNING [import]: Sass @import rules are deprecated and will be removed in Dart Sass 3.0.0.

More info and automated migrator: https://sass-lang.com/d/import

  ╷
2 │ @import '@/styles/common.scss';
  │         ^^^^^^^^^^^^^^^^^^^^^^
  ╵
    src/pages/artist/detail/index.vue 2:9  root stylesheet

9:48:16 PM [vite] hmr update /src/pages/artist/gallery/index.vue?vue&type=style&index=0&scoped=9789b376&lang.scss
DEPRECATION WARNING [legacy-js-api]: The legacy JS API is deprecated and will be removed in Dart Sass 2.0.0.

More info: https://sass-lang.com/d/legacy-js-api

DEPRECATION WARNING [import]: Sass @import rules are deprecated and will be removed in Dart Sass 3.0.0.

More info and automated migrator: https://sass-lang.com/d/import

  ╷
2 │ @import '@/styles/common.scss';
  │         ^^^^^^^^^^^^^^^^^^^^^^
  ╵
    src/pages/artist/gallery/index.vue 2:9  root stylesheet

DEPRECATION WARNING [legacy-js-api]: The legacy JS API is deprecated and will be removed in Dart Sass 2.0.0.

More info: https://sass-lang.com/d/legacy-js-api

DEPRECATION WARNING [import]: Sass @import rules are deprecated and will be removed in Dart Sass 3.0.0.

More info and automated migrator: https://sass-lang.com/d/import

  ╷
2 │ @import '@/styles/common.scss';
  │         ^^^^^^^^^^^^^^^^^^^^^^
  ╵
    src/pages/index/index.vue 2:9  root stylesheet

DEPRECATION WARNING [legacy-js-api]: The legacy JS API is deprecated and will be removed in Dart Sass 2.0.0.

More info: https://sass-lang.com/d/legacy-js-api

DEPRECATION WARNING [import]: Sass @import rules are deprecated and will be removed in Dart Sass 3.0.0.

More info and automated migrator: https://sass-lang.com/d/import

  ╷
2 │ @import '@/styles/common.scss';
  │         ^^^^^^^^^^^^^^^^^^^^^^
  ╵
    src/components/custom-tab-bar/index.vue 2:9  root stylesheet

DEPRECATION WARNING [legacy-js-api]: The legacy JS API is deprecated and will be removed in Dart Sass 2.0.0.

More info: https://sass-lang.com/d/legacy-js-api

DEPRECATION WARNING [import]: Sass @import rules are deprecated and will be removed in Dart Sass 3.0.0.

More info and automated migrator: https://sass-lang.com/d/import

  ╷
2 │ @import '@/styles/common.scss';
  │         ^^^^^^^^^^^^^^^^^^^^^^
  ╵
    src/pages/index/index.vue 2:9  root stylesheet

DEPRECATION WARNING [legacy-js-api]: The legacy JS API is deprecated and will be removed in Dart Sass 2.0.0.

More info: https://sass-lang.com/d/legacy-js-api

DEPRECATION WARNING [import]: Sass @import rules are deprecated and will be removed in Dart Sass 3.0.0.

More info and automated migrator: https://sass-lang.com/d/import

  ╷
2 │ @import '@/styles/common.scss';
  │         ^^^^^^^^^^^^^^^^^^^^^^
  ╵
    src/pages/user/index.vue 2:9  root stylesheet

DEPRECATION WARNING [legacy-js-api]: The legacy JS API is deprecated and will be removed in Dart Sass 2.0.0.

More info: https://sass-lang.com/d/legacy-js-api

DEPRECATION WARNING [import]: Sass @import rules are deprecated and will be removed in Dart Sass 3.0.0.

More info and automated migrator: https://sass-lang.com/d/import

  ╷
2 │ @import '@/styles/common.scss';
  │         ^^^^^^^^^^^^^^^^^^^^^^
  ╵
    src/pages/cart/index.vue 2:9  root stylesheet

10:04:26 PM [vite] hmr update /src/pages/artist/gallery/index.vue?vue&type=style&index=0&scoped=9789b376&lang.scss, /src/pages/artist/gallery/index.vue
DEPRECATION WARNING [legacy-js-api]: The legacy JS API is deprecated and will be removed in Dart Sass 2.0.0.

More info: https://sass-lang.com/d/legacy-js-api

DEPRECATION WARNING [import]: Sass @import rules are deprecated and will be removed in Dart Sass 3.0.0.

More info and automated migrator: https://sass-lang.com/d/import

  ╷
2 │ @import '@/styles/common.scss';
  │         ^^^^^^^^^^^^^^^^^^^^^^
  ╵
    src/pages/artist/gallery/index.vue 2:9  root stylesheet

DEPRECATION WARNING [legacy-js-api]: The legacy JS API is deprecated and will be removed in Dart Sass 2.0.0.

More info: https://sass-lang.com/d/legacy-js-api

DEPRECATION WARNING [import]: Sass @import rules are deprecated and will be removed in Dart Sass 3.0.0.

More info and automated migrator: https://sass-lang.com/d/import

  ╷
2 │ @import '@/styles/common.scss';
  │         ^^^^^^^^^^^^^^^^^^^^^^
  ╵
    src/pages/artist/gallery/index.vue 2:9  root stylesheet

DEPRECATION WARNING [legacy-js-api]: The legacy JS API is deprecated and will be removed in Dart Sass 2.0.0.

More info: https://sass-lang.com/d/legacy-js-api

DEPRECATION WARNING [import]: Sass @import rules are deprecated and will be removed in Dart Sass 3.0.0.

More info and automated migrator: https://sass-lang.com/d/import

  ╷
2 │ @import '@/styles/common.scss';
  │         ^^^^^^^^^^^^^^^^^^^^^^
  ╵
    src/pages/gallery/detail.vue 2:9  root stylesheet

DEPRECATION WARNING [legacy-js-api]: The legacy JS API is deprecated and will be removed in Dart Sass 2.0.0.

More info: https://sass-lang.com/d/legacy-js-api

DEPRECATION WARNING [import]: Sass @import rules are deprecated and will be removed in Dart Sass 3.0.0.

More info and automated migrator: https://sass-lang.com/d/import

  ╷
2 │ @import '@/styles/common.scss';
  │         ^^^^^^^^^^^^^^^^^^^^^^
  ╵
    src/pages/gallery/detail.vue 2:9  root stylesheet

DEPRECATION WARNING [legacy-js-api]: The legacy JS API is deprecated and will be removed in Dart Sass 2.0.0.

More info: https://sass-lang.com/d/legacy-js-api

DEPRECATION WARNING [import]: Sass @import rules are deprecated and will be removed in Dart Sass 3.0.0.

More info and automated migrator: https://sass-lang.com/d/import

  ╷
2 │ @import '@/styles/common.scss';
  │         ^^^^^^^^^^^^^^^^^^^^^^
  ╵
    src/pages/artist/home.vue 2:9  root stylesheet

DEPRECATION WARNING [legacy-js-api]: The legacy JS API is deprecated and will be removed in Dart Sass 2.0.0.

More info: https://sass-lang.com/d/legacy-js-api

DEPRECATION WARNING [import]: Sass @import rules are deprecated and will be removed in Dart Sass 3.0.0.

More info and automated migrator: https://sass-lang.com/d/import

  ╷
2 │ @import '@/styles/common.scss';
  │         ^^^^^^^^^^^^^^^^^^^^^^
  ╵
    src/pages/artist/works/index.vue 2:9  root stylesheet

DEPRECATION WARNING [legacy-js-api]: The legacy JS API is deprecated and will be removed in Dart Sass 2.0.0.

More info: https://sass-lang.com/d/legacy-js-api

DEPRECATION WARNING [import]: Sass @import rules are deprecated and will be removed in Dart Sass 3.0.0.

More info and automated migrator: https://sass-lang.com/d/import

  ╷
2 │ @import '@/styles/common.scss';
  │         ^^^^^^^^^^^^^^^^^^^^^^
  ╵
    src/pages/artist/list.vue 2:9  root stylesheet

10:45:55 AM [vite] hmr update /src/pages/artist/home.vue?vue&type=style&index=0&scoped=bf8cfc74&lang.scss, /src/pages/artist/home.vue
DEPRECATION WARNING [legacy-js-api]: The legacy JS API is deprecated and will be removed in Dart Sass 2.0.0.

More info: https://sass-lang.com/d/legacy-js-api

DEPRECATION WARNING [import]: Sass @import rules are deprecated and will be removed in Dart Sass 3.0.0.

More info and automated migrator: https://sass-lang.com/d/import

  ╷
2 │ @import '@/styles/common.scss';
  │         ^^^^^^^^^^^^^^^^^^^^^^
  ╵
    src/pages/artist/home.vue 2:9  root stylesheet

DEPRECATION WARNING [legacy-js-api]: The legacy JS API is deprecated and will be removed in Dart Sass 2.0.0.

More info: https://sass-lang.com/d/legacy-js-api

DEPRECATION WARNING [import]: Sass @import rules are deprecated and will be removed in Dart Sass 3.0.0.

More info and automated migrator: https://sass-lang.com/d/import

  ╷
2 │ @import '@/styles/common.scss';
  │         ^^^^^^^^^^^^^^^^^^^^^^
  ╵
    src/pages/artist/home.vue 2:9  root stylesheet

12:56:01 PM [vite] hmr update /src/pages/artist/home.vue?vue&type=style&index=0&scoped=bf8cfc74&lang.scss, /src/pages/artist/home.vue
DEPRECATION WARNING [legacy-js-api]: The legacy JS API is deprecated and will be removed in Dart Sass 2.0.0.

More info: https://sass-lang.com/d/legacy-js-api

DEPRECATION WARNING [import]: Sass @import rules are deprecated and will be removed in Dart Sass 3.0.0.

More info and automated migrator: https://sass-lang.com/d/import

  ╷
2 │ @import '@/styles/common.scss';
  │         ^^^^^^^^^^^^^^^^^^^^^^
  ╵
    src/pages/artist/home.vue 2:9  root stylesheet

1:07:25 PM [vite] hmr update /src/pages/artist/home.vue?vue&type=style&index=0&scoped=bf8cfc74&lang.scss, /src/pages/artist/home.vue
DEPRECATION WARNING [legacy-js-api]: The legacy JS API is deprecated and will be removed in Dart Sass 2.0.0.

More info: https://sass-lang.com/d/legacy-js-api

DEPRECATION WARNING [import]: Sass @import rules are deprecated and will be removed in Dart Sass 3.0.0.

More info and automated migrator: https://sass-lang.com/d/import

  ╷
2 │ @import '@/styles/common.scss';
  │         ^^^^^^^^^^^^^^^^^^^^^^
  ╵
    src/pages/artist/home.vue 2:9  root stylesheet

1:40:44 PM [vite] hmr update /src/pages/artist/home.vue?vue&type=style&index=0&scoped=bf8cfc74&lang.scss, /src/pages/artist/home.vue
DEPRECATION WARNING [legacy-js-api]: The legacy JS API is deprecated and will be removed in Dart Sass 2.0.0.

More info: https://sass-lang.com/d/legacy-js-api

DEPRECATION WARNING [import]: Sass @import rules are deprecated and will be removed in Dart Sass 3.0.0.

More info and automated migrator: https://sass-lang.com/d/import

  ╷
2 │ @import '@/styles/common.scss';
  │         ^^^^^^^^^^^^^^^^^^^^^^
  ╵
    src/pages/artist/home.vue 2:9  root stylesheet

4:19:52 PM [vite] hmr update /src/pages/gallery/detail.vue
4:20:23 PM [vite] hmr update /src/pages/gallery/detail.vue
4:20:31 PM [vite] hmr update /src/pages/gallery/detail.vue
4:20:44 PM [vite] hmr update /src/pages/gallery/detail.vue
4:21:13 PM [vite] hmr update /src/pages/gallery/detail.vue
4:21:18 PM [vite] hmr update /src/pages/gallery/detail.vue
4:21:50 PM [vite] hmr update /src/pages/gallery/detail.vue?vue&type=style&index=0&scoped=e475c92b&lang.scss
4:22:30 PM [vite] hmr update /src/pages/artist/home.vue
4:22:37 PM [vite] hmr update /src/pages/artist/home.vue
DEPRECATION WARNING [legacy-js-api]: The legacy JS API is deprecated and will be removed in Dart Sass 2.0.0.

More info: https://sass-lang.com/d/legacy-js-api

DEPRECATION WARNING [import]: Sass @import rules are deprecated and will be removed in Dart Sass 3.0.0.

More info and automated migrator: https://sass-lang.com/d/import

  ╷
2 │ @import '@/styles/common.scss';
  │         ^^^^^^^^^^^^^^^^^^^^^^
  ╵
    src/pages/gallery/detail.vue 2:9  root stylesheet

DEPRECATION WARNING [legacy-js-api]: The legacy JS API is deprecated and will be removed in Dart Sass 2.0.0.

More info: https://sass-lang.com/d/legacy-js-api

DEPRECATION WARNING [import]: Sass @import rules are deprecated and will be removed in Dart Sass 3.0.0.

More info and automated migrator: https://sass-lang.com/d/import

  ╷
2 │ @import '@/styles/common.scss';
  │         ^^^^^^^^^^^^^^^^^^^^^^
  ╵
    src/pages/gallery/detail.vue 2:9  root stylesheet

4:27:31 PM [vite] hmr update /src/pages/user/index.vue
4:29:13 PM [vite] hmr update /src/pages/user/index.vue
4:29:18 PM [vite] page reload src/api/request.js
4:29:50 PM [vite] hmr update /src/pages/user/index.vue
4:30:09 PM [vite] hmr update /src/pages/user/index.vue
4:30:09 PM [vite] hmr update /src/pages/user/index.vue
4:30:29 PM [vite] hmr update /src/pages/user/index.vue
DEPRECATION WARNING [legacy-js-api]: The legacy JS API is deprecated and will be removed in Dart Sass 2.0.0.

More info: https://sass-lang.com/d/legacy-js-api

DEPRECATION WARNING [import]: Sass @import rules are deprecated and will be removed in Dart Sass 3.0.0.

More info and automated migrator: https://sass-lang.com/d/import

  ╷
2 │ @import '@/styles/common.scss';
  │         ^^^^^^^^^^^^^^^^^^^^^^
  ╵
    src/pages/artist/home.vue 2:9  root stylesheet

DEPRECATION WARNING [legacy-js-api]: The legacy JS API is deprecated and will be removed in Dart Sass 2.0.0.

More info: https://sass-lang.com/d/legacy-js-api

DEPRECATION WARNING [import]: Sass @import rules are deprecated and will be removed in Dart Sass 3.0.0.

More info and automated migrator: https://sass-lang.com/d/import

  ╷
2 │ @import '@/styles/common.scss';
  │         ^^^^^^^^^^^^^^^^^^^^^^
  ╵
    src/pages/artist/home.vue 2:9  root stylesheet

7:44:12 PM [vite] hmr update /src/pages/gallery/detail.vue
DEPRECATION WARNING [legacy-js-api]: The legacy JS API is deprecated and will be removed in Dart Sass 2.0.0.

More info: https://sass-lang.com/d/legacy-js-api

DEPRECATION WARNING [import]: Sass @import rules are deprecated and will be removed in Dart Sass 3.0.0.

More info and automated migrator: https://sass-lang.com/d/import

  ╷
2 │ @import '@/styles/common.scss';
  │         ^^^^^^^^^^^^^^^^^^^^^^
  ╵
    src/pages/gallery/detail.vue 2:9  root stylesheet

8:10:25 PM [vite] hmr update /src/pages/gallery/detail.vue
DEPRECATION WARNING [legacy-js-api]: The legacy JS API is deprecated and will be removed in Dart Sass 2.0.0.

More info: https://sass-lang.com/d/legacy-js-api

DEPRECATION WARNING [import]: Sass @import rules are deprecated and will be removed in Dart Sass 3.0.0.

More info and automated migrator: https://sass-lang.com/d/import

  ╷
2 │ @import '@/styles/common.scss';
  │         ^^^^^^^^^^^^^^^^^^^^^^
  ╵
    src/pages/gallery/detail.vue 2:9  root stylesheet

8:13:30 PM [vite] hmr update /src/pages/gallery/detail.vue
DEPRECATION WARNING [legacy-js-api]: The legacy JS API is deprecated and will be removed in Dart Sass 2.0.0.

More info: https://sass-lang.com/d/legacy-js-api

DEPRECATION WARNING [import]: Sass @import rules are deprecated and will be removed in Dart Sass 3.0.0.

More info and automated migrator: https://sass-lang.com/d/import

  ╷
2 │ @import '@/styles/common.scss';
  │         ^^^^^^^^^^^^^^^^^^^^^^
  ╵
    src/pages/gallery/detail.vue 2:9  root stylesheet

8:56:15 PM [vite] hmr update /src/pages/artist/publish.vue
8:56:32 PM [vite] hmr update /src/pages/artist/publish.vue
8:56:38 PM [vite] hmr update /src/pages/artist/publish.vue
10:15:33 PM [vite] hmr update /src/pages/gallery/detail.vue
DEPRECATION WARNING [legacy-js-api]: The legacy JS API is deprecated and will be removed in Dart Sass 2.0.0.

More info: https://sass-lang.com/d/legacy-js-api

DEPRECATION WARNING [import]: Sass @import rules are deprecated and will be removed in Dart Sass 3.0.0.

More info and automated migrator: https://sass-lang.com/d/import

  ╷
2 │ @import '@/styles/common.scss';
  │         ^^^^^^^^^^^^^^^^^^^^^^
  ╵
    src/pages/gallery/detail.vue 2:9  root stylesheet

10:15:33 PM [vite] hmr update /src/pages/gallery/detail.vue

欢迎将web站点部署到uniCloud前端网页托管平台，高速、免费、安全、省心，详见：https://uniapp.dcloud.io/uniCloud/hosting
