Standard Commons Logging discovery in action with spring-jcl: please remove commons-logging.jar from classpath in order to avoid potential conflicts
2026-05-17T22:02:54.110+08:00  WARN 14077 --- [           main] c.a.nacos.client.logging.NacosLogging    : Load Logback Configuration of Nacos fail, message: Could not initialize Logback Nacos logging from classpath:nacos-logback.xml

  .   ____          _            __ _ _
 /\\ / ___'_ __ _ _(_)_ __  __ _ \ \ \ \
( ( )\___ | '_ | '_| | '_ \/ _` | \ \ \ \
 \\/  ___)| |_)| | | | | || (_| |  ) ) ) )
  '  |____| .__|_| |_|_| |_\__, | / / / /
 =========|_|==============|___/=/_/_/_/
 :: Spring Boot ::                (v3.1.5)

2026-05-17T22:02:54.375+08:00  WARN 14077 --- [           main] c.a.nacos.client.logging.NacosLogging    : Load Logback Configuration of Nacos fail, message: Could not initialize Logback Nacos logging from classpath:nacos-logback.xml
2026-05-17T22:02:54.380+08:00  INFO 14077 --- [           main] com.shiyiju.user.UserApplication         : Starting UserApplication using Java 17.0.19 with PID 14077 (/Users/master/CodeBuddy/art12/backend/shiyiju-user/target/shiyiju-user-1.0.0-SNAPSHOT-exec.jar started by master in /Users/master/CodeBuddy/art12)
2026-05-17T22:02:54.380+08:00 DEBUG 14077 --- [           main] com.shiyiju.user.UserApplication         : Running with Spring Boot v3.1.5, Spring v6.0.13
2026-05-17T22:02:54.380+08:00  INFO 14077 --- [           main] com.shiyiju.user.UserApplication         : The following 1 profile is active: "local"
2026-05-17T22:02:56.649+08:00  INFO 14077 --- [           main] .s.d.r.c.RepositoryConfigurationDelegate : Multiple Spring Data modules found, entering strict repository configuration mode
2026-05-17T22:02:56.650+08:00  INFO 14077 --- [           main] .s.d.r.c.RepositoryConfigurationDelegate : Bootstrapping Spring Data Redis repositories in DEFAULT mode.
2026-05-17T22:02:56.680+08:00  INFO 14077 --- [           main] .s.d.r.c.RepositoryConfigurationDelegate : Finished Spring Data repository scanning in 13 ms. Found 0 Redis repository interfaces.
2026-05-17T22:02:57.257+08:00  INFO 14077 --- [           main] o.s.cloud.context.scope.GenericScope     : BeanFactory id=cc3b6257-bbbd-381c-af84-b84f000c07aa
2026-05-17T22:02:58.490+08:00  INFO 14077 --- [           main] o.s.b.w.embedded.tomcat.TomcatWebServer  : Tomcat initialized with port(s): 8081 (http)
2026-05-17T22:02:58.499+08:00  INFO 14077 --- [           main] o.apache.catalina.core.StandardService   : Starting service [Tomcat]
2026-05-17T22:02:58.499+08:00  INFO 14077 --- [           main] o.apache.catalina.core.StandardEngine    : Starting Servlet engine: [Apache Tomcat/10.1.15]
2026-05-17T22:02:58.717+08:00  INFO 14077 --- [           main] o.a.c.c.C.[Tomcat].[localhost].[/]       : Initializing Spring embedded WebApplicationContext
2026-05-17T22:02:58.718+08:00  INFO 14077 --- [           main] w.s.c.ServletWebServerApplicationContext : Root WebApplicationContext: initialization completed in 4098 ms
Standard Commons Logging discovery in action with spring-jcl: please remove commons-logging.jar from classpath in order to avoid potential conflicts
Logging initialized using 'class org.apache.ibatis.logging.stdout.StdOutImpl' adapter.
Get /192.168.1.144 network interface 
Get network interface info: name:en1 (en1)
Initialization Sequence datacenterId:24 workerId:11
 _ _   |_  _ _|_. ___ _ |    _ 
| | |\/|_)(_| | |_\  |_)||_|_\ 
     /               |         
                        3.5.8 
2026-05-17T22:03:00.715+08:00  INFO 14077 --- [           main] com.zaxxer.hikari.HikariDataSource       : HikariPool-1 - Starting...
2026-05-17T22:03:00.986+08:00  INFO 14077 --- [           main] com.zaxxer.hikari.pool.HikariPool        : HikariPool-1 - Added connection com.mysql.cj.jdbc.ConnectionImpl@6a9950f1
2026-05-17T22:03:00.989+08:00  INFO 14077 --- [           main] com.zaxxer.hikari.HikariDataSource       : HikariPool-1 - Start completed.
2026-05-17T22:03:01.378+08:00  INFO 14077 --- [           main] com.shiyiju.common.util.JwtUtil          : JWT 密钥已通过配置注入
2026-05-17T22:03:01.380+08:00  INFO 14077 --- [           main] com.shiyiju.common.util.AESUtil          : AES 密钥已通过配置注入
2026-05-17T22:03:01.750+08:00  INFO 14077 --- [           main] o.s.b.w.embedded.tomcat.TomcatWebServer  : Tomcat started on port(s): 8081 (http) with context path ''
2026-05-17T22:03:01.758+08:00  INFO 14077 --- [           main] com.shiyiju.user.UserApplication         : Started UserApplication in 8.919 seconds (process running for 10.283)
2026-05-17T22:03:07.295+08:00  INFO 14077 --- [nio-8081-exec-1] o.a.c.c.C.[Tomcat].[localhost].[/]       : Initializing Spring DispatcherServlet 'dispatcherServlet'
2026-05-17T22:03:07.296+08:00  INFO 14077 --- [nio-8081-exec-1] o.s.web.servlet.DispatcherServlet        : Initializing Servlet 'dispatcherServlet'
2026-05-17T22:03:07.297+08:00  INFO 14077 --- [nio-8081-exec-1] o.s.web.servlet.DispatcherServlet        : Completed initialization in 1 ms
2026-05-17T22:03:33.609+08:00  WARN 14077 --- [nio-8081-exec-2] ocalVariableTableParameterNameDiscoverer : Using deprecated '-debug' fallback for parameter name resolution. Compile the affected code with '-parameters' instead or avoid its introspection: com.shiyiju.user.controller.UserController
Creating a new SqlSession
SqlSession [org.apache.ibatis.session.defaults.DefaultSqlSession@64af8275] was not registered for synchronization because synchronization is not active
JDBC Connection [HikariProxyConnection@445427585 wrapping com.mysql.cj.jdbc.ConnectionImpl@6a9950f1] will not be managed by Spring
==>  Preparing: SELECT id,uid,openid,unionid,nickname,avatar,phone,gender,birthday,bio,region,identities,status,follower_count,following_count,register_time,last_login_time,create_time,update_time,deleted FROM users WHERE id=? AND deleted=0
==> Parameters: 47(Long)
<==    Columns: id, uid, openid, unionid, nickname, avatar, phone, gender, birthday, bio, region, identities, status, follower_count, following_count, register_time, last_login_time, create_time, update_time, deleted
<==        Row: 47, USR202605130001UBZ0, null, null, 孟儒, http://127.0.0.1:8087/upload/images/2026/05/15/dcc33714cef643d484c45ec90b578cb7.png, , 0, null, null, null, artist,collector,promoter, 1, 0, 0, null, null, 2026-05-13 19:58:00, 2026-05-15 22:08:55, 0
<==      Total: 1
Closing non transactional SqlSession [org.apache.ibatis.session.defaults.DefaultSqlSession@64af8275]
Creating a new SqlSession
SqlSession [org.apache.ibatis.session.defaults.DefaultSqlSession@72a996d4] was not registered for synchronization because synchronization is not active
JDBC Connection [HikariProxyConnection@116986409 wrapping com.mysql.cj.jdbc.ConnectionImpl@6a9950f1] will not be managed by Spring
==>  Preparing: SELECT id,artist_code,user_id,real_name,id_card,resume,artworks,exhibits,status,reject_reason,review_time,create_time,update_time FROM artist_certifications WHERE (user_id = ? AND status = ?)
==> Parameters: 47(Long), 1(Integer)
<==      Total: 0
Closing non transactional SqlSession [org.apache.ibatis.session.defaults.DefaultSqlSession@72a996d4]
Creating a new SqlSession
SqlSession [org.apache.ibatis.session.defaults.DefaultSqlSession@46310a98] was not registered for synchronization because synchronization is not active
JDBC Connection [HikariProxyConnection@53709882 wrapping com.mysql.cj.jdbc.ConnectionImpl@6a9950f1] will not be managed by Spring
==>  Preparing: SELECT id,uid,openid,unionid,nickname,avatar,phone,gender,birthday,bio,region,identities,status,follower_count,following_count,register_time,last_login_time,create_time,update_time,deleted FROM users WHERE id=? AND deleted=0
==> Parameters: 47(Long)
<==    Columns: id, uid, openid, unionid, nickname, avatar, phone, gender, birthday, bio, region, identities, status, follower_count, following_count, register_time, last_login_time, create_time, update_time, deleted
<==        Row: 47, USR202605130001UBZ0, null, null, 孟儒, http://127.0.0.1:8087/upload/images/2026/05/15/dcc33714cef643d484c45ec90b578cb7.png, , 0, null, null, null, artist,collector,promoter, 1, 0, 0, null, null, 2026-05-13 19:58:00, 2026-05-15 22:08:55, 0
<==      Total: 1
Closing non transactional SqlSession [org.apache.ibatis.session.defaults.DefaultSqlSession@46310a98]
Creating a new SqlSession
SqlSession [org.apache.ibatis.session.defaults.DefaultSqlSession@27e1b159] was not registered for synchronization because synchronization is not active
JDBC Connection [HikariProxyConnection@937204075 wrapping com.mysql.cj.jdbc.ConnectionImpl@6a9950f1] will not be managed by Spring
==>  Preparing: SELECT id,artist_code,user_id,real_name,id_card,resume,artworks,exhibits,status,reject_reason,review_time,create_time,update_time FROM artist_certifications WHERE (user_id = ? AND status = ?)
==> Parameters: 47(Long), 1(Integer)
<==      Total: 0
Closing non transactional SqlSession [org.apache.ibatis.session.defaults.DefaultSqlSession@27e1b159]
2026-05-17T22:03:41.192+08:00  INFO 14077 --- [nio-8081-exec-4] c.s.user.controller.UserController       : 微信登录请求, code: h5_dev_1779026621147
2026-05-17T22:03:41.197+08:00  WARN 14077 --- [nio-8081-exec-4] com.shiyiju.user.service.UserService     : H5 开发模式：使用 mock openId=mock****1147（请在生产环境配置真实微信密钥）
Creating a new SqlSession
Registering transaction synchronization for SqlSession [org.apache.ibatis.session.defaults.DefaultSqlSession@1591a248]
JDBC Connection [HikariProxyConnection@1612523843 wrapping com.mysql.cj.jdbc.ConnectionImpl@6a9950f1] will be managed by Spring
==>  Preparing: SELECT id,uid,openid,unionid,nickname,avatar,phone,gender,birthday,bio,region,identities,status,follower_count,following_count,register_time,last_login_time,create_time,update_time,deleted FROM users WHERE deleted=0 AND (openid = ?)
==> Parameters: mock_openid_1779026621147(String)
<==      Total: 0
Releasing transactional SqlSession [org.apache.ibatis.session.defaults.DefaultSqlSession@1591a248]
Fetched SqlSession [org.apache.ibatis.session.defaults.DefaultSqlSession@1591a248] from current transaction
==>  Preparing: INSERT INTO users ( uid, openid, nickname, avatar, gender, region, identities, status, follower_count, following_count, register_time, last_login_time, create_time, update_time ) VALUES ( ?, ?, ?, ?, ?, ?, ?, ?, ?, ?, ?, ?, ?, ? )
==> Parameters: USR202605170001HT52(String), mock_openid_1779026621147(String), 微信用户(String), /src/static/logo.png(String), 0(Integer), 本地调试(String), collector(String), 1(Integer), 0(Integer), 0(Integer), 2026-05-17T22:03:41.200956(LocalDateTime), 2026-05-17T22:03:41.200958(LocalDateTime), null, null
<==    Updates: 1
Releasing transactional SqlSession [org.apache.ibatis.session.defaults.DefaultSqlSession@1591a248]
Transaction synchronization committing SqlSession [org.apache.ibatis.session.defaults.DefaultSqlSession@1591a248]
Transaction synchronization deregistering SqlSession [org.apache.ibatis.session.defaults.DefaultSqlSession@1591a248]
Transaction synchronization closing SqlSession [org.apache.ibatis.session.defaults.DefaultSqlSession@1591a248]
Creating a new SqlSession
SqlSession [org.apache.ibatis.session.defaults.DefaultSqlSession@34229f7c] was not registered for synchronization because synchronization is not active
JDBC Connection [HikariProxyConnection@988112776 wrapping com.mysql.cj.jdbc.ConnectionImpl@6a9950f1] will not be managed by Spring
==>  Preparing: SELECT id,uid,openid,unionid,nickname,avatar,phone,gender,birthday,bio,region,identities,status,follower_count,following_count,register_time,last_login_time,create_time,update_time,deleted FROM users WHERE id=? AND deleted=0
==> Parameters: 34(Long)
<==    Columns: id, uid, openid, unionid, nickname, avatar, phone, gender, birthday, bio, region, identities, status, follower_count, following_count, register_time, last_login_time, create_time, update_time, deleted
<==        Row: 34, USR202605120001WVYG, mock_openid_h5_dev_test, null, 微信用户, /static/images/login-brand-logo.png, null, 0, null, null, null, collector, 1, 0, 0, 2026-05-12 11:55:54, 2026-05-12 11:55:54, null, null, 0
<==      Total: 1
Closing non transactional SqlSession [org.apache.ibatis.session.defaults.DefaultSqlSession@34229f7c]
Creating a new SqlSession
SqlSession [org.apache.ibatis.session.defaults.DefaultSqlSession@7856c075] was not registered for synchronization because synchronization is not active
JDBC Connection [HikariProxyConnection@528902081 wrapping com.mysql.cj.jdbc.ConnectionImpl@6a9950f1] will not be managed by Spring
==>  Preparing: SELECT id,artist_code,user_id,real_name,id_card,resume,artworks,exhibits,status,reject_reason,review_time,create_time,update_time FROM artist_certifications WHERE (user_id = ? AND status = ?)
==> Parameters: 34(Long), 1(Integer)
<==      Total: 0
Closing non transactional SqlSession [org.apache.ibatis.session.defaults.DefaultSqlSession@7856c075]
Creating a new SqlSession
SqlSession [org.apache.ibatis.session.defaults.DefaultSqlSession@6fc370e6] was not registered for synchronization because synchronization is not active
JDBC Connection [HikariProxyConnection@1627689838 wrapping com.mysql.cj.jdbc.ConnectionImpl@6a9950f1] will not be managed by Spring
==>  Preparing: SELECT id,uid,openid,unionid,nickname,avatar,phone,gender,birthday,bio,region,identities,status,follower_count,following_count,register_time,last_login_time,create_time,update_time,deleted FROM users WHERE id=? AND deleted=0
==> Parameters: 34(Long)
<==    Columns: id, uid, openid, unionid, nickname, avatar, phone, gender, birthday, bio, region, identities, status, follower_count, following_count, register_time, last_login_time, create_time, update_time, deleted
<==        Row: 34, USR202605120001WVYG, mock_openid_h5_dev_test, null, 微信用户, /static/images/login-brand-logo.png, null, 0, null, null, null, collector, 1, 0, 0, 2026-05-12 11:55:54, 2026-05-12 11:55:54, null, null, 0
<==      Total: 1
Closing non transactional SqlSession [org.apache.ibatis.session.defaults.DefaultSqlSession@6fc370e6]
Creating a new SqlSession
SqlSession [org.apache.ibatis.session.defaults.DefaultSqlSession@5d029a70] was not registered for synchronization because synchronization is not active
JDBC Connection [HikariProxyConnection@1788544168 wrapping com.mysql.cj.jdbc.ConnectionImpl@6a9950f1] will not be managed by Spring
==>  Preparing: SELECT id,artist_code,user_id,real_name,id_card,resume,artworks,exhibits,status,reject_reason,review_time,create_time,update_time FROM artist_certifications WHERE (user_id = ? AND status = ?)
==> Parameters: 34(Long), 1(Integer)
<==      Total: 0
Closing non transactional SqlSession [org.apache.ibatis.session.defaults.DefaultSqlSession@5d029a70]
Creating a new SqlSession
SqlSession [org.apache.ibatis.session.defaults.DefaultSqlSession@682aa530] was not registered for synchronization because synchronization is not active
JDBC Connection [HikariProxyConnection@1726830149 wrapping com.mysql.cj.jdbc.ConnectionImpl@6a9950f1] will not be managed by Spring
==>  Preparing: SELECT id,uid,openid,unionid,nickname,avatar,phone,gender,birthday,bio,region,identities,status,follower_count,following_count,register_time,last_login_time,create_time,update_time,deleted FROM users WHERE id=? AND deleted=0
==> Parameters: 47(Long)
<==    Columns: id, uid, openid, unionid, nickname, avatar, phone, gender, birthday, bio, region, identities, status, follower_count, following_count, register_time, last_login_time, create_time, update_time, deleted
<==        Row: 47, USR202605130001UBZ0, null, null, 孟儒, http://127.0.0.1:8087/upload/images/2026/05/15/dcc33714cef643d484c45ec90b578cb7.png, , 0, null, null, null, artist,collector,promoter, 1, 0, 0, null, null, 2026-05-13 19:58:00, 2026-05-15 22:08:55, 0
<==      Total: 1
Closing non transactional SqlSession [org.apache.ibatis.session.defaults.DefaultSqlSession@682aa530]
Creating a new SqlSession
SqlSession [org.apache.ibatis.session.defaults.DefaultSqlSession@2ea16307] was not registered for synchronization because synchronization is not active
JDBC Connection [HikariProxyConnection@1985419005 wrapping com.mysql.cj.jdbc.ConnectionImpl@6a9950f1] will not be managed by Spring
==>  Preparing: SELECT id,artist_code,user_id,real_name,id_card,resume,artworks,exhibits,status,reject_reason,review_time,create_time,update_time FROM artist_certifications WHERE (user_id = ? AND status = ?)
==> Parameters: 47(Long), 1(Integer)
<==      Total: 0
Closing non transactional SqlSession [org.apache.ibatis.session.defaults.DefaultSqlSession@2ea16307]
Creating a new SqlSession
SqlSession [org.apache.ibatis.session.defaults.DefaultSqlSession@6eb06cfc] was not registered for synchronization because synchronization is not active
JDBC Connection [HikariProxyConnection@1618448218 wrapping com.mysql.cj.jdbc.ConnectionImpl@6a9950f1] will not be managed by Spring
==>  Preparing: SELECT id,uid,openid,unionid,nickname,avatar,phone,gender,birthday,bio,region,identities,status,follower_count,following_count,register_time,last_login_time,create_time,update_time,deleted FROM users WHERE id=? AND deleted=0
==> Parameters: 47(Long)
<==    Columns: id, uid, openid, unionid, nickname, avatar, phone, gender, birthday, bio, region, identities, status, follower_count, following_count, register_time, last_login_time, create_time, update_time, deleted
<==        Row: 47, USR202605130001UBZ0, null, null, 孟儒, http://127.0.0.1:8087/upload/images/2026/05/15/dcc33714cef643d484c45ec90b578cb7.png, , 0, null, null, null, artist,collector,promoter, 1, 0, 0, null, null, 2026-05-13 19:58:00, 2026-05-15 22:08:55, 0
<==      Total: 1
Closing non transactional SqlSession [org.apache.ibatis.session.defaults.DefaultSqlSession@6eb06cfc]
Creating a new SqlSession
SqlSession [org.apache.ibatis.session.defaults.DefaultSqlSession@1e8a5bf6] was not registered for synchronization because synchronization is not active
JDBC Connection [HikariProxyConnection@2144054183 wrapping com.mysql.cj.jdbc.ConnectionImpl@6a9950f1] will not be managed by Spring
==>  Preparing: SELECT id,artist_code,user_id,real_name,id_card,resume,artworks,exhibits,status,reject_reason,review_time,create_time,update_time FROM artist_certifications WHERE (user_id = ? AND status = ?)
==> Parameters: 47(Long), 1(Integer)
<==      Total: 0
Closing non transactional SqlSession [org.apache.ibatis.session.defaults.DefaultSqlSession@1e8a5bf6]
