[2026-04-20T00:06:12.297+0800][gc] Using G1
[2026-04-20T00:06:12.298+0800][gc,init] Version: 17.0.18+0 (release)
[2026-04-20T00:06:12.298+0800][gc,init] CPUs: 10 total, 10 available
[2026-04-20T00:06:12.298+0800][gc,init] Memory: 16384M
[2026-04-20T00:06:12.298+0800][gc,init] Large Page Support: Disabled
[2026-04-20T00:06:12.298+0800][gc,init] NUMA Support: Disabled
[2026-04-20T00:06:12.298+0800][gc,init] Compressed Oops: Enabled (Zero based)
[2026-04-20T00:06:12.298+0800][gc,init] Heap Region Size: 1M
[2026-04-20T00:06:12.298+0800][gc,init] Heap Min Capacity: 512M
[2026-04-20T00:06:12.298+0800][gc,init] Heap Initial Capacity: 512M
[2026-04-20T00:06:12.298+0800][gc,init] Heap Max Capacity: 512M
[2026-04-20T00:06:12.298+0800][gc,init] Pre-touch: Disabled
[2026-04-20T00:06:12.298+0800][gc,init] Parallel Workers: 9
[2026-04-20T00:06:12.298+0800][gc,init] Concurrent Workers: 2
[2026-04-20T00:06:12.298+0800][gc,init] Concurrent Refinement Workers: 9
[2026-04-20T00:06:12.298+0800][gc,init] Periodic GC: Disabled
[2026-04-20T00:06:12.309+0800][gc,metaspace] CDS archive(s) mapped at: [0x0000007000000000-0x0000007000bc0000-0x0000007000bc0000), size 12320768, SharedBaseAddress: 0x0000007000000000, ArchiveRelocationMode: 1.
[2026-04-20T00:06:12.309+0800][gc,metaspace] Compressed class space mapped at: 0x0000007001000000-0x0000007041000000, reserved size: 1073741824
[2026-04-20T00:06:12.309+0800][gc,metaspace] Narrow klass base: 0x0000007000000000, Narrow klass shift: 0, Narrow klass range: 0x100000000
[2026-04-20T00:06:12.848+0800][gc,start    ] GC(0) Pause Young (Normal) (G1 Evacuation Pause)
[2026-04-20T00:06:12.848+0800][gc,task     ] GC(0) Using 9 workers of 9 for evacuation
[2026-04-20T00:06:12.851+0800][gc,phases   ] GC(0)   Pre Evacuate Collection Set: 0.12ms
[2026-04-20T00:06:12.851+0800][gc,phases   ] GC(0)   Merge Heap Roots: 0.04ms
[2026-04-20T00:06:12.851+0800][gc,phases   ] GC(0)   Evacuate Collection Set: 2.64ms
[2026-04-20T00:06:12.851+0800][gc,phases   ] GC(0)   Post Evacuate Collection Set: 0.37ms
[2026-04-20T00:06:12.851+0800][gc,phases   ] GC(0)   Other: 0.27ms
[2026-04-20T00:06:12.851+0800][gc,heap     ] GC(0) Eden regions: 256->0(249)
[2026-04-20T00:06:12.851+0800][gc,heap     ] GC(0) Survivor regions: 0->7(32)
[2026-04-20T00:06:12.851+0800][gc,heap     ] GC(0) Old regions: 0->0
[2026-04-20T00:06:12.851+0800][gc,heap     ] GC(0) Archive regions: 2->2
[2026-04-20T00:06:12.851+0800][gc,heap     ] GC(0) Humongous regions: 3->0
[2026-04-20T00:06:12.851+0800][gc,metaspace] GC(0) Metaspace: 13938K(14272K)->13938K(14272K) NonClass: 12305K(12480K)->12305K(12480K) Class: 1633K(1792K)->1633K(1792K)
[2026-04-20T00:06:12.851+0800][gc          ] GC(0) Pause Young (Normal) (G1 Evacuation Pause) 259M->7M(512M) 3.498ms
[2026-04-20T00:06:12.851+0800][gc,cpu      ] GC(0) User=0.02s Sys=0.01s Real=0.01s
[2026-04-20T00:06:13.131+0800][gc,start    ] GC(1) Pause Young (Normal) (G1 Evacuation Pause)
[2026-04-20T00:06:13.131+0800][gc,task     ] GC(1) Using 9 workers of 9 for evacuation
[2026-04-20T00:06:13.134+0800][gc,phases   ] GC(1)   Pre Evacuate Collection Set: 0.09ms
[2026-04-20T00:06:13.134+0800][gc,phases   ] GC(1)   Merge Heap Roots: 0.03ms
[2026-04-20T00:06:13.134+0800][gc,phases   ] GC(1)   Evacuate Collection Set: 2.48ms
[2026-04-20T00:06:13.134+0800][gc,phases   ] GC(1)   Post Evacuate Collection Set: 0.40ms
[2026-04-20T00:06:13.134+0800][gc,phases   ] GC(1)   Other: 0.07ms
[2026-04-20T00:06:13.134+0800][gc,heap     ] GC(1) Eden regions: 249->0(243)
[2026-04-20T00:06:13.134+0800][gc,heap     ] GC(1) Survivor regions: 7->13(32)
[2026-04-20T00:06:13.134+0800][gc,heap     ] GC(1) Old regions: 0->0
[2026-04-20T00:06:13.134+0800][gc,heap     ] GC(1) Archive regions: 2->2
[2026-04-20T00:06:13.134+0800][gc,heap     ] GC(1) Humongous regions: 0->0
[2026-04-20T00:06:13.134+0800][gc,metaspace] GC(1) Metaspace: 18257K(18496K)->18257K(18496K) NonClass: 16051K(16192K)->16051K(16192K) Class: 2206K(2304K)->2206K(2304K)
[2026-04-20T00:06:13.134+0800][gc          ] GC(1) Pause Young (Normal) (G1 Evacuation Pause) 256M->13M(512M) 3.151ms
[2026-04-20T00:06:13.134+0800][gc,cpu      ] GC(1) User=0.02s Sys=0.01s Real=0.00s
[2026-04-20T00:06:13.335+0800][gc,start    ] GC(2) Pause Young (Normal) (G1 Evacuation Pause)
[2026-04-20T00:06:13.335+0800][gc,task     ] GC(2) Using 9 workers of 9 for evacuation
[2026-04-20T00:06:13.339+0800][gc,phases   ] GC(2)   Pre Evacuate Collection Set: 0.10ms
[2026-04-20T00:06:13.339+0800][gc,phases   ] GC(2)   Merge Heap Roots: 0.03ms
[2026-04-20T00:06:13.339+0800][gc,phases   ] GC(2)   Evacuate Collection Set: 3.13ms
[2026-04-20T00:06:13.339+0800][gc,phases   ] GC(2)   Post Evacuate Collection Set: 0.35ms
[2026-04-20T00:06:13.339+0800][gc,phases   ] GC(2)   Other: 0.07ms
[2026-04-20T00:06:13.339+0800][gc,heap     ] GC(2) Eden regions: 243->0(240)
[2026-04-20T00:06:13.339+0800][gc,heap     ] GC(2) Survivor regions: 13->16(32)
[2026-04-20T00:06:13.339+0800][gc,heap     ] GC(2) Old regions: 0->0
[2026-04-20T00:06:13.339+0800][gc,heap     ] GC(2) Archive regions: 2->2
[2026-04-20T00:06:13.339+0800][gc,heap     ] GC(2) Humongous regions: 0->0
[2026-04-20T00:06:13.339+0800][gc,metaspace] GC(2) Metaspace: 20766K(21056K)->20766K(21056K) NonClass: 18296K(18432K)->18296K(18432K) Class: 2470K(2624K)->2470K(2624K)
[2026-04-20T00:06:13.339+0800][gc          ] GC(2) Pause Young (Normal) (G1 Evacuation Pause) 256M->16M(512M) 3.743ms
[2026-04-20T00:06:13.339+0800][gc,cpu      ] GC(2) User=0.03s Sys=0.00s Real=0.00s
[2026-04-20T00:06:13.431+0800][gc,start    ] GC(3) Pause Young (Concurrent Start) (Metadata GC Threshold)
[2026-04-20T00:06:13.431+0800][gc,task     ] GC(3) Using 9 workers of 9 for evacuation
[2026-04-20T00:06:13.434+0800][gc,phases   ] GC(3)   Pre Evacuate Collection Set: 0.06ms
[2026-04-20T00:06:13.434+0800][gc,phases   ] GC(3)   Merge Heap Roots: 0.04ms
[2026-04-20T00:06:13.434+0800][gc,phases   ] GC(3)   Evacuate Collection Set: 2.31ms
[2026-04-20T00:06:13.434+0800][gc,phases   ] GC(3)   Post Evacuate Collection Set: 0.33ms
[2026-04-20T00:06:13.434+0800][gc,phases   ] GC(3)   Other: 0.08ms
[2026-04-20T00:06:13.434+0800][gc,heap     ] GC(3) Eden regions: 139->0(237)
[2026-04-20T00:06:13.434+0800][gc,heap     ] GC(3) Survivor regions: 16->19(32)
[2026-04-20T00:06:13.434+0800][gc,heap     ] GC(3) Old regions: 0->0
[2026-04-20T00:06:13.434+0800][gc,heap     ] GC(3) Archive regions: 2->2
[2026-04-20T00:06:13.434+0800][gc,heap     ] GC(3) Humongous regions: 0->0
[2026-04-20T00:06:13.434+0800][gc,metaspace] GC(3) Metaspace: 21205K(21504K)->21205K(21504K) NonClass: 18682K(18816K)->18682K(18816K) Class: 2523K(2688K)->2523K(2688K)
[2026-04-20T00:06:13.434+0800][gc          ] GC(3) Pause Young (Concurrent Start) (Metadata GC Threshold) 155M->19M(512M) 2.856ms
[2026-04-20T00:06:13.434+0800][gc,cpu      ] GC(3) User=0.02s Sys=0.00s Real=0.00s
[2026-04-20T00:06:13.434+0800][gc          ] GC(4) Concurrent Mark Cycle
[2026-04-20T00:06:13.434+0800][gc,marking  ] GC(4) Concurrent Clear Claimed Marks
[2026-04-20T00:06:13.434+0800][gc,marking  ] GC(4) Concurrent Clear Claimed Marks 0.005ms
[2026-04-20T00:06:13.434+0800][gc,marking  ] GC(4) Concurrent Scan Root Regions
[2026-04-20T00:06:13.436+0800][gc,marking  ] GC(4) Concurrent Scan Root Regions 2.030ms
[2026-04-20T00:06:13.436+0800][gc,marking  ] GC(4) Concurrent Mark
[2026-04-20T00:06:13.436+0800][gc,marking  ] GC(4) Concurrent Mark From Roots
[2026-04-20T00:06:13.436+0800][gc,task     ] GC(4) Using 2 workers of 2 for marking
[2026-04-20T00:06:13.436+0800][gc,marking  ] GC(4) Concurrent Mark From Roots 0.542ms
[2026-04-20T00:06:13.436+0800][gc,marking  ] GC(4) Concurrent Preclean
[2026-04-20T00:06:13.436+0800][gc,marking  ] GC(4) Concurrent Preclean 0.010ms
[2026-04-20T00:06:13.436+0800][gc,start    ] GC(4) Pause Remark
[2026-04-20T00:06:13.437+0800][gc          ] GC(4) Pause Remark 20M->20M(512M) 0.791ms
[2026-04-20T00:06:13.437+0800][gc,cpu      ] GC(4) User=0.00s Sys=0.00s Real=0.00s
[2026-04-20T00:06:13.437+0800][gc,marking  ] GC(4) Concurrent Mark 1.413ms
[2026-04-20T00:06:13.437+0800][gc,marking  ] GC(4) Concurrent Rebuild Remembered Sets
[2026-04-20T00:06:13.437+0800][gc,marking  ] GC(4) Concurrent Rebuild Remembered Sets 0.005ms
[2026-04-20T00:06:13.437+0800][gc,start    ] GC(4) Pause Cleanup
[2026-04-20T00:06:13.437+0800][gc          ] GC(4) Pause Cleanup 20M->20M(512M) 0.005ms
[2026-04-20T00:06:13.437+0800][gc,cpu      ] GC(4) User=0.00s Sys=0.00s Real=0.00s
[2026-04-20T00:06:13.437+0800][gc,marking  ] GC(4) Concurrent Cleanup for Next Mark
[2026-04-20T00:06:13.438+0800][gc,marking  ] GC(4) Concurrent Cleanup for Next Mark 0.743ms
[2026-04-20T00:06:13.438+0800][gc          ] GC(4) Concurrent Mark Cycle 4.307ms
[2026-04-20T00:06:13.768+0800][gc,start    ] GC(5) Pause Young (Normal) (G1 Evacuation Pause)
[2026-04-20T00:06:13.768+0800][gc,task     ] GC(5) Using 9 workers of 9 for evacuation
[2026-04-20T00:06:13.773+0800][gc,phases   ] GC(5)   Pre Evacuate Collection Set: 0.09ms
[2026-04-20T00:06:13.773+0800][gc,phases   ] GC(5)   Merge Heap Roots: 0.05ms
[2026-04-20T00:06:13.773+0800][gc,phases   ] GC(5)   Evacuate Collection Set: 4.19ms
[2026-04-20T00:06:13.773+0800][gc,phases   ] GC(5)   Post Evacuate Collection Set: 0.49ms
[2026-04-20T00:06:13.773+0800][gc,phases   ] GC(5)   Other: 0.07ms
[2026-04-20T00:06:13.773+0800][gc,heap     ] GC(5) Eden regions: 237->0(242)
[2026-04-20T00:06:13.773+0800][gc,heap     ] GC(5) Survivor regions: 19->14(32)
[2026-04-20T00:06:13.773+0800][gc,heap     ] GC(5) Old regions: 0->7
[2026-04-20T00:06:13.773+0800][gc,heap     ] GC(5) Archive regions: 2->2
[2026-04-20T00:06:13.773+0800][gc,heap     ] GC(5) Humongous regions: 0->0
[2026-04-20T00:06:13.773+0800][gc,metaspace] GC(5) Metaspace: 27859K(28160K)->27859K(28160K) NonClass: 24437K(24576K)->24437K(24576K) Class: 3422K(3584K)->3422K(3584K)
[2026-04-20T00:06:13.773+0800][gc          ] GC(5) Pause Young (Normal) (G1 Evacuation Pause) 256M->20M(512M) 4.947ms
[2026-04-20T00:06:13.773+0800][gc,cpu      ] GC(5) User=0.03s Sys=0.01s Real=0.01s
[2026-04-20T00:06:14.025+0800][gc,start    ] GC(6) Pause Young (Concurrent Start) (Metadata GC Threshold)
[2026-04-20T00:06:14.025+0800][gc,task     ] GC(6) Using 9 workers of 9 for evacuation
[2026-04-20T00:06:14.028+0800][gc,phases   ] GC(6)   Pre Evacuate Collection Set: 0.10ms
[2026-04-20T00:06:14.028+0800][gc,phases   ] GC(6)   Merge Heap Roots: 0.03ms
[2026-04-20T00:06:14.028+0800][gc,phases   ] GC(6)   Evacuate Collection Set: 2.45ms
[2026-04-20T00:06:14.028+0800][gc,phases   ] GC(6)   Post Evacuate Collection Set: 0.28ms
[2026-04-20T00:06:14.028+0800][gc,phases   ] GC(6)   Other: 0.08ms
[2026-04-20T00:06:14.028+0800][gc,heap     ] GC(6) Eden regions: 112->0(237)
[2026-04-20T00:06:14.028+0800][gc,heap     ] GC(6) Survivor regions: 14->19(32)
[2026-04-20T00:06:14.028+0800][gc,heap     ] GC(6) Old regions: 7->7
[2026-04-20T00:06:14.028+0800][gc,heap     ] GC(6) Archive regions: 2->2
[2026-04-20T00:06:14.028+0800][gc,heap     ] GC(6) Humongous regions: 0->0
[2026-04-20T00:06:14.028+0800][gc,metaspace] GC(6) Metaspace: 35785K(36096K)->35785K(36096K) NonClass: 31358K(31488K)->31358K(31488K) Class: 4426K(4608K)->4426K(4608K)
[2026-04-20T00:06:14.028+0800][gc          ] GC(6) Pause Young (Concurrent Start) (Metadata GC Threshold) 131M->25M(512M) 3.005ms
[2026-04-20T00:06:14.028+0800][gc,cpu      ] GC(6) User=0.02s Sys=0.00s Real=0.00s
[2026-04-20T00:06:14.028+0800][gc          ] GC(7) Concurrent Mark Cycle
[2026-04-20T00:06:14.028+0800][gc,marking  ] GC(7) Concurrent Clear Claimed Marks
[2026-04-20T00:06:14.028+0800][gc,marking  ] GC(7) Concurrent Clear Claimed Marks 0.010ms
[2026-04-20T00:06:14.028+0800][gc,marking  ] GC(7) Concurrent Scan Root Regions
[2026-04-20T00:06:14.031+0800][gc,marking  ] GC(7) Concurrent Scan Root Regions 2.909ms
[2026-04-20T00:06:14.031+0800][gc,marking  ] GC(7) Concurrent Mark
[2026-04-20T00:06:14.031+0800][gc,marking  ] GC(7) Concurrent Mark From Roots
[2026-04-20T00:06:14.031+0800][gc,task     ] GC(7) Using 2 workers of 2 for marking
[2026-04-20T00:06:14.033+0800][gc,marking  ] GC(7) Concurrent Mark From Roots 2.302ms
[2026-04-20T00:06:14.033+0800][gc,marking  ] GC(7) Concurrent Preclean
[2026-04-20T00:06:14.033+0800][gc,marking  ] GC(7) Concurrent Preclean 0.026ms
[2026-04-20T00:06:14.033+0800][gc,start    ] GC(7) Pause Remark
[2026-04-20T00:06:14.034+0800][gc          ] GC(7) Pause Remark 36M->36M(512M) 0.920ms
[2026-04-20T00:06:14.034+0800][gc,cpu      ] GC(7) User=0.00s Sys=0.00s Real=0.00s
[2026-04-20T00:06:14.034+0800][gc,marking  ] GC(7) Concurrent Mark 3.316ms
[2026-04-20T00:06:14.034+0800][gc,marking  ] GC(7) Concurrent Rebuild Remembered Sets
[2026-04-20T00:06:14.036+0800][gc,marking  ] GC(7) Concurrent Rebuild Remembered Sets 1.420ms
[2026-04-20T00:06:14.036+0800][gc,start    ] GC(7) Pause Cleanup
[2026-04-20T00:06:14.036+0800][gc          ] GC(7) Pause Cleanup 37M->37M(512M) 0.042ms
[2026-04-20T00:06:14.036+0800][gc,cpu      ] GC(7) User=0.00s Sys=0.00s Real=0.00s
[2026-04-20T00:06:14.036+0800][gc,marking  ] GC(7) Concurrent Cleanup for Next Mark
[2026-04-20T00:06:14.036+0800][gc,marking  ] GC(7) Concurrent Cleanup for Next Mark 0.491ms
[2026-04-20T00:06:14.036+0800][gc          ] GC(7) Concurrent Mark Cycle 8.293ms
[2026-04-20T00:06:14.628+0800][gc,start    ] GC(8) Pause Young (Normal) (G1 Evacuation Pause)
[2026-04-20T00:06:14.629+0800][gc,task     ] GC(8) Using 9 workers of 9 for evacuation
[2026-04-20T00:06:14.633+0800][gc,phases   ] GC(8)   Pre Evacuate Collection Set: 0.09ms
[2026-04-20T00:06:14.633+0800][gc,phases   ] GC(8)   Merge Heap Roots: 0.05ms
[2026-04-20T00:06:14.633+0800][gc,phases   ] GC(8)   Evacuate Collection Set: 3.85ms
[2026-04-20T00:06:14.633+0800][gc,phases   ] GC(8)   Post Evacuate Collection Set: 0.50ms
[2026-04-20T00:06:14.633+0800][gc,phases   ] GC(8)   Other: 0.07ms
[2026-04-20T00:06:14.633+0800][gc,heap     ] GC(8) Eden regions: 237->0(234)
[2026-04-20T00:06:14.633+0800][gc,heap     ] GC(8) Survivor regions: 19->22(32)
[2026-04-20T00:06:14.633+0800][gc,heap     ] GC(8) Old regions: 7->13
[2026-04-20T00:06:14.633+0800][gc,heap     ] GC(8) Archive regions: 2->2
[2026-04-20T00:06:14.633+0800][gc,heap     ] GC(8) Humongous regions: 0->0
[2026-04-20T00:06:14.633+0800][gc,metaspace] GC(8) Metaspace: 50041K(50432K)->50041K(50432K) NonClass: 43842K(44032K)->43842K(44032K) Class: 6199K(6400K)->6199K(6400K)
[2026-04-20T00:06:14.633+0800][gc          ] GC(8) Pause Young (Normal) (G1 Evacuation Pause) 262M->34M(512M) 4.607ms
[2026-04-20T00:06:14.633+0800][gc,cpu      ] GC(8) User=0.03s Sys=0.01s Real=0.01s
[2026-04-20T00:06:14.889+0800][gc,start    ] GC(9) Pause Young (Concurrent Start) (Metadata GC Threshold)
[2026-04-20T00:06:14.889+0800][gc,task     ] GC(9) Using 9 workers of 9 for evacuation
[2026-04-20T00:06:14.894+0800][gc,phases   ] GC(9)   Pre Evacuate Collection Set: 0.11ms
[2026-04-20T00:06:14.894+0800][gc,phases   ] GC(9)   Merge Heap Roots: 0.04ms
[2026-04-20T00:06:14.894+0800][gc,phases   ] GC(9)   Evacuate Collection Set: 4.30ms
[2026-04-20T00:06:14.894+0800][gc,phases   ] GC(9)   Post Evacuate Collection Set: 0.43ms
[2026-04-20T00:06:14.894+0800][gc,phases   ] GC(9)   Other: 0.09ms
[2026-04-20T00:06:14.894+0800][gc,heap     ] GC(9) Eden regions: 163->0(235)
[2026-04-20T00:06:14.894+0800][gc,heap     ] GC(9) Survivor regions: 22->21(32)
[2026-04-20T00:06:14.894+0800][gc,heap     ] GC(9) Old regions: 13->18
[2026-04-20T00:06:14.894+0800][gc,heap     ] GC(9) Archive regions: 2->2
[2026-04-20T00:06:14.894+0800][gc,heap     ] GC(9) Humongous regions: 0->0
[2026-04-20T00:06:14.894+0800][gc,metaspace] GC(9) Metaspace: 60096K(60480K)->60096K(60480K) NonClass: 52687K(52864K)->52687K(52864K) Class: 7409K(7616K)->7409K(7616K)
[2026-04-20T00:06:14.894+0800][gc          ] GC(9) Pause Young (Concurrent Start) (Metadata GC Threshold) 197M->39M(512M) 5.009ms
[2026-04-20T00:06:14.894+0800][gc,cpu      ] GC(9) User=0.03s Sys=0.00s Real=0.01s
[2026-04-20T00:06:14.894+0800][gc          ] GC(10) Concurrent Mark Cycle
[2026-04-20T00:06:14.894+0800][gc,marking  ] GC(10) Concurrent Clear Claimed Marks
[2026-04-20T00:06:14.894+0800][gc,marking  ] GC(10) Concurrent Clear Claimed Marks 0.023ms
[2026-04-20T00:06:14.894+0800][gc,marking  ] GC(10) Concurrent Scan Root Regions
[2026-04-20T00:06:14.899+0800][gc,marking  ] GC(10) Concurrent Scan Root Regions 4.348ms
[2026-04-20T00:06:14.899+0800][gc,marking  ] GC(10) Concurrent Mark
[2026-04-20T00:06:14.899+0800][gc,marking  ] GC(10) Concurrent Mark From Roots
[2026-04-20T00:06:14.899+0800][gc,task     ] GC(10) Using 2 workers of 2 for marking
[2026-04-20T00:06:14.902+0800][gc,marking  ] GC(10) Concurrent Mark From Roots 3.878ms
[2026-04-20T00:06:14.903+0800][gc,marking  ] GC(10) Concurrent Preclean
[2026-04-20T00:06:14.903+0800][gc,marking  ] GC(10) Concurrent Preclean 0.055ms
[2026-04-20T00:06:14.903+0800][gc,start    ] GC(10) Pause Remark
[2026-04-20T00:06:14.904+0800][gc          ] GC(10) Pause Remark 44M->44M(512M) 1.266ms
[2026-04-20T00:06:14.904+0800][gc,cpu      ] GC(10) User=0.01s Sys=0.00s Real=0.00s
[2026-04-20T00:06:14.904+0800][gc,marking  ] GC(10) Concurrent Mark 5.343ms
[2026-04-20T00:06:14.904+0800][gc,marking  ] GC(10) Concurrent Rebuild Remembered Sets
[2026-04-20T00:06:14.904+0800][gc,marking  ] GC(10) Concurrent Rebuild Remembered Sets 0.003ms
[2026-04-20T00:06:14.904+0800][gc,start    ] GC(10) Pause Cleanup
[2026-04-20T00:06:14.904+0800][gc          ] GC(10) Pause Cleanup 44M->44M(512M) 0.008ms
[2026-04-20T00:06:14.904+0800][gc,cpu      ] GC(10) User=0.00s Sys=0.00s Real=0.00s
[2026-04-20T00:06:14.904+0800][gc,marking  ] GC(10) Concurrent Cleanup for Next Mark
[2026-04-20T00:06:14.904+0800][gc,marking  ] GC(10) Concurrent Cleanup for Next Mark 0.449ms
[2026-04-20T00:06:14.904+0800][gc          ] GC(10) Concurrent Mark Cycle 10.308ms
[2026-04-20T00:06:16.450+0800][gc,start    ] GC(11) Pause Young (Concurrent Start) (G1 Evacuation Pause)
[2026-04-20T00:06:16.450+0800][gc,task     ] GC(11) Using 9 workers of 9 for evacuation
[2026-04-20T00:06:16.456+0800][gc,phases   ] GC(11)   Pre Evacuate Collection Set: 0.10ms
[2026-04-20T00:06:16.456+0800][gc,phases   ] GC(11)   Merge Heap Roots: 0.06ms
[2026-04-20T00:06:16.456+0800][gc,phases   ] GC(11)   Evacuate Collection Set: 5.63ms
[2026-04-20T00:06:16.456+0800][gc,phases   ] GC(11)   Post Evacuate Collection Set: 0.47ms
[2026-04-20T00:06:16.456+0800][gc,phases   ] GC(11)   Other: 0.12ms
[2026-04-20T00:06:16.456+0800][gc,heap     ] GC(11) Eden regions: 235->0(227)
[2026-04-20T00:06:16.456+0800][gc,heap     ] GC(11) Survivor regions: 21->29(32)
[2026-04-20T00:06:16.456+0800][gc,heap     ] GC(11) Old regions: 18->24
[2026-04-20T00:06:16.456+0800][gc,heap     ] GC(11) Archive regions: 2->2
[2026-04-20T00:06:16.456+0800][gc,heap     ] GC(11) Humongous regions: 0->0
[2026-04-20T00:06:16.456+0800][gc,metaspace] GC(11) Metaspace: 70605K(71104K)->70605K(71104K) NonClass: 61798K(62080K)->61798K(62080K) Class: 8807K(9024K)->8807K(9024K)
[2026-04-20T00:06:16.456+0800][gc          ] GC(11) Pause Young (Concurrent Start) (G1 Evacuation Pause) 274M->53M(512M) 6.412ms
[2026-04-20T00:06:16.456+0800][gc,cpu      ] GC(11) User=0.04s Sys=0.00s Real=0.00s
[2026-04-20T00:06:16.456+0800][gc          ] GC(12) Concurrent Mark Cycle
[2026-04-20T00:06:16.456+0800][gc,marking  ] GC(12) Concurrent Clear Claimed Marks
[2026-04-20T00:06:16.456+0800][gc,marking  ] GC(12) Concurrent Clear Claimed Marks 0.033ms
[2026-04-20T00:06:16.456+0800][gc,marking  ] GC(12) Concurrent Scan Root Regions
[2026-04-20T00:06:16.461+0800][gc,marking  ] GC(12) Concurrent Scan Root Regions 5.244ms
[2026-04-20T00:06:16.461+0800][gc,marking  ] GC(12) Concurrent Mark
[2026-04-20T00:06:16.461+0800][gc,marking  ] GC(12) Concurrent Mark From Roots
[2026-04-20T00:06:16.461+0800][gc,task     ] GC(12) Using 2 workers of 2 for marking
[2026-04-20T00:06:16.467+0800][gc,marking  ] GC(12) Concurrent Mark From Roots 5.879ms
[2026-04-20T00:06:16.467+0800][gc,marking  ] GC(12) Concurrent Preclean
[2026-04-20T00:06:16.467+0800][gc,marking  ] GC(12) Concurrent Preclean 0.041ms
[2026-04-20T00:06:16.467+0800][gc,start    ] GC(12) Pause Remark
[2026-04-20T00:06:16.469+0800][gc          ] GC(12) Pause Remark 59M->59M(512M) 1.310ms
[2026-04-20T00:06:16.469+0800][gc,cpu      ] GC(12) User=0.00s Sys=0.00s Real=0.00s
[2026-04-20T00:06:16.469+0800][gc,marking  ] GC(12) Concurrent Mark 7.389ms
[2026-04-20T00:06:16.469+0800][gc,marking  ] GC(12) Concurrent Rebuild Remembered Sets
[2026-04-20T00:06:16.473+0800][gc,marking  ] GC(12) Concurrent Rebuild Remembered Sets 4.614ms
[2026-04-20T00:06:16.474+0800][gc,start    ] GC(12) Pause Cleanup
[2026-04-20T00:06:16.474+0800][gc          ] GC(12) Pause Cleanup 61M->61M(512M) 0.047ms
[2026-04-20T00:06:16.474+0800][gc,cpu      ] GC(12) User=0.00s Sys=0.00s Real=0.00s
[2026-04-20T00:06:16.474+0800][gc,marking  ] GC(12) Concurrent Cleanup for Next Mark
[2026-04-20T00:06:16.474+0800][gc,marking  ] GC(12) Concurrent Cleanup for Next Mark 0.418ms
[2026-04-20T00:06:16.474+0800][gc          ] GC(12) Concurrent Mark Cycle 17.875ms
[2026-04-20T00:41:08.431+0800][gc,start    ] GC(13) Pause Young (Prepare Mixed) (G1 Evacuation Pause)
[2026-04-20T00:41:08.432+0800][gc,task     ] GC(13) Using 9 workers of 9 for evacuation
[2026-04-20T00:41:08.470+0800][gc,phases   ] GC(13)   Pre Evacuate Collection Set: 1.06ms
[2026-04-20T00:41:08.470+0800][gc,phases   ] GC(13)   Merge Heap Roots: 0.37ms
[2026-04-20T00:41:08.470+0800][gc,phases   ] GC(13)   Evacuate Collection Set: 33.37ms
[2026-04-20T00:41:08.470+0800][gc,phases   ] GC(13)   Post Evacuate Collection Set: 1.78ms
[2026-04-20T00:41:08.470+0800][gc,phases   ] GC(13)   Other: 2.56ms
[2026-04-20T00:41:08.470+0800][gc,heap     ] GC(13) Eden regions: 227->0(234)
[2026-04-20T00:41:08.470+0800][gc,heap     ] GC(13) Survivor regions: 29->22(32)
[2026-04-20T00:41:08.470+0800][gc,heap     ] GC(13) Old regions: 24->38
[2026-04-20T00:41:08.470+0800][gc,heap     ] GC(13) Archive regions: 2->2
[2026-04-20T00:41:08.470+0800][gc,heap     ] GC(13) Humongous regions: 2->2
[2026-04-20T00:41:08.470+0800][gc,metaspace] GC(13) Metaspace: 78136K(78592K)->78136K(78592K) NonClass: 68612K(68864K)->68612K(68864K) Class: 9524K(9728K)->9524K(9728K)
[2026-04-20T00:41:08.470+0800][gc          ] GC(13) Pause Young (Prepare Mixed) (G1 Evacuation Pause) 282M->61M(512M) 38.852ms
[2026-04-20T00:41:08.470+0800][gc,cpu      ] GC(13) User=0.06s Sys=0.13s Real=0.04s
[2026-04-20T02:16:41.555+0800][gc,start    ] GC(14) Pause Young (Mixed) (G1 Evacuation Pause)
[2026-04-20T02:16:41.556+0800][gc,task     ] GC(14) Using 9 workers of 9 for evacuation
[2026-04-20T02:16:41.608+0800][gc,phases   ] GC(14)   Pre Evacuate Collection Set: 1.77ms
[2026-04-20T02:16:41.608+0800][gc,phases   ] GC(14)   Merge Heap Roots: 0.28ms
[2026-04-20T02:16:41.608+0800][gc,phases   ] GC(14)   Evacuate Collection Set: 45.88ms
[2026-04-20T02:16:41.608+0800][gc,phases   ] GC(14)   Post Evacuate Collection Set: 3.68ms
[2026-04-20T02:16:41.608+0800][gc,phases   ] GC(14)   Other: 1.86ms
[2026-04-20T02:16:41.608+0800][gc,heap     ] GC(14) Eden regions: 234->0(248)
[2026-04-20T02:16:41.608+0800][gc,heap     ] GC(14) Survivor regions: 22->8(32)
[2026-04-20T02:16:41.608+0800][gc,heap     ] GC(14) Old regions: 38->51
[2026-04-20T02:16:41.608+0800][gc,heap     ] GC(14) Archive regions: 2->2
[2026-04-20T02:16:41.608+0800][gc,heap     ] GC(14) Humongous regions: 2->2
[2026-04-20T02:16:41.608+0800][gc,metaspace] GC(14) Metaspace: 78458K(78912K)->78458K(78912K) NonClass: 68924K(69184K)->68924K(69184K) Class: 9533K(9728K)->9533K(9728K)
[2026-04-20T02:16:41.608+0800][gc          ] GC(14) Pause Young (Mixed) (G1 Evacuation Pause) 295M->61M(512M) 53.455ms
[2026-04-20T02:16:41.608+0800][gc,cpu      ] GC(14) User=0.06s Sys=0.14s Real=0.05s
[2026-04-20T04:01:29.082+0800][gc,start    ] GC(15) Pause Young (Normal) (G1 Evacuation Pause)
[2026-04-20T04:01:29.082+0800][gc,task     ] GC(15) Using 9 workers of 9 for evacuation
[2026-04-20T04:01:29.105+0800][gc,phases   ] GC(15)   Pre Evacuate Collection Set: 0.71ms
[2026-04-20T04:01:29.105+0800][gc,phases   ] GC(15)   Merge Heap Roots: 0.20ms
[2026-04-20T04:01:29.105+0800][gc,phases   ] GC(15)   Evacuate Collection Set: 19.00ms
[2026-04-20T04:01:29.105+0800][gc,phases   ] GC(15)   Post Evacuate Collection Set: 2.08ms
[2026-04-20T04:01:29.105+0800][gc,phases   ] GC(15)   Other: 3.01ms
[2026-04-20T04:01:29.105+0800][gc,heap     ] GC(15) Eden regions: 248->0(249)
[2026-04-20T04:01:29.105+0800][gc,heap     ] GC(15) Survivor regions: 8->7(32)
[2026-04-20T04:01:29.105+0800][gc,heap     ] GC(15) Old regions: 51->51
[2026-04-20T04:01:29.105+0800][gc,heap     ] GC(15) Archive regions: 2->2
[2026-04-20T04:01:29.105+0800][gc,heap     ] GC(15) Humongous regions: 2->2
[2026-04-20T04:01:29.105+0800][gc,metaspace] GC(15) Metaspace: 78496K(79040K)->78496K(79040K) NonClass: 68957K(69248K)->68957K(69248K) Class: 9539K(9792K)->9539K(9792K)
[2026-04-20T04:01:29.105+0800][gc          ] GC(15) Pause Young (Normal) (G1 Evacuation Pause) 309M->60M(512M) 24.725ms
[2026-04-20T04:01:29.106+0800][gc,cpu      ] GC(15) User=0.04s Sys=0.07s Real=0.02s
[2026-04-20T05:47:58.378+0800][gc,start    ] GC(16) Pause Young (Normal) (G1 Evacuation Pause)
[2026-04-20T05:47:58.379+0800][gc,task     ] GC(16) Using 9 workers of 9 for evacuation
[2026-04-20T05:47:58.400+0800][gc,phases   ] GC(16)   Pre Evacuate Collection Set: 0.70ms
[2026-04-20T05:47:58.400+0800][gc,phases   ] GC(16)   Merge Heap Roots: 0.19ms
[2026-04-20T05:47:58.400+0800][gc,phases   ] GC(16)   Evacuate Collection Set: 16.99ms
[2026-04-20T05:47:58.400+0800][gc,phases   ] GC(16)   Post Evacuate Collection Set: 2.73ms
[2026-04-20T05:47:58.400+0800][gc,phases   ] GC(16)   Other: 2.89ms
[2026-04-20T05:47:58.400+0800][gc,heap     ] GC(16) Eden regions: 249->0(249)
[2026-04-20T05:47:58.400+0800][gc,heap     ] GC(16) Survivor regions: 7->7(32)
[2026-04-20T05:47:58.400+0800][gc,heap     ] GC(16) Old regions: 51->51
[2026-04-20T05:47:58.400+0800][gc,heap     ] GC(16) Archive regions: 2->2
[2026-04-20T05:47:58.400+0800][gc,heap     ] GC(16) Humongous regions: 2->2
[2026-04-20T05:47:58.400+0800][gc,metaspace] GC(16) Metaspace: 78535K(79040K)->78535K(79040K) NonClass: 68995K(69248K)->68995K(69248K) Class: 9540K(9792K)->9540K(9792K)
[2026-04-20T05:47:58.400+0800][gc          ] GC(16) Pause Young (Normal) (G1 Evacuation Pause) 309M->60M(512M) 23.223ms
[2026-04-20T05:47:58.401+0800][gc,cpu      ] GC(16) User=0.03s Sys=0.06s Real=0.03s
[2026-04-20T07:35:34.020+0800][gc,start    ] GC(17) Pause Young (Normal) (G1 Evacuation Pause)
[2026-04-20T07:35:34.021+0800][gc,task     ] GC(17) Using 9 workers of 9 for evacuation
[2026-04-20T07:35:34.063+0800][gc,phases   ] GC(17)   Pre Evacuate Collection Set: 0.73ms
[2026-04-20T07:35:34.063+0800][gc,phases   ] GC(17)   Merge Heap Roots: 0.56ms
[2026-04-20T07:35:34.063+0800][gc,phases   ] GC(17)   Evacuate Collection Set: 36.60ms
[2026-04-20T07:35:34.063+0800][gc,phases   ] GC(17)   Post Evacuate Collection Set: 3.06ms
[2026-04-20T07:35:34.067+0800][gc,phases   ] GC(17)   Other: 2.98ms
[2026-04-20T07:35:34.067+0800][gc,heap     ] GC(17) Eden regions: 249->0(249)
[2026-04-20T07:35:34.067+0800][gc,heap     ] GC(17) Survivor regions: 7->7(32)
[2026-04-20T07:35:34.067+0800][gc,heap     ] GC(17) Old regions: 51->51
[2026-04-20T07:35:34.067+0800][gc,heap     ] GC(17) Archive regions: 2->2
[2026-04-20T07:35:34.067+0800][gc,heap     ] GC(17) Humongous regions: 2->2
[2026-04-20T07:35:34.067+0800][gc,metaspace] GC(17) Metaspace: 78573K(79104K)->78573K(79104K) NonClass: 69032K(69312K)->69032K(69312K) Class: 9540K(9792K)->9540K(9792K)
[2026-04-20T07:35:34.067+0800][gc          ] GC(17) Pause Young (Normal) (G1 Evacuation Pause) 309M->60M(512M) 47.625ms
[2026-04-20T07:35:34.067+0800][gc,cpu      ] GC(17) User=0.03s Sys=0.10s Real=0.04s
[2026-04-20T08:41:11.269+0800][gc,start    ] GC(18) Pause Young (Normal) (G1 Evacuation Pause)
[2026-04-20T08:41:11.269+0800][gc,task     ] GC(18) Using 9 workers of 9 for evacuation
[2026-04-20T08:41:11.321+0800][gc,phases   ] GC(18)   Pre Evacuate Collection Set: 6.60ms
[2026-04-20T08:41:11.322+0800][gc,phases   ] GC(18)   Merge Heap Roots: 1.17ms
[2026-04-20T08:41:11.322+0800][gc,phases   ] GC(18)   Evacuate Collection Set: 42.45ms
[2026-04-20T08:41:11.322+0800][gc,phases   ] GC(18)   Post Evacuate Collection Set: 1.36ms
[2026-04-20T08:41:11.322+0800][gc,phases   ] GC(18)   Other: 1.76ms
[2026-04-20T08:41:11.322+0800][gc,heap     ] GC(18) Eden regions: 249->0(239)
[2026-04-20T08:41:11.322+0800][gc,heap     ] GC(18) Survivor regions: 7->17(32)
[2026-04-20T08:41:11.322+0800][gc,heap     ] GC(18) Old regions: 51->51
[2026-04-20T08:41:11.322+0800][gc,heap     ] GC(18) Archive regions: 2->2
[2026-04-20T08:41:11.322+0800][gc,heap     ] GC(18) Humongous regions: 12->12
[2026-04-20T08:41:11.322+0800][gc,metaspace] GC(18) Metaspace: 81726K(82368K)->81726K(82368K) NonClass: 71899K(72192K)->71899K(72192K) Class: 9826K(10176K)->9826K(10176K)
[2026-04-20T08:41:11.322+0800][gc          ] GC(18) Pause Young (Normal) (G1 Evacuation Pause) 319M->80M(512M) 53.111ms
[2026-04-20T08:41:11.322+0800][gc,cpu      ] GC(18) User=0.04s Sys=0.12s Real=0.06s
[2026-04-20T09:44:41.467+0800][gc,start    ] GC(19) Pause Young (Normal) (G1 Evacuation Pause)
[2026-04-20T09:44:41.468+0800][gc,task     ] GC(19) Using 9 workers of 9 for evacuation
[2026-04-20T09:44:41.509+0800][gc,phases   ] GC(19)   Pre Evacuate Collection Set: 2.49ms
[2026-04-20T09:44:41.509+0800][gc,phases   ] GC(19)   Merge Heap Roots: 0.53ms
[2026-04-20T09:44:41.509+0800][gc,phases   ] GC(19)   Evacuate Collection Set: 35.53ms
[2026-04-20T09:44:41.509+0800][gc,phases   ] GC(19)   Post Evacuate Collection Set: 1.46ms
[2026-04-20T09:44:41.509+0800][gc,phases   ] GC(19)   Other: 1.49ms
[2026-04-20T09:44:41.509+0800][gc,heap     ] GC(19) Eden regions: 239->0(239)
[2026-04-20T09:44:41.509+0800][gc,heap     ] GC(19) Survivor regions: 17->17(32)
[2026-04-20T09:44:41.509+0800][gc,heap     ] GC(19) Old regions: 51->51
[2026-04-20T09:44:41.509+0800][gc,heap     ] GC(19) Archive regions: 2->2
[2026-04-20T09:44:41.509+0800][gc,heap     ] GC(19) Humongous regions: 12->12
[2026-04-20T09:44:41.509+0800][gc,metaspace] GC(19) Metaspace: 81787K(82432K)->81787K(82432K) NonClass: 71959K(72256K)->71959K(72256K) Class: 9827K(10176K)->9827K(10176K)
[2026-04-20T09:44:41.509+0800][gc          ] GC(19) Pause Young (Normal) (G1 Evacuation Pause) 319M->80M(512M) 41.453ms
[2026-04-20T09:44:41.509+0800][gc,cpu      ] GC(19) User=0.03s Sys=0.06s Real=0.04s
[2026-04-20T10:48:36.512+0800][gc,start    ] GC(20) Pause Young (Normal) (G1 Evacuation Pause)
[2026-04-20T10:48:36.513+0800][gc,task     ] GC(20) Using 9 workers of 9 for evacuation
[2026-04-20T10:48:36.574+0800][gc,phases   ] GC(20)   Pre Evacuate Collection Set: 2.62ms
[2026-04-20T10:48:36.574+0800][gc,phases   ] GC(20)   Merge Heap Roots: 0.25ms
[2026-04-20T10:48:36.574+0800][gc,phases   ] GC(20)   Evacuate Collection Set: 54.94ms
[2026-04-20T10:48:36.574+0800][gc,phases   ] GC(20)   Post Evacuate Collection Set: 2.37ms
[2026-04-20T10:48:36.574+0800][gc,phases   ] GC(20)   Other: 3.19ms
[2026-04-20T10:48:36.574+0800][gc,heap     ] GC(20) Eden regions: 239->0(239)
[2026-04-20T10:48:36.574+0800][gc,heap     ] GC(20) Survivor regions: 17->17(32)
[2026-04-20T10:48:36.574+0800][gc,heap     ] GC(20) Old regions: 51->51
[2026-04-20T10:48:36.574+0800][gc,heap     ] GC(20) Archive regions: 2->2
[2026-04-20T10:48:36.574+0800][gc,heap     ] GC(20) Humongous regions: 12->12
[2026-04-20T10:48:36.574+0800][gc,metaspace] GC(20) Metaspace: 81821K(82496K)->81821K(82496K) NonClass: 71993K(72320K)->71993K(72320K) Class: 9828K(10176K)->9828K(10176K)
[2026-04-20T10:48:36.574+0800][gc          ] GC(20) Pause Young (Normal) (G1 Evacuation Pause) 319M->80M(512M) 63.312ms
[2026-04-20T10:48:36.574+0800][gc,cpu      ] GC(20) User=0.05s Sys=0.13s Real=0.06s
[2026-04-20T11:52:20.800+0800][gc,start    ] GC(21) Pause Young (Normal) (G1 Evacuation Pause)
[2026-04-20T11:52:20.801+0800][gc,task     ] GC(21) Using 9 workers of 9 for evacuation
[2026-04-20T11:52:20.844+0800][gc,phases   ] GC(21)   Pre Evacuate Collection Set: 1.05ms
[2026-04-20T11:52:20.845+0800][gc,phases   ] GC(21)   Merge Heap Roots: 0.23ms
[2026-04-20T11:52:20.845+0800][gc,phases   ] GC(21)   Evacuate Collection Set: 40.49ms
[2026-04-20T11:52:20.845+0800][gc,phases   ] GC(21)   Post Evacuate Collection Set: 1.48ms
[2026-04-20T11:52:20.845+0800][gc,phases   ] GC(21)   Other: 2.60ms
[2026-04-20T11:52:20.845+0800][gc,heap     ] GC(21) Eden regions: 239->0(238)
[2026-04-20T11:52:20.845+0800][gc,heap     ] GC(21) Survivor regions: 17->18(32)
[2026-04-20T11:52:20.845+0800][gc,heap     ] GC(21) Old regions: 51->51
[2026-04-20T11:52:20.845+0800][gc,heap     ] GC(21) Archive regions: 2->2
[2026-04-20T11:52:20.845+0800][gc,heap     ] GC(21) Humongous regions: 12->12
[2026-04-20T11:52:20.845+0800][gc,metaspace] GC(21) Metaspace: 81826K(82496K)->81826K(82496K) NonClass: 71997K(72320K)->71997K(72320K) Class: 9828K(10176K)->9828K(10176K)
[2026-04-20T11:52:20.845+0800][gc          ] GC(21) Pause Young (Normal) (G1 Evacuation Pause) 319M->81M(512M) 45.649ms
[2026-04-20T11:52:20.845+0800][gc,cpu      ] GC(21) User=0.04s Sys=0.12s Real=0.05s
[2026-04-20T12:55:17.416+0800][gc,start    ] GC(22) Pause Young (Normal) (G1 Evacuation Pause)
[2026-04-20T12:55:17.417+0800][gc,task     ] GC(22) Using 9 workers of 9 for evacuation
[2026-04-20T12:55:17.462+0800][gc,phases   ] GC(22)   Pre Evacuate Collection Set: 5.06ms
[2026-04-20T12:55:17.462+0800][gc,phases   ] GC(22)   Merge Heap Roots: 0.98ms
[2026-04-20T12:55:17.462+0800][gc,phases   ] GC(22)   Evacuate Collection Set: 36.03ms
[2026-04-20T12:55:17.462+0800][gc,phases   ] GC(22)   Post Evacuate Collection Set: 2.03ms
[2026-04-20T12:55:17.462+0800][gc,phases   ] GC(22)   Other: 2.09ms
[2026-04-20T12:55:17.462+0800][gc,heap     ] GC(22) Eden regions: 238->0(238)
[2026-04-20T12:55:17.462+0800][gc,heap     ] GC(22) Survivor regions: 18->18(32)
[2026-04-20T12:55:17.462+0800][gc,heap     ] GC(22) Old regions: 51->51
[2026-04-20T12:55:17.462+0800][gc,heap     ] GC(22) Archive regions: 2->2
[2026-04-20T12:55:17.462+0800][gc,heap     ] GC(22) Humongous regions: 12->12
[2026-04-20T12:55:17.462+0800][gc,metaspace] GC(22) Metaspace: 81838K(82496K)->81838K(82496K) NonClass: 72010K(72320K)->72010K(72320K) Class: 9828K(10176K)->9828K(10176K)
[2026-04-20T12:55:17.462+0800][gc          ] GC(22) Pause Young (Normal) (G1 Evacuation Pause) 319M->81M(512M) 46.135ms
[2026-04-20T12:55:17.462+0800][gc,cpu      ] GC(22) User=0.03s Sys=0.08s Real=0.05s
[2026-04-20T13:58:13.838+0800][gc,start    ] GC(23) Pause Young (Normal) (G1 Evacuation Pause)
[2026-04-20T13:58:13.839+0800][gc,task     ] GC(23) Using 9 workers of 9 for evacuation
[2026-04-20T13:58:13.903+0800][gc,phases   ] GC(23)   Pre Evacuate Collection Set: 5.44ms
[2026-04-20T13:58:13.903+0800][gc,phases   ] GC(23)   Merge Heap Roots: 1.01ms
[2026-04-20T13:58:13.903+0800][gc,phases   ] GC(23)   Evacuate Collection Set: 53.10ms
[2026-04-20T13:58:13.903+0800][gc,phases   ] GC(23)   Post Evacuate Collection Set: 3.10ms
[2026-04-20T13:58:13.903+0800][gc,phases   ] GC(23)   Other: 3.19ms
[2026-04-20T13:58:13.903+0800][gc,heap     ] GC(23) Eden regions: 238->0(239)
[2026-04-20T13:58:13.903+0800][gc,heap     ] GC(23) Survivor regions: 18->17(32)
[2026-04-20T13:58:13.903+0800][gc,heap     ] GC(23) Old regions: 51->51
[2026-04-20T13:58:13.903+0800][gc,heap     ] GC(23) Archive regions: 2->2
[2026-04-20T13:58:13.903+0800][gc,heap     ] GC(23) Humongous regions: 12->12
[2026-04-20T13:58:13.903+0800][gc,metaspace] GC(23) Metaspace: 81869K(82496K)->81869K(82496K) NonClass: 72040K(72320K)->72040K(72320K) Class: 9829K(10176K)->9829K(10176K)
[2026-04-20T13:58:13.903+0800][gc          ] GC(23) Pause Young (Normal) (G1 Evacuation Pause) 319M->80M(512M) 65.574ms
[2026-04-20T13:58:13.903+0800][gc,cpu      ] GC(23) User=0.04s Sys=0.12s Real=0.07s
[2026-04-20T15:02:25.399+0800][gc,start    ] GC(24) Pause Young (Normal) (G1 Evacuation Pause)
[2026-04-20T15:02:25.399+0800][gc,task     ] GC(24) Using 9 workers of 9 for evacuation
[2026-04-20T15:02:25.432+0800][gc,phases   ] GC(24)   Pre Evacuate Collection Set: 1.65ms
[2026-04-20T15:02:25.432+0800][gc,phases   ] GC(24)   Merge Heap Roots: 0.29ms
[2026-04-20T15:02:25.432+0800][gc,phases   ] GC(24)   Evacuate Collection Set: 29.01ms
[2026-04-20T15:02:25.432+0800][gc,phases   ] GC(24)   Post Evacuate Collection Set: 2.03ms
[2026-04-20T15:02:25.432+0800][gc,phases   ] GC(24)   Other: 1.03ms
[2026-04-20T15:02:25.432+0800][gc,heap     ] GC(24) Eden regions: 239->0(239)
[2026-04-20T15:02:25.432+0800][gc,heap     ] GC(24) Survivor regions: 17->17(32)
[2026-04-20T15:02:25.432+0800][gc,heap     ] GC(24) Old regions: 51->51
[2026-04-20T15:02:25.432+0800][gc,heap     ] GC(24) Archive regions: 2->2
[2026-04-20T15:02:25.432+0800][gc,heap     ] GC(24) Humongous regions: 12->12
[2026-04-20T15:02:25.432+0800][gc,metaspace] GC(24) Metaspace: 81877K(82496K)->81877K(82496K) NonClass: 72048K(72320K)->72048K(72320K) Class: 9829K(10176K)->9829K(10176K)
[2026-04-20T15:02:25.432+0800][gc          ] GC(24) Pause Young (Normal) (G1 Evacuation Pause) 319M->80M(512M) 34.020ms
[2026-04-20T15:02:25.432+0800][gc,cpu      ] GC(24) User=0.03s Sys=0.08s Real=0.04s
[2026-04-20T16:06:02.921+0800][gc,start    ] GC(25) Pause Young (Normal) (G1 Evacuation Pause)
[2026-04-20T16:06:02.922+0800][gc,task     ] GC(25) Using 9 workers of 9 for evacuation
[2026-04-20T16:06:02.964+0800][gc,phases   ] GC(25)   Pre Evacuate Collection Set: 0.73ms
[2026-04-20T16:06:02.964+0800][gc,phases   ] GC(25)   Merge Heap Roots: 0.19ms
[2026-04-20T16:06:02.964+0800][gc,phases   ] GC(25)   Evacuate Collection Set: 39.17ms
[2026-04-20T16:06:02.964+0800][gc,phases   ] GC(25)   Post Evacuate Collection Set: 1.53ms
[2026-04-20T16:06:02.964+0800][gc,phases   ] GC(25)   Other: 3.46ms
[2026-04-20T16:06:02.964+0800][gc,heap     ] GC(25) Eden regions: 239->0(238)
[2026-04-20T16:06:02.964+0800][gc,heap     ] GC(25) Survivor regions: 17->18(32)
[2026-04-20T16:06:02.964+0800][gc,heap     ] GC(25) Old regions: 51->51
[2026-04-20T16:06:02.964+0800][gc,heap     ] GC(25) Archive regions: 2->2
[2026-04-20T16:06:02.964+0800][gc,heap     ] GC(25) Humongous regions: 12->12
[2026-04-20T16:06:02.964+0800][gc,metaspace] GC(25) Metaspace: 81898K(82560K)->81898K(82560K) NonClass: 72069K(72384K)->72069K(72384K) Class: 9829K(10176K)->9829K(10176K)
[2026-04-20T16:06:02.964+0800][gc          ] GC(25) Pause Young (Normal) (G1 Evacuation Pause) 319M->81M(512M) 44.848ms
[2026-04-20T16:06:02.964+0800][gc,cpu      ] GC(25) User=0.04s Sys=0.12s Real=0.05s
